<html>
<body>
<pre>
<h1>µVision Build Log</h1>
<h2>Tool Versions:</h2>
IDE-Version: ¦ÌVision V5.26.2.0
Copyright (C) 2018 ARM Ltd and ARM Germany GmbH. All rights reserved.
License Information: 11 11, 111, LIC=9WSKC-7QHN9-CXSU6-DKSJT-HKEDN-NYBA8
 
Tool Versions:
Toolchain:       MDK-ARM Plus  Version: 5.26.2.0
Toolchain Path:  E:\keil5\ARM\ARMCC\Bin
C Compiler:      Armcc.exe V5.06 update 6 (build 750)
Assembler:       Armasm.exe V5.06 update 6 (build 750)
Linker/Locator:  ArmLink.exe V5.06 update 6 (build 750)
Library Manager: ArmAr.exe V5.06 update 6 (build 750)
Hex Converter:   FromElf.exe V5.06 update 6 (build 750)
CPU DLL:         SARMCM3.DLL V5.26.2.0
Dialog DLL:      DCM.DLL V1.17.2.0
Target DLL:      STLink\ST-LINKIII-KEIL_SWO.dll V3.0.5.0
Dialog DLL:      TCM.DLL V1.36.1.0
 
<h2>Project:</h2>
H:\work test\STM32_F4_CODE\FATFS_SD\MDK-ARM\FATFS_SD.uvprojx
Project File Date:  10/08/2021

<h2>Output:</h2>
*** Using Compiler 'V5.06 update 6 (build 750)', folder: 'E:\keil5\ARM\ARMCC\Bin'
Build target 'FATFS_SD'
compiling rtc.c...
..\Src\tools\log.h(14): warning:  #1295-D: Deprecated declaration Log_init - give arg types
  void Log_init();
..\Src\drv\rtc\rtc.c: 1 warning, 0 errors
compiling low_power.c...
..\Src\tools\log.h(14): warning:  #1295-D: Deprecated declaration Log_init - give arg types
  void Log_init();
..\Src\drv\standby\low_power.c: 1 warning, 0 errors
linking...
Program Size: Code=251208 RO-data=16696 RW-data=880 ZI-data=198492  
FromELF: creating hex file...
"FATFS_SD\FATFS_SD.axf" - 0 Error(s), 2 Warning(s).

<h2>Software Packages used:</h2>

Package Vendor: ARM
                http://www.keil.com/pack/ARM.CMSIS.5.4.0.pack
                ARM.CMSIS.5.4.0
                CMSIS (Cortex Microcontroller Software Interface Standard)
   * Component: CORE Version: 5.1.2

Package Vendor: Keil
                http://www.keil.com/pack/Keil.STM32F4xx_DFP.2.14.0.pack
                Keil.STM32F4xx_DFP.2.14.0
                STMicroelectronics STM32F4 Series Device Support, Drivers and Examples

<h2>Collection of Component include folders:</h2>
  .\RTE\_FATFS_SD
  E:\keil5\ARM\PACK\ARM\CMSIS\5.4.0\CMSIS\Core\Include
  E:\keil5\ARM\PACK\Keil\STM32F4xx_DFP\2.14.0\Drivers\CMSIS\Device\ST\STM32F4xx\Include

<h2>Collection of Component Files used:</h2>

   * Component: ARM::CMSIS:CORE:5.1.2
Build Time Elapsed:  00:00:05
</pre>
</body>
</html>
