Component: ARM Compiler 5.06 update 6 (build 750) Tool: armlink [4d35ed]

==============================================================================

Section Cross References

    startup_stm32f429xx.o(RESET) refers to startup_stm32f429xx.o(STACK) for __initial_sp
    startup_stm32f429xx.o(RESET) refers to startup_stm32f429xx.o(.text) for Reset_Handler
    startup_stm32f429xx.o(RESET) refers to stm32f4xx_it.o(i.NMI_Handler) for NMI_Handler
    startup_stm32f429xx.o(RESET) refers to stm32f4xx_it.o(i.HardFault_Handler) for HardFault_Handler
    startup_stm32f429xx.o(RESET) refers to stm32f4xx_it.o(i.MemManage_Handler) for MemManage_Handler
    startup_stm32f429xx.o(RESET) refers to stm32f4xx_it.o(i.BusFault_Handler) for BusFault_Handler
    startup_stm32f429xx.o(RESET) refers to stm32f4xx_it.o(i.UsageFault_Handler) for UsageFault_Handler
    startup_stm32f429xx.o(RESET) refers to port.o(.emb_text) for SVC_Handler
    startup_stm32f429xx.o(RESET) refers to stm32f4xx_it.o(i.DebugMon_Handler) for DebugMon_Handler
    startup_stm32f429xx.o(RESET) refers to port.o(i.SysTick_Handler) for SysTick_Handler
    startup_stm32f429xx.o(RESET) refers to stm32f4xx_it.o(i.TIM3_IRQHandler) for TIM3_IRQHandler
    startup_stm32f429xx.o(RESET) refers to stm32f4xx_it.o(i.TIM4_IRQHandler) for TIM4_IRQHandler
    startup_stm32f429xx.o(RESET) refers to stm32f4xx_it.o(i.SDIO_IRQHandler) for SDIO_IRQHandler
    startup_stm32f429xx.o(RESET) refers to stm32f4xx_it.o(i.DMA2_Stream3_IRQHandler) for DMA2_Stream3_IRQHandler
    startup_stm32f429xx.o(RESET) refers to stm32f4xx_it.o(i.DMA2_Stream6_IRQHandler) for DMA2_Stream6_IRQHandler
    startup_stm32f429xx.o(.text) refers to system_stm32f4xx.o(i.SystemInit) for SystemInit
    startup_stm32f429xx.o(.text) refers to entry.o(.ARM.Collect$$$$00000000) for __main
    main.o(i.MX_GPIO_Init) refers to memseta.o(.text) for __aeabi_memclr4
    main.o(i.MX_GPIO_Init) refers to stm32f4xx_hal_gpio.o(i.HAL_GPIO_Init) for HAL_GPIO_Init
    main.o(i.StartDefaultTask) refers to cmsis_os.o(i.osDelay) for osDelay
    main.o(i.SystemClock_Config) refers to memseta.o(.text) for __aeabi_memclr4
    main.o(i.SystemClock_Config) refers to stm32f4xx_hal_rcc.o(i.HAL_RCC_OscConfig) for HAL_RCC_OscConfig
    main.o(i.SystemClock_Config) refers to main.o(i.Error_Handler) for Error_Handler
    main.o(i.SystemClock_Config) refers to stm32f4xx_hal_pwr_ex.o(i.HAL_PWREx_EnableOverDrive) for HAL_PWREx_EnableOverDrive
    main.o(i.SystemClock_Config) refers to stm32f4xx_hal_rcc.o(i.HAL_RCC_ClockConfig) for HAL_RCC_ClockConfig
    main.o(i.main) refers to stm32f4xx_hal.o(i.HAL_Init) for HAL_Init
    main.o(i.main) refers to main.o(i.SystemClock_Config) for SystemClock_Config
    main.o(i.main) refers to log.o(i.Log_init) for Log_init
    main.o(i.main) refers to main.o(i.MX_GPIO_Init) for MX_GPIO_Init
    main.o(i.main) refers to sdio.o(i.MX_DMA_Init) for MX_DMA_Init
    main.o(i.main) refers to sdio.o(i.MX_SDIO_SD_Init) for MX_SDIO_SD_Init
    main.o(i.main) refers to usart.o(i.MX_USART1_UART_Init) for MX_USART1_UART_Init
    main.o(i.main) refers to fatfs.o(i.MX_FATFS_Init) for MX_FATFS_Init
    main.o(i.main) refers to fmc.o(i.MX_FMC_Init) for MX_FMC_Init
    main.o(i.main) refers to key.o(i.KEY_Init) for KEY_Init
    main.o(i.main) refers to tftlcd_arg.o(i.LCD_Init) for LCD_Init
    main.o(i.main) refers to tftlcd_arg.o(i.LCD_ShowString) for LCD_ShowString
    main.o(i.main) refers to freertos.o(i.MX_FREERTOS_Init) for MX_FREERTOS_Init
    main.o(i.main) refers to memcpya.o(.text) for __aeabi_memcpy4
    main.o(i.main) refers to cmsis_os.o(i.osThreadCreate) for osThreadCreate
    main.o(i.main) refers to cmsis_os.o(i.osKernelStart) for osKernelStart
    main.o(i.main) refers to main.o(.constdata) for .constdata
    main.o(i.main) refers to main.o(.data) for defaultTaskHandle
    main.o(.constdata) refers to main.o(.conststring) for .conststring
    main.o(.constdata) refers to main.o(i.StartDefaultTask) for StartDefaultTask
    freertos.o(i.MX_FREERTOS_Init) refers to freertos.o(i.StartTask) for StartTask
    freertos.o(i.StartTask) refers to printf8.o(i.__0printf$8) for __2printf
    freertos.o(i.StartTask) refers to tftlcd_opr.o(i.create_tftlcd_task) for create_tftlcd_task
    freertos.o(i.StartTask) refers to sd_card_opr.o(i.create_sd_card_task) for create_sd_card_task
    freertos.o(i.TaskGetStackHighWaterMark) refers to tasks.o(i.uxTaskGetStackHighWaterMark) for uxTaskGetStackHighWaterMark
    freertos.o(i.vApplicationGetIdleTaskMemory) refers to freertos.o(.bss) for xIdleTaskTCBBuffer
    stm32f4xx_it.o(i.DMA2_Stream3_IRQHandler) refers to stm32f4xx_hal_dma.o(i.HAL_DMA_IRQHandler) for HAL_DMA_IRQHandler
    stm32f4xx_it.o(i.DMA2_Stream3_IRQHandler) refers to sdio.o(.bss) for hdma_sdio_rx
    stm32f4xx_it.o(i.DMA2_Stream6_IRQHandler) refers to stm32f4xx_hal_dma.o(i.HAL_DMA_IRQHandler) for HAL_DMA_IRQHandler
    stm32f4xx_it.o(i.DMA2_Stream6_IRQHandler) refers to sdio.o(.bss) for hdma_sdio_tx
[...]
    strncmp                                  0x08000387   Thumb Code    30  strncmp.o(.text)
    __aeabi_dmul                             0x080003a5   Thumb Code   228  dmul.o(.text)
    __aeabi_ui2d                             0x08000489   Thumb Code    26  dfltui.o(.text)
    __aeabi_d2uiz                            0x080004a3   Thumb Code    50  dfixui.o(.text)
    __aeabi_llsl                             0x080004d5   Thumb Code    30  llshl.o(.text)
    _ll_shift_l                              0x080004d5   Thumb Code     0  llshl.o(.text)
    __aeabi_llsr                             0x080004f3   Thumb Code    32  llushr.o(.text)
    _ll_ushift_r                             0x080004f3   Thumb Code     0  llushr.o(.text)
    __I$use$fp                               0x08000513   Thumb Code     0  iusefp.o(.text)
    _double_round                            0x08000513   Thumb Code    30  depilogue.o(.text)
    _double_epilogue                         0x08000531   Thumb Code   156  depilogue.o(.text)
    __scatterload                            0x080005cd   Thumb Code    28  init.o(.text)
    __scatterload_rt2                        0x080005cd   Thumb Code     0  init.o(.text)
    __decompress                             0x080005f1   Thumb Code     0  __dczerorl2.o(.text)
    __decompress1                            0x080005f1   Thumb Code    86  __dczerorl2.o(.text)
    AddIgnorTask                             0x08000649   Thumb Code    78  osmonit.o(i.AddIgnorTask)
    BSP_SD_AbortCallback                     0x080006a1   Thumb Code     2  bsp_driver_sd.o(i.BSP_SD_AbortCallback)
    BSP_SD_GetCardInfo                       0x080006a5   Thumb Code    14  bsp_driver_sd.o(i.BSP_SD_GetCardInfo)
    BSP_SD_GetCardState                      0x080006b9   Thumb Code    20  bsp_driver_sd.o(i.BSP_SD_GetCardState)
    BSP_SD_Init                              0x080006d1   Thumb Code    44  bsp_driver_sd.o(i.BSP_SD_Init)
    BSP_SD_IsDetected                        0x08000701   Thumb Code    12  bsp_driver_sd.o(i.BSP_SD_IsDetected)
    BSP_SD_ReadBlocks_DMA                    0x0800070d   Thumb Code    34  bsp_driver_sd.o(i.BSP_SD_ReadBlocks_DMA)
    BSP_SD_ReadCpltCallback                  0x08000735   Thumb Code    16  sd_diskio.o(i.BSP_SD_ReadCpltCallback)
    BSP_SD_WriteBlocks_DMA                   0x08000749   Thumb Code    34  bsp_driver_sd.o(i.BSP_SD_WriteBlocks_DMA)
    BSP_SD_WriteCpltCallback                 0x08000771   Thumb Code    16  sd_diskio.o(i.BSP_SD_WriteCpltCallback)
    BusFault_Handler                         0x08000785   Thumb Code     4  stm32f4xx_it.o(i.BusFault_Handler)
    CheckHeapSize                            0x08000789   Thumb Code    80  osmonit.o(i.CheckHeapSize)
    ConfigTimerForRunTimeStats               0x080007dd   Thumb Code    20  tim.o(i.ConfigTimerForRunTimeStats)
    DMA2_Stream3_IRQHandler                  0x080007f5   Thumb Code    10  stm32f4xx_it.o(i.DMA2_Stream3_IRQHandler)
    DMA2_Stream6_IRQHandler                  0x08000805   Thumb Code    10  stm32f4xx_it.o(i.DMA2_Stream6_IRQHandler)
    DebugMon_Handler                         0x0800091f   Thumb Code     2  stm32f4xx_it.o(i.DebugMon_Handler)
    Error_Handler                            0x08000921   Thumb Code     6  main.o(i.Error_Handler)
    EventMonit                               0x08000929   Thumb Code    74  osmonit.o(i.EventMonit)
    FATFS_LinkDriver                         0x08000979   Thumb Code    18  ff_gen_drv.o(i.FATFS_LinkDriver)
    FATFS_LinkDriverEx                       0x0800098d   Thumb Code    78  ff_gen_drv.o(i.FATFS_LinkDriverEx)
    FMC_NORSRAM_Extended_Timing_Init         0x080009e1   Thumb Code    66  stm32f4xx_ll_fmc.o(i.FMC_NORSRAM_Extended_Timing_Init)
    FMC_NORSRAM_Init                         0x08000a29   Thumb Code   112  stm32f4xx_ll_fmc.o(i.FMC_NORSRAM_Init)
    FMC_NORSRAM_Timing_Init                  0x08000a9d   Thumb Code    98  stm32f4xx_ll_fmc.o(i.FMC_NORSRAM_Timing_Init)
    GetSystemStat                            0x08000b01   Thumb Code   174  osmonit.o(i.GetSystemStat)
    HAL_DMA_Abort_IT                         0x08000bb5   Thumb Code    40  stm32f4xx_hal_dma.o(i.HAL_DMA_Abort_IT)
    HAL_DMA_GetError                         0x08000bdd   Thumb Code     6  stm32f4xx_hal_dma.o(i.HAL_DMA_GetError)
    HAL_DMA_IRQHandler                       0x08000be5   Thumb Code   570  stm32f4xx_hal_dma.o(i.HAL_DMA_IRQHandler)
    HAL_DMA_Init                             0x08000e25   Thumb Code   232  stm32f4xx_hal_dma.o(i.HAL_DMA_Init)
    HAL_DMA_Start_IT                         0x08000f11   Thumb Code   146  stm32f4xx_hal_dma.o(i.HAL_DMA_Start_IT)
    HAL_Delay                                0x08000fa5   Thumb Code    36  stm32f4xx_hal.o(i.HAL_Delay)
    HAL_GPIO_Init                            0x0800107d   Thumb Code   486  stm32f4xx_hal_gpio.o(i.HAL_GPIO_Init)
    HAL_GPIO_ReadPin                         0x08001299   Thumb Code    16  stm32f4xx_hal_gpio.o(i.HAL_GPIO_ReadPin)
    HAL_GetTick                              0x080012a9   Thumb Code     6  stm32f4xx_hal.o(i.HAL_GetTick)
    HAL_HalfDuplex_Init                      0x080012b5   Thumb Code   118  stm32f4xx_hal_uart.o(i.HAL_HalfDuplex_Init)
    HAL_IWDG_Init                            0x0800132b   Thumb Code    80  stm32f4xx_hal_iwdg.o(i.HAL_IWDG_Init)
    HAL_IWDG_Refresh                         0x0800137b   Thumb Code    14  stm32f4xx_hal_iwdg.o(i.HAL_IWDG_Refresh)
    HAL_IncTick                              0x08001389   Thumb Code    16  stm32f4xx_hal.o(i.HAL_IncTick)
    HAL_Init                                 0x080013a1   Thumb Code    54  stm32f4xx_hal.o(i.HAL_Init)
    HAL_InitTick                             0x080013dd   Thumb Code   122  stm32f4xx_hal_timebase_tim.o(i.HAL_InitTick)
    HAL_MspInit                              0x08001469   Thumb Code    78  stm32f4xx_hal_msp.o(i.HAL_MspInit)
    HAL_NVIC_EnableIRQ                       0x080014bd   Thumb Code    32  stm32f4xx_hal_cortex.o(i.HAL_NVIC_EnableIRQ)
    HAL_NVIC_SetPriority                     0x080014dd   Thumb Code   124  stm32f4xx_hal_cortex.o(i.HAL_NVIC_SetPriority)
    HAL_NVIC_SetPriorityGrouping             0x08001559   Thumb Code    32  stm32f4xx_hal_cortex.o(i.HAL_NVIC_SetPriorityGrouping)
    HAL_NVIC_SystemReset                     0x08001581   Thumb Code    60  stm32f4xx_hal_cortex.o(i.HAL_NVIC_SystemReset)
    HAL_PWREx_EnableOverDrive                0x080015c5   Thumb Code   128  stm32f4xx_hal_pwr_ex.o(i.HAL_PWREx_EnableOverDrive)
    HAL_RCC_ClockConfig                      0x08001651   Thumb Code   368  stm32f4xx_hal_rcc.o(i.HAL_RCC_ClockConfig)
    HAL_RCC_GetClockConfig                   0x080017d5   Thumb Code    58  stm32f4xx_hal_rcc.o(i.HAL_RCC_GetClockConfig)
    HAL_RCC_GetHCLKFreq                      0x08001819   Thumb Code     6  stm32f4xx_hal_rcc.o(i.HAL_RCC_GetHCLKFreq)
    HAL_RCC_GetPCLK1Freq                     0x08001825   Thumb Code    22  stm32f4xx_hal_rcc.o(i.HAL_RCC_GetPCLK1Freq)
    HAL_RCC_GetPCLK2Freq                     0x08001845   Thumb Code    22  stm32f4xx_hal_rcc.o(i.HAL_RCC_GetPCLK2Freq)
    HAL_RCC_GetSysClockFreq                  0x08001865   Thumb Code   162  stm32f4xx_hal_rcc.o(i.HAL_RCC_GetSysClockFreq)
    HAL_RCC_OscConfig                        0x08001915   Thumb Code  1152  stm32f4xx_hal_rcc.o(i.HAL_RCC_OscConfig)
    HAL_SD_AbortCallback                     0x08001d9d   Thumb Code    10  bsp_driver_sd.o(i.HAL_SD_AbortCallback)
    HAL_SD_ConfigWideBusOperation            0x08001da9   Thumb Code   164  stm32f4xx_hal_sd.o(i.HAL_SD_ConfigWideBusOperation)
    HAL_SD_ErrorCallback                     0x08001e51   Thumb Code     2  stm32f4xx_hal_sd.o(i.HAL_SD_ErrorCallback)
    HAL_SD_GetCardCSD                        0x08001e55   Thumb Code   450  stm32f4xx_hal_sd.o(i.HAL_SD_GetCardCSD)
    HAL_SD_GetCardInfo                       0x0800201d   Thumb Code    38  stm32f4xx_hal_sd.o(i.HAL_SD_GetCardInfo)
    HAL_SD_GetCardState                      0x08002043   Thumb Code    36  stm32f4xx_hal_sd.o(i.HAL_SD_GetCardState)
    HAL_SD_IRQHandler                        0x08002069   Thumb Code   530  stm32f4xx_hal_sd.o(i.HAL_SD_IRQHandler)
    HAL_SD_Init                              0x08002285   Thumb Code    60  stm32f4xx_hal_sd.o(i.HAL_SD_Init)
    HAL_SD_InitCard                          0x080022c1   Thumb Code   128  stm32f4xx_hal_sd.o(i.HAL_SD_InitCard)
    HAL_SD_MspInit                           0x08002345   Thumb Code   366  sdio.o(i.HAL_SD_MspInit)
    HAL_SD_ReadBlocks_DMA                    0x080024d1   Thumb Code   322  stm32f4xx_hal_sd.o(i.HAL_SD_ReadBlocks_DMA)
    HAL_SD_RxCpltCallback                    0x08002625   Thumb Code    10  bsp_driver_sd.o(i.HAL_SD_RxCpltCallback)
    HAL_SD_TxCpltCallback                    0x0800262f   Thumb Code    10  bsp_driver_sd.o(i.HAL_SD_TxCpltCallback)
    HAL_SD_WriteBlocks_DMA                   0x08002639   Thumb Code   328  stm32f4xx_hal_sd.o(i.HAL_SD_WriteBlocks_DMA)
    HAL_SRAM_Init                            0x08002791   Thumb Code    88  stm32f4xx_hal_sram.o(i.HAL_SRAM_Init)
    HAL_SRAM_MspInit                         0x080027e9   Thumb Code    10  fmc.o(i.HAL_SRAM_MspInit)
    HAL_TIMEx_BreakCallback                  0x080027f3   Thumb Code     2  stm32f4xx_hal_tim_ex.o(i.HAL_TIMEx_BreakCallback)
    HAL_TIMEx_CommutCallback                 0x080027f5   Thumb Code     2  stm32f4xx_hal_tim_ex.o(i.HAL_TIMEx_CommutCallback)
    HAL_TIMEx_MasterConfigSynchronization    0x080027f9   Thumb Code   150  stm32f4xx_hal_tim_ex.o(i.HAL_TIMEx_MasterConfigSynchronization)
    HAL_TIM_Base_Init                        0x080028ad   Thumb Code    52  stm32f4xx_hal_tim.o(i.HAL_TIM_Base_Init)
    HAL_TIM_Base_MspInit                     0x080028e1   Thumb Code    62  tim.o(i.HAL_TIM_Base_MspInit)
    HAL_TIM_Base_Start_IT                    0x08002929   Thumb Code    42  stm32f4xx_hal_tim.o(i.HAL_TIM_Base_Start_IT)
    HAL_TIM_ConfigClockSource                0x08002953   Thumb Code   264  stm32f4xx_hal_tim.o(i.HAL_TIM_ConfigClockSource)
    HAL_TIM_IC_CaptureCallback               0x08002a5b   Thumb Code     2  stm32f4xx_hal_tim.o(i.HAL_TIM_IC_CaptureCallback)
    HAL_TIM_IRQHandler                       0x08002a5d   Thumb Code   406  stm32f4xx_hal_tim.o(i.HAL_TIM_IRQHandler)
    HAL_TIM_OC_DelayElapsedCallback          0x08002bf3   Thumb Code     2  stm32f4xx_hal_tim.o(i.HAL_TIM_OC_DelayElapsedCallback)
    HAL_TIM_PWM_PulseFinishedCallback        0x08002bf5   Thumb Code     2  stm32f4xx_hal_tim.o(i.HAL_TIM_PWM_PulseFinishedCallback)
    HAL_TIM_PeriodElapsedCallback            0x08002bf9   Thumb Code    46  tim.o(i.HAL_TIM_PeriodElapsedCallback)
    HAL_TIM_TriggerCallback                  0x08002c35   Thumb Code     2  stm32f4xx_hal_tim.o(i.HAL_TIM_TriggerCallback)
    HAL_UART_MspInit                         0x08002c39   Thumb Code   122  usart.o(i.HAL_UART_MspInit)
    HardFault_Handler                        0x08002cc1   Thumb Code     4  stm32f4xx_it.o(i.HardFault_Handler)
    IWDG_Init                                0x08002cc5   Thumb Code    26  osmonit.o(i.IWDG_Init)
    IWDG_Refresh                             0x08002ce9   Thumb Code    10  osmonit.o(i.IWDG_Refresh)
    IgnorTaskInit                            0x08002cf9   Thumb Code    28  osmonit.o(i.IgnorTaskInit)
    KEY_Init                                 0x08002d19   Thumb Code   162  key.o(i.KEY_Init)
    KEY_Scan                                 0x08002dcd   Thumb Code   192  key.o(i.KEY_Scan)
    LCD_Clear                                0x08002e9d   Thumb Code    42  tftlcd_arg.o(i.LCD_Clear)
    LCD_Display_Dir                          0x08002ed1   Thumb Code   346  tftlcd_arg.o(i.LCD_Display_Dir)
    LCD_Fast_DrawPoint                       0x08003031   Thumb Code   256  tftlcd_arg.o(i.LCD_Fast_DrawPoint)
    LCD_Init                                 0x08003139   Thumb Code  9072  tftlcd_arg.o(i.LCD_Init)
    LCD_RD_DATA                              0x080054b5   Thumb Code    14  tftlcd_arg.o(i.LCD_RD_DATA)
    LCD_SSD_BackLightSet                     0x080054c9   Thumb Code    88  tftlcd_arg.o(i.LCD_SSD_BackLightSet)
    LCD_Scan_Dir                             0x08005529   Thumb Code   624  tftlcd_arg.o(i.LCD_Scan_Dir)
    LCD_SetCursor                            0x0800579d   Thumb Code   306  tftlcd_arg.o(i.LCD_SetCursor)
    LCD_ShowChar                             0x080058d5   Thumb Code   340  tftlcd_arg.o(i.LCD_ShowChar)
    LCD_ShowString                           0x08005acd   Thumb Code   108  tftlcd_arg.o(i.LCD_ShowString)
    LCD_WR_DATA                              0x08005b39   Thumb Code    18  tftlcd_arg.o(i.LCD_WR_DATA)
    LCD_WR_REG                               0x08005b51   Thumb Code    18  tftlcd_arg.o(i.LCD_WR_REG)
    LCD_WriteRAM_Prepare                     0x08005b69   Thumb Code    10  tftlcd_arg.o(i.LCD_WriteRAM_Prepare)
    LCD_WriteReg                             0x08005b7d   Thumb Code    10  tftlcd_arg.o(i.LCD_WriteReg)
    LogGiveMutex                             0x08005b8d   Thumb Code    18  log.o(i.LogGiveMutex)
    LogTakeMutex                             0x08005ba5   Thumb Code    26  log.o(i.LogTakeMutex)
    Log_init                                 0x08005bc5   Thumb Code    44  log.o(i.Log_init)
    MX_DMA_Init                              0x08005c45   Thumb Code    68  sdio.o(i.MX_DMA_Init)
    MX_FATFS_Init                            0x08005c8d   Thumb Code    18  fatfs.o(i.MX_FATFS_Init)
    MX_FMC_Init                              0x08005ca9   Thumb Code   114  fmc.o(i.MX_FMC_Init)
    MX_FREERTOS_Init                         0x08005d25   Thumb Code     8  freertos.o(i.MX_FREERTOS_Init)
    MX_SDIO_SD_Init                          0x08005e31   Thumb Code    28  sdio.o(i.MX_SDIO_SD_Init)
    MX_TIM3_Init                             0x08005e55   Thumb Code   164  tim.o(i.MX_TIM3_Init)
    MX_USART1_UART_Init                      0x08005f45   Thumb Code    46  usart.o(i.MX_USART1_UART_Init)
    MemManage_Handler                        0x08005f7d   Thumb Code     4  stm32f4xx_it.o(i.MemManage_Handler)
    NMI_Handler                              0x08005f81   Thumb Code     4  stm32f4xx_it.o(i.NMI_Handler)
    OSMonitInit                              0x08005f85   Thumb Code    22  osmonit.o(i.OSMonitInit)
    OSMonitTask                              0x08005fa5   Thumb Code    62  osmonit.o(i.OSMonitTask)
    RunCallback                              0x08005fe9   Thumb Code    84  osmonit.o(i.RunCallback)
    RunFunction                              0x08006045   Thumb Code    30  osmonit.o(i.RunFunction)
    SDIO_ConfigData                          0x08006063   Thumb Code    44  stm32f4xx_ll_sdmmc.o(i.SDIO_ConfigData)
    SDIO_GetCommandResponse                  0x0800608f   Thumb Code     8  stm32f4xx_ll_sdmmc.o(i.SDIO_GetCommandResponse)
    SDIO_GetPowerState                       0x08006097   Thumb Code    10  stm32f4xx_ll_sdmmc.o(i.SDIO_GetPowerState)
    SDIO_GetResponse                         0x080060a1   Thumb Code    12  stm32f4xx_ll_sdmmc.o(i.SDIO_GetResponse)
    SDIO_IRQHandler                          0x080060ad   Thumb Code    10  stm32f4xx_it.o(i.SDIO_IRQHandler)
    SDIO_Init                                0x080060bd   Thumb Code    52  stm32f4xx_ll_sdmmc.o(i.SDIO_Init)
    SDIO_PowerState_ON                       0x080060f1   Thumb Code    18  stm32f4xx_ll_sdmmc.o(i.SDIO_PowerState_ON)
    SDIO_ReadFIFO                            0x08006103   Thumb Code     8  stm32f4xx_ll_sdmmc.o(i.SDIO_ReadFIFO)
    SDIO_SendCommand                         0x0800610b   Thumb Code    40  stm32f4xx_ll_sdmmc.o(i.SDIO_SendCommand)
    SDIO_WriteFIFO                           0x08006133   Thumb Code    12  stm32f4xx_ll_sdmmc.o(i.SDIO_WriteFIFO)
    SDMMC_CmdAppCommand                      0x0800613f   Thumb Code    56  stm32f4xx_ll_sdmmc.o(i.SDMMC_CmdAppCommand)
    SDMMC_CmdAppOperCommand                  0x08006179   Thumb Code    54  stm32f4xx_ll_sdmmc.o(i.SDMMC_CmdAppOperCommand)
    SDMMC_CmdBlockLength                     0x080061b5   Thumb Code    56  stm32f4xx_ll_sdmmc.o(i.SDMMC_CmdBlockLength)
    SDMMC_CmdBusWidth                        0x080061ed   Thumb Code    56  stm32f4xx_ll_sdmmc.o(i.SDMMC_CmdBusWidth)
    SDMMC_CmdGoIdleState                     0x08006225   Thumb Code    44  stm32f4xx_ll_sdmmc.o(i.SDMMC_CmdGoIdleState)
    SDMMC_CmdOperCond                        0x08006251   Thumb Code    52  stm32f4xx_ll_sdmmc.o(i.SDMMC_CmdOperCond)
    SDMMC_CmdReadMultiBlock                  0x08006285   Thumb Code    56  stm32f4xx_ll_sdmmc.o(i.SDMMC_CmdReadMultiBlock)
    SDMMC_CmdReadSingleBlock                 0x080062bd   Thumb Code    56  stm32f4xx_ll_sdmmc.o(i.SDMMC_CmdReadSingleBlock)
    SDMMC_CmdSelDesel                        0x080062f5   Thumb Code    58  stm32f4xx_ll_sdmmc.o(i.SDMMC_CmdSelDesel)
    SDMMC_CmdSendCID                         0x0800632f   Thumb Code    50  stm32f4xx_ll_sdmmc.o(i.SDMMC_CmdSendCID)
    SDMMC_CmdSendCSD                         0x08006361   Thumb Code    50  stm32f4xx_ll_sdmmc.o(i.SDMMC_CmdSendCSD)
    SDMMC_CmdSendSCR                         0x08006393   Thumb Code    56  stm32f4xx_ll_sdmmc.o(i.SDMMC_CmdSendSCR)
    SDMMC_CmdSendStatus                      0x080063cb   Thumb Code    56  stm32f4xx_ll_sdmmc.o(i.SDMMC_CmdSendStatus)
    SDMMC_CmdSetRelAdd                       0x08006403   Thumb Code    56  stm32f4xx_ll_sdmmc.o(i.SDMMC_CmdSetRelAdd)
    SDMMC_CmdStopTransfer                    0x0800643d   Thumb Code    54  stm32f4xx_ll_sdmmc.o(i.SDMMC_CmdStopTransfer)
    SDMMC_CmdWriteMultiBlock                 0x08006479   Thumb Code    56  stm32f4xx_ll_sdmmc.o(i.SDMMC_CmdWriteMultiBlock)
    SDMMC_CmdWriteSingleBlock                0x080064b1   Thumb Code    56  stm32f4xx_ll_sdmmc.o(i.SDMMC_CmdWriteSingleBlock)
    SD_initialize                            0x08006f05   Thumb Code    94  sd_diskio.o(i.SD_initialize)
    SD_ioctl                                 0x08006f71   Thumb Code   102  sd_diskio.o(i.SD_ioctl)
    SD_read                                  0x08006fdd   Thumb Code   126  sd_diskio.o(i.SD_read)
    SD_status                                0x08007061   Thumb Code    12  sd_diskio.o(i.SD_status)
    SD_write                                 0x0800706d   Thumb Code   124  sd_diskio.o(i.SD_write)
    SetTaskMonitEvntGrupBits                 0x080070ed   Thumb Code    26  osmonit.o(i.SetTaskMonitEvntGrupBits)
    StartDefaultTask                         0x0800710d   Thumb Code    10  main.o(i.StartDefaultTask)
    StartTask                                0x08007119   Thumb Code    18  freertos.o(i.StartTask)
    SysMointTaskRegister                     0x0800713d   Thumb Code   238  osmonit.o(i.SysMointTaskRegister)
    SysRestart                               0x08007231   Thumb Code    56  osmonit.o(i.SysRestart)
    SysTick_Handler                          0x080072d9   Thumb Code    46  port.o(i.SysTick_Handler)
    SystemClock_Config                       0x0800730d   Thumb Code   182  main.o(i.SystemClock_Config)
    SystemInit                               0x080073cd   Thumb Code    24  system_stm32f4xx.o(i.SystemInit)
    TIM3_IRQHandler                          0x080073e9   Thumb Code    10  stm32f4xx_it.o(i.TIM3_IRQHandler)
    TIM4_IRQHandler                          0x080073f9   Thumb Code    10  stm32f4xx_it.o(i.TIM4_IRQHandler)
    TIM_Base_SetConfig                       0x08007409   Thumb Code   170  stm32f4xx_hal_tim.o(i.TIM_Base_SetConfig)
    TIM_ETR_SetConfig                        0x080074e1   Thumb Code    22  stm32f4xx_hal_tim.o(i.TIM_ETR_SetConfig)
    UsageFault_Handler                       0x08007941   Thumb Code     4  stm32f4xx_it.o(i.UsageFault_Handler)
    __0printf$8                              0x08007945   Thumb Code    22  printf8.o(i.__0printf$8)
    __1printf$8                              0x08007945   Thumb Code     0  printf8.o(i.__0printf$8)
    __2printf                                0x08007945   Thumb Code     0  printf8.o(i.__0printf$8)
    __0sprintf$8                             0x08007965   Thumb Code    34  printf8.o(i.__0sprintf$8)
    __1sprintf$8                             0x08007965   Thumb Code     0  printf8.o(i.__0sprintf$8)
    __2sprintf                               0x08007965   Thumb Code     0  printf8.o(i.__0sprintf$8)
    __scatterload_copy                       0x080079c5   Thumb Code    14  handlers.o(i.__scatterload_copy)
    __scatterload_null                       0x080079d3   Thumb Code     2  handlers.o(i.__scatterload_null)
    __scatterload_zeroinit                   0x080079d5   Thumb Code    14  handlers.o(i.__scatterload_zeroinit)
    creat_task_info                          0x08007fd1   Thumb Code    66  osmonit.o(i.creat_task_info)
    create_sd_card_task                      0x080081dd   Thumb Code    40  sd_card_opr.o(i.create_sd_card_task)
    create_tftlcd_task                       0x08008231   Thumb Code    40  tftlcd_opr.o(i.create_tftlcd_task)
    delay_ms                                 0x080082c1   Thumb Code    24  syscommdef.o(i.delay_ms)
    delay_us                                 0x080082d9   Thumb Code    18  syscommdef.o(i.delay_us)
    disk_initialize                          0x08008599   Thumb Code    40  diskio.o(i.disk_initialize)
    disk_ioctl                               0x080085c5   Thumb Code    36  diskio.o(i.disk_ioctl)
    disk_read                                0x080085ed   Thumb Code    42  diskio.o(i.disk_read)
    disk_status                              0x0800861d   Thumb Code    24  diskio.o(i.disk_status)
    disk_write                               0x08008639   Thumb Code    42  diskio.o(i.disk_write)
    eTaskGetState                            0x08008669   Thumb Code   128  tasks.o(i.eTaskGetState)
    f_close                                  0x08008725   Thumb Code    52  ff.o(i.f_close)
    f_lseek                                  0x08008759   Thumb Code   828  ff.o(i.f_lseek)
    f_mkdir                                  0x08008a95   Thumb Code   358  ff.o(i.f_mkdir)
    f_mkfs                                   0x08008bfd   Thumb Code  1654  ff.o(i.f_mkfs)
    f_mount                                  0x08009281   Thumb Code   128  ff.o(i.f_mount)
    f_open                                   0x08009305   Thumb Code   568  ff.o(i.f_open)
    f_stat                                   0x0800953d   Thumb Code    70  ff.o(i.f_stat)
    f_sync                                   0x08009583   Thumb Code   176  ff.o(i.f_sync)
    f_write                                  0x08009633   Thumb Code   580  ff.o(i.f_write)
    ff_cre_syncobj                           0x08009877   Thumb Code    38  syscall.o(i.ff_cre_syncobj)
    ff_del_syncobj                           0x0800989d   Thumb Code    14  syscall.o(i.ff_del_syncobj)
    ff_rel_grant                             0x080098ab   Thumb Code    12  syscall.o(i.ff_rel_grant)
    ff_req_grant                             0x080098b7   Thumb Code    24  syscall.o(i.ff_req_grant)
    fputc                                    0x08009c81   Thumb Code    36  usart.o(i.fputc)
    get_fattime                              0x08009d89   Thumb Code     4  fatfs.o(i.get_fattime)
    get_task_run_time_stat                   0x08009e61   Thumb Code    38  osmonit.o(i.get_task_run_time_stat)
    isIgnorTask                              0x08009f61   Thumb Code    66  osmonit.o(i.isIgnorTask)
    main                                     0x0800a009   Thumb Code   100  main.o(i.main)
    my_fmount                                0x0800a119   Thumb Code   196  fatfs.o(i.my_fmount)
    my_mkfs                                  0x0800a311   Thumb Code   104  fatfs.o(i.my_mkfs)
    oSMonitOsDelay                           0x0800a3f5   Thumb Code   214  osmonit.o(i.oSMonitOsDelay)
    oSMonitOuttime                           0x0800a4d1   Thumb Code    30  osmonit.o(i.oSMonitOuttime)
    oSMonitTimer                             0x0800a4f5   Thumb Code    12  osmonit.o(i.oSMonitTimer)
    osDelay                                  0x0800a505   Thumb Code    24  cmsis_os.o(i.osDelay)
    osKernelRunning                          0x0800a51d   Thumb Code    18  cmsis_os.o(i.osKernelRunning)
    osKernelStart                            0x0800a52f   Thumb Code    10  cmsis_os.o(i.osKernelStart)
    osKernelSysTick                          0x0800a539   Thumb Code    20  cmsis_os.o(i.osKernelSysTick)
    osMessageCreate                          0x0800a54d   Thumb Code    40  cmsis_os.o(i.osMessageCreate)
    osMessageGet                             0x0800a575   Thumb Code   150  cmsis_os.o(i.osMessageGet)
    osMessagePut                             0x0800a611   Thumb Code    92  cmsis_os.o(i.osMessagePut)
    osSemaphoreCreate                        0x0800a671   Thumb Code    74  cmsis_os.o(i.osSemaphoreCreate)
    osSemaphoreDelete                        0x0800a6bb   Thumb Code    24  cmsis_os.o(i.osSemaphoreDelete)
    osSemaphoreRelease                       0x0800a6d5   Thumb Code    76  cmsis_os.o(i.osSemaphoreRelease)
    osSemaphoreWait                          0x0800a725   Thumb Code   100  cmsis_os.o(i.osSemaphoreWait)
    osThreadCreate                           0x0800a78d   Thumb Code    94  cmsis_os.o(i.osThreadCreate)
    pcTaskGetName                            0x0800a7ed   Thumb Code    44  tasks.o(i.pcTaskGetName)
    pvPortMalloc                             0x0800b115   Thumb Code   296  heap_4.o(i.pvPortMalloc)
    pvTaskIncrementMutexHeldCount            0x0800b251   Thumb Code    26  tasks.o(i.pvTaskIncrementMutexHeldCount)
    pxPortInitialiseStack                    0x0800b271   Thumb Code    38  port.o(i.pxPortInitialiseStack)
    sd_card_init                             0x0800b339   Thumb Code    82  sd_card_opr.o(i.sd_card_init)
    sd_card_write                            0x0800b45d   Thumb Code   314  sd_card_process.o(i.sd_card_write)
    updata_task_memory                       0x0800b741   Thumb Code    50  osmonit.o(i.updata_task_memory)
    uxListRemove                             0x0800b77d   Thumb Code    40  list.o(i.uxListRemove)
    uxTaskGetNumberOfTasks                   0x0800b7a5   Thumb Code     6  tasks.o(i.uxTaskGetNumberOfTasks)
    uxTaskGetStackHighWaterMark              0x0800b7b1   Thumb Code    34  tasks.o(i.uxTaskGetStackHighWaterMark)
    uxTaskGetSystemState                     0x0800b7d9   Thumb Code   156  tasks.o(i.uxTaskGetSystemState)
    uxTaskResetEventItemValue                0x0800b891   Thumb Code    24  tasks.o(i.uxTaskResetEventItemValue)
    vApplicationGetIdleTaskMemory            0x0800b8ad   Thumb Code    16  freertos.o(i.vApplicationGetIdleTaskMemory)
    vListInitialise                          0x0800b8c5   Thumb Code    26  list.o(i.vListInitialise)
    vListInitialiseItem                      0x0800b8df   Thumb Code     6  list.o(i.vListInitialiseItem)
    vListInsert                              0x0800b8e5   Thumb Code    52  list.o(i.vListInsert)
    vListInsertEnd                           0x0800b919   Thumb Code    24  list.o(i.vListInsertEnd)
    vPortEnterCritical                       0x0800b931   Thumb Code    76  port.o(i.vPortEnterCritical)
    vPortExitCritical                        0x0800b985   Thumb Code    56  port.o(i.vPortExitCritical)
    vPortFree                                0x0800b9c1   Thumb Code   140  heap_4.o(i.vPortFree)
    vPortSetupTimerInterrupt                 0x0800ba55   Thumb Code    36  port.o(i.vPortSetupTimerInterrupt)
    vPortValidateInterruptPriority           0x0800ba7d   Thumb Code   106  port.o(i.vPortValidateInterruptPriority)
    vQueueDelete                             0x0800baf5   Thumb Code    50  queue.o(i.vQueueDelete)
    vQueueUnregisterQueue                    0x0800bb29   Thumb Code    44  queue.o(i.vQueueUnregisterQueue)
    vTaskDelay                               0x0800bb59   Thumb Code    82  tasks.o(i.vTaskDelay)
    vTaskGetInfo                             0x0800bbb5   Thumb Code   126  tasks.o(i.vTaskGetInfo)
    vTaskGetRunTimeStats                     0x0800bc39   Thumb Code   168  tasks.o(i.vTaskGetRunTimeStats)
    vTaskInternalSetTimeOutState             0x0800bcfd   Thumb Code    14  tasks.o(i.vTaskInternalSetTimeOutState)
    vTaskMissedYield                         0x0800bd15   Thumb Code     8  tasks.o(i.vTaskMissedYield)
    vTaskPlaceOnEventList                    0x0800bd21   Thumb Code    52  tasks.o(i.vTaskPlaceOnEventList)
    vTaskPlaceOnUnorderedEventList           0x0800bd59   Thumb Code   100  tasks.o(i.vTaskPlaceOnUnorderedEventList)
    vTaskPriorityDisinheritAfterTimeout      0x0800bdc5   Thumb Code   230  tasks.o(i.vTaskPriorityDisinheritAfterTimeout)
    vTaskRemoveFromUnorderedEventList        0x0800beb9   Thumb Code   142  tasks.o(i.vTaskRemoveFromUnorderedEventList)
    vTaskStartScheduler                      0x0800bf5d   Thumb Code   154  tasks.o(i.vTaskStartScheduler)
    vTaskSuspendAll                          0x0800c015   Thumb Code    12  tasks.o(i.vTaskSuspendAll)
    vTaskSwitchContext                       0x0800c025   Thumb Code   172  tasks.o(i.vTaskSwitchContext)
    xEventGroupCreate                        0x0800c143   Thumb Code    30  event_groups.o(i.xEventGroupCreate)
    xEventGroupSetBits                       0x0800c161   Thumb Code   206  event_groups.o(i.xEventGroupSetBits)
    xEventGroupWaitBits                      0x0800c231   Thumb Code   338  event_groups.o(i.xEventGroupWaitBits)
    xOSMonitTask                             0x0800c389   Thumb Code    40  osmonit.o(i.xOSMonitTask)
    xPortGetFreeHeapSize                     0x0800c3c9   Thumb Code     6  heap_4.o(i.xPortGetFreeHeapSize)
    xPortStartScheduler                      0x0800c3d5   Thumb Code   330  port.o(i.xPortStartScheduler)
    xQueueCreateMutex                        0x0800c53d   Thumb Code    34  queue.o(i.xQueueCreateMutex)
    xQueueGenericCreate                      0x0800c55f   Thumb Code    96  queue.o(i.xQueueGenericCreate)
    xQueueGenericCreateStatic                0x0800c5bf   Thumb Code   224  queue.o(i.xQueueGenericCreateStatic)
    xQueueGenericReset                       0x0800c6a1   Thumb Code   146  queue.o(i.xQueueGenericReset)
    xQueueGenericSend                        0x0800c739   Thumb Code   468  queue.o(i.xQueueGenericSend)
    xQueueGenericSendFromISR                 0x0800c911   Thumb Code   264  queue.o(i.xQueueGenericSendFromISR)
    xQueueGiveFromISR                        0x0800ca19   Thumb Code   246  queue.o(i.xQueueGiveFromISR)
    xQueueReceive                            0x0800cb11   Thumb Code   356  queue.o(i.xQueueReceive)
    xQueueReceiveFromISR                     0x0800cc79   Thumb Code   202  queue.o(i.xQueueReceiveFromISR)
    xQueueSemaphoreTake                      0x0800cd45   Thumb Code   434  queue.o(i.xQueueSemaphoreTake)
    xTaskCheckForTimeOut                     0x0800cefd   Thumb Code   132  tasks.o(i.xTaskCheckForTimeOut)
    xTaskCreate                              0x0800cf89   Thumb Code   100  tasks.o(i.xTaskCreate)
    xTaskCreateStatic                        0x0800cfed   Thumb Code   186  tasks.o(i.xTaskCreateStatic)
    xTaskGetSchedulerState                   0x0800d0a9   Thumb Code    24  tasks.o(i.xTaskGetSchedulerState)
    xTaskGetTickCount                        0x0800d0c9   Thumb Code     6  tasks.o(i.xTaskGetTickCount)
    xTaskGetTickCountFromISR                 0x0800d0d5   Thumb Code    16  tasks.o(i.xTaskGetTickCountFromISR)
    xTaskIncrementTick                       0x0800d0e9   Thumb Code   282  tasks.o(i.xTaskIncrementTick)
    xTaskPriorityDisinherit                  0x0800d231   Thumb Code   188  tasks.o(i.xTaskPriorityDisinherit)
    xTaskPriorityInherit                     0x0800d2f9   Thumb Code   186  tasks.o(i.xTaskPriorityInherit)
    xTaskRemoveFromEventList                 0x0800d3c1   Thumb Code   128  tasks.o(i.xTaskRemoveFromEventList)
    xTaskResumeAll                           0x0800d459   Thumb Code   224  tasks.o(i.xTaskResumeAll)
    AHBPrescTable                            0x0800d5a8   Data          16  system_stm32f4xx.o(.constdata)
    APBPrescTable                            0x0800d5b8   Data           8  system_stm32f4xx.o(.constdata)
    SD_Driver                                0x0800d688   Data          20  sd_diskio.o(.constdata)
    asc2_1206                                0x0800d6c8   Data        1140  tftlcd_arg.o(.constdata)
    asc2_1608                                0x0800db3c   Data        1520  tftlcd_arg.o(.constdata)
    asc2_2412                                0x0800e12c   Data        3420  tftlcd_arg.o(.constdata)
    asc2_3216                                0x0800ee88   Data       12160  tftlcd_arg.o(.constdata)
    Region$$Table$$Base                      0x08011e9c   Number         0  anon$$obj.o(Region$$Table)
    Region$$Table$$Limit                     0x08011ebc   Number         0  anon$$obj.o(Region$$Table)
    defaultTaskHandle                        0x20000000   Data           4  main.o(.data)
    g_apcIgnoreTaskName                      0x20000004   Data          28  osmonit.o(.data)
    g_ptOSMonitTaskHandle                    0x20000020   Data           4  osmonit.o(.data)
    uwTick                                   0x20000028   Data           4  stm32f4xx_hal.o(.data)
    uwTickPrio                               0x2000002c   Data           4  stm32f4xx_hal.o(.data)
    uwTickFreq                               0x20000030   Data           1  stm32f4xx_hal.o(.data)
    SystemCoreClock                          0x20000034   Data           4  system_stm32f4xx.o(.data)
    pxCurrentTCB                             0x20000040   Data           4  tasks.o(.data)
    g_tlog_arg                               0x200000a8   Data           4  log.o(.data)
    c                                        0x200000b8   Data          17  tftlcd_opr.o(.data)
    lcd_task_handele_tid                     0x200000cc   Data           4  tftlcd_opr.o(.data)
    POINT_COLOR                              0x200000d0   Data           4  tftlcd_arg.o(.data)
    BACK_COLOR                               0x200000d4   Data           4  tftlcd_arg.o(.data)
    sd_card_task_handele_tid                 0x200000d8   Data           4  sd_card_opr.o(.data)
    test1_string                             0x200000dc   Data         100  sd_card_process.o(.data)
    test2_string                             0x20000140   Data         100  sd_card_process.o(.data)
    FreeRTOSRunTimeTicks                     0x200001a8   Data           8  tim.o(.data)
    __stdout                                 0x200001b8   Data           4  stdout.o(.data)
    htim4                                    0x20000640   Data          64  stm32f4xx_hal_timebase_tim.o(.bss)
    hiwdg                                    0x20000680   Data          12  osmonit.o(.bss)
    g_tOSMonitArg                            0x2000068c   Data        2628  osmonit.o(.bss)
    disk                                     0x200010f0   Data          12  ff_gen_drv.o(.bss)
    xQueueRegistry                           0x200010fc   Data          64  queue.o(.bss)
    g_tsd_file_arg                           0x2001f22c   Data         572  fatfs.o(.bss)
    lcddev                                   0x2001f468   Data          14  tftlcd_arg.o(.bss)
    htim3                                    0x2001f478   Data          64  tim.o(.bss)
    hsd                                      0x2001f4b8   Data         132  sdio.o(.bss)
    hdma_sdio_rx                             0x2001f53c   Data          96  sdio.o(.bss)
    hdma_sdio_tx                             0x2001f59c   Data          96  sdio.o(.bss)
    huart1                                   0x2001f5fc   Data          64  usart.o(.bss)
    hsram1                                   0x2001f63c   Data          80  fmc.o(.bss)
    __initial_sp                             0x2001fa90   Data           0  startup_stm32f429xx.o(STACK)



==============================================================================

Memory Map of the image

  Image Entry point : 0x080001ad

  Load Region LR_IROM1 (Base: 0x08000000, Size: 0x00012078, Max: 0x00100000, ABSOLUTE, COMPRESSED[0x00011f24])

    Execution Region ER_IROM1 (Exec base: 0x08000000, Load base: 0x08000000, Size: 0x00011ebc, Max: 0x00100000, ABSOLUTE)

    Exec Addr    Load Addr    Size         Type   Attr      Idx    E Section Name        Object

    0x08000000   0x08000000   0x000001ac   Data   RO            3    RESET               startup_stm32f429xx.o
    0x080001ac   0x080001ac   0x00000000   Code   RO         7075  * .ARM.Collect$$$$00000000  mc_w.l(entry.o)
    0x080001ac   0x080001ac   0x00000004   Code   RO         7363    .ARM.Collect$$$$00000001  mc_w.l(entry2.o)
    0x080001b0   0x080001b0   0x00000004   Code   RO         7366    .ARM.Collect$$$$00000004  mc_w.l(entry5.o)
    0x080001b4   0x080001b4   0x00000000   Code   RO         7368    .ARM.Collect$$$$00000008  mc_w.l(entry7b.o)
    0x080001b4   0x080001b4   0x00000000   Code   RO         7370    .ARM.Collect$$$$0000000A  mc_w.l(entry8b.o)
    0x080001b4   0x080001b4   0x00000008   Code   RO         7371    .ARM.Collect$$$$0000000B  mc_w.l(entry9a.o)
    0x080001bc   0x080001bc   0x00000000   Code   RO         7373    .ARM.Collect$$$$0000000D  mc_w.l(entry10a.o)
    0x080001bc   0x080001bc   0x00000000   Code   RO         7375    .ARM.Collect$$$$0000000F  mc_w.l(entry11a.o)
    0x080001bc   0x080001bc   0x00000004   Code   RO         7364    .ARM.Collect$$$$00002712  mc_w.l(entry2.o)
    0x080001c0   0x080001c0   0x000000be   Code   RO         6065    .emb_text           port.o
    0x0800027e   0x0800027e   0x00000002   PAD
    0x08000280   0x08000280   0x00000024   Code   RO            4    .text               startup_stm32f429xx.o
    0x080002a4   0x080002a4   0x00000062   Code   RO         7078    .text               mc_w.l(uldiv.o)
    0x08000306   0x08000306   0x00000024   Code   RO         7080    .text               mc_w.l(memcpya.o)
    0x0800032a   0x0800032a   0x00000024   Code   RO         7084    .text               mc_w.l(memseta.o)
    0x0800034e   0x0800034e   0x00000018   Code   RO         7086    .text               mc_w.l(strncpy.o)
    0x08000366   0x08000366   0x0000000e   Code   RO         7088    .text               mc_w.l(strlen.o)
    0x08000374   0x08000374   0x00000012   Code   RO         7090    .text               mc_w.l(strcpy.o)
    0x08000386   0x08000386   0x0000001e   Code   RO         7092    .text               mc_w.l(strncmp.o)
    0x080003a4   0x080003a4   0x000000e4   Code   RO         7357    .text               mf_w.l(dmul.o)
    0x08000488   0x08000488   0x0000001a   Code   RO         7359    .text               mf_w.l(dfltui.o)
    0x080004a2   0x080004a2   0x00000032   Code   RO         7361    .text               mf_w.l(dfixui.o)
    0x080004d4   0x080004d4   0x0000001e   Code   RO         7380    .text               mc_w.l(llshl.o)
    0x080004f2   0x080004f2   0x00000020   Code   RO         7382    .text               mc_w.l(llushr.o)
    0x08000512   0x08000512   0x00000000   Code   RO         7384    .text               mc_w.l(iusefp.o)
    0x08000512   0x08000512   0x000000ba   Code   RO         7385    .text               mf_w.l(depilogue.o)
    0x080005cc   0x080005cc   0x00000024   Code   RO         7395    .text               mc_w.l(init.o)
    0x080005f0   0x080005f0   0x00000056   Code   RO         7407    .text               mc_w.l(__dczerorl2.o)
    0x08000646   0x08000646   0x00000002   PAD
    0x08000648   0x08000648   0x00000058   Code   RO          503    i.AddIgnorTask      osmonit.o
    0x080006a0   0x080006a0   0x00000002   Code   RO         6238    i.BSP_SD_AbortCallback  bsp_driver_sd.o
    0x080006a2   0x080006a2   0x00000002   PAD
    0x080006a4   0x080006a4   0x00000014   Code   RO         6241    i.BSP_SD_GetCardInfo  bsp_driver_sd.o
    0x080006b8   0x080006b8   0x00000018   Code   RO         6242    i.BSP_SD_GetCardState  bsp_driver_sd.o
    0x080006d0   0x080006d0   0x00000030   Code   RO         6244    i.BSP_SD_Init       bsp_driver_sd.o
    0x08000700   0x08000700   0x0000000c   Code   RO         6245    i.BSP_SD_IsDetected  bsp_driver_sd.o
    0x0800070c   0x0800070c   0x00000028   Code   RO         6247    i.BSP_SD_ReadBlocks_DMA  bsp_driver_sd.o
    0x08000734   0x08000734   0x00000014   Code   RO         6414    i.BSP_SD_ReadCpltCallback  sd_diskio.o
    0x08000748   0x08000748   0x00000028   Code   RO         6250    i.BSP_SD_WriteBlocks_DMA  bsp_driver_sd.o
    0x08000770   0x08000770   0x00000014   Code   RO         6415    i.BSP_SD_WriteCpltCallback  sd_diskio.o
    0x08000784   0x08000784   0x00000004   Code   RO          352    i.BusFault_Handler  stm32f4xx_it.o
    0x08000788   0x08000788   0x00000054   Code   RO          504    i.CheckHeapSize     osmonit.o
    0x080007dc   0x080007dc   0x00000018   Code   RO         6824    i.ConfigTimerForRunTimeStats  tim.o
    0x080007f4   0x080007f4   0x00000010   Code   RO          353    i.DMA2_Stream3_IRQHandler  stm32f4xx_it.o
    0x08000804   0x08000804   0x00000010   Code   RO          354    i.DMA2_Stream6_IRQHandler  stm32f4xx_it.o
    0x08000814   0x08000814   0x00000034   Code   RO         1259    i.DMA_CalcBaseAndBitshift  stm32f4xx_hal_dma.o
    0x08000848   0x08000848   0x000000aa   Code   RO         1260    i.DMA_CheckFifoParam  stm32f4xx_hal_dma.o
    0x080008f2   0x080008f2   0x0000002c   Code   RO         1261    i.DMA_SetConfig     stm32f4xx_hal_dma.o
    0x0800091e   0x0800091e   0x00000002   Code   RO          355    i.DebugMon_Handler  stm32f4xx_it.o
    0x08000920   0x08000920   0x00000006   Code   RO           13    i.Error_Handler     main.o
    0x08000926   0x08000926   0x00000002   PAD
    0x08000928   0x08000928   0x00000050   Code   RO          506    i.EventMonit        osmonit.o
    0x08000978   0x08000978   0x00000012   Code   RO         4572    i.FATFS_LinkDriver  ff_gen_drv.o
    0x0800098a   0x0800098a   0x00000002   PAD
    0x0800098c   0x0800098c   0x00000054   Code   RO         4573    i.FATFS_LinkDriverEx  ff_gen_drv.o
    0x080009e0   0x080009e0   0x00000048   Code   RO         1975    i.FMC_NORSRAM_Extended_Timing_Init  stm32f4xx_ll_fmc.o
    0x08000a28   0x08000a28   0x00000074   Code   RO         1976    i.FMC_NORSRAM_Init  stm32f4xx_ll_fmc.o
    0x08000a9c   0x08000a9c   0x00000062   Code   RO         1977    i.FMC_NORSRAM_Timing_Init  stm32f4xx_ll_fmc.o
    0x08000afe   0x08000afe   0x00000002   PAD
    0x08000b00   0x08000b00   0x000000b4   Code   RO          507    i.GetSystemStat     osmonit.o
    0x08000bb4   0x08000bb4   0x00000028   Code   RO         1263    i.HAL_DMA_Abort_IT  stm32f4xx_hal_dma.o
    0x08000bdc   0x08000bdc   0x00000006   Code   RO         1265    i.HAL_DMA_GetError  stm32f4xx_hal_dma.o
    0x08000be2   0x08000be2   0x00000002   PAD
    0x08000be4   0x08000be4   0x00000240   Code   RO         1267    i.HAL_DMA_IRQHandler  stm32f4xx_hal_dma.o
    0x08000e24   0x08000e24   0x000000ec   Code   RO         1268    i.HAL_DMA_Init      stm32f4xx_hal_dma.o
    0x08000f10   0x08000f10   0x00000092   Code   RO         1272    i.HAL_DMA_Start_IT  stm32f4xx_hal_dma.o
    0x08000fa2   0x08000fa2   0x00000002   PAD
    0x08000fa4   0x08000fa4   0x00000028   Code   RO         1704    i.HAL_Delay         stm32f4xx_hal.o
    0x08000fcc   0x08000fcc   0x000000b0   Code   RO         7029    i.HAL_FMC_MspInit   fmc.o
    0x0800107c   0x0800107c   0x0000021c   Code   RO         1155    i.HAL_GPIO_Init     stm32f4xx_hal_gpio.o
    0x08001298   0x08001298   0x00000010   Code   RO         1157    i.HAL_GPIO_ReadPin  stm32f4xx_hal_gpio.o
    0x080012a8   0x080012a8   0x0000000c   Code   RO         1712    i.HAL_GetTick       stm32f4xx_hal.o
    0x080012b4   0x080012b4   0x00000076   Code   RO         3739    i.HAL_HalfDuplex_Init  stm32f4xx_hal_uart.o
    0x0800132a   0x0800132a   0x00000050   Code   RO         4068    i.HAL_IWDG_Init     stm32f4xx_hal_iwdg.o
    0x0800137a   0x0800137a   0x0000000e   Code   RO         4069    i.HAL_IWDG_Refresh  stm32f4xx_hal_iwdg.o
    0x08001388   0x08001388   0x00000018   Code   RO         1718    i.HAL_IncTick       stm32f4xx_hal.o
    0x080013a0   0x080013a0   0x0000003c   Code   RO         1719    i.HAL_Init          stm32f4xx_hal.o
    0x080013dc   0x080013dc   0x0000008c   Code   RO          464    i.HAL_InitTick      stm32f4xx_hal_timebase_tim.o
    0x08001468   0x08001468   0x00000054   Code   RO          440    i.HAL_MspInit       stm32f4xx_hal_msp.o
    0x080014bc   0x080014bc   0x00000020   Code   RO         1562    i.HAL_NVIC_EnableIRQ  stm32f4xx_hal_cortex.o
    0x080014dc   0x080014dc   0x0000007c   Code   RO         1568    i.HAL_NVIC_SetPriority  stm32f4xx_hal_cortex.o
    0x08001558   0x08001558   0x00000028   Code   RO         1569    i.HAL_NVIC_SetPriorityGrouping  stm32f4xx_hal_cortex.o
    0x08001580   0x08001580   0x00000044   Code   RO         1570    i.HAL_NVIC_SystemReset  stm32f4xx_hal_cortex.o
    0x080015c4   0x080015c4   0x0000008c   Code   RO         1491    i.HAL_PWREx_EnableOverDrive  stm32f4xx_hal_pwr_ex.o
    0x08001650   0x08001650   0x00000184   Code   RO          699    i.HAL_RCC_ClockConfig  stm32f4xx_hal_rcc.o
    0x080017d4   0x080017d4   0x00000044   Code   RO          703    i.HAL_RCC_GetClockConfig  stm32f4xx_hal_rcc.o
    0x08001818   0x08001818   0x0000000c   Code   RO          704    i.HAL_RCC_GetHCLKFreq  stm32f4xx_hal_rcc.o
    0x08001824   0x08001824   0x00000020   Code   RO          706    i.HAL_RCC_GetPCLK1Freq  stm32f4xx_hal_rcc.o
    0x08001844   0x08001844   0x00000020   Code   RO          707    i.HAL_RCC_GetPCLK2Freq  stm32f4xx_hal_rcc.o
    0x08001864   0x08001864   0x000000b0   Code   RO          708    i.HAL_RCC_GetSysClockFreq  stm32f4xx_hal_rcc.o
    0x08001914   0x08001914   0x00000488   Code   RO          711    i.HAL_RCC_OscConfig  stm32f4xx_hal_rcc.o
    0x08001d9c   0x08001d9c   0x0000000a   Code   RO         6252    i.HAL_SD_AbortCallback  bsp_driver_sd.o
    0x08001da6   0x08001da6   0x00000002   PAD
    0x08001da8   0x08001da8   0x000000a8   Code   RO         2546    i.HAL_SD_ConfigWideBusOperation  stm32f4xx_hal_sd.o
    0x08001e50   0x08001e50   0x00000002   Code   RO         2549    i.HAL_SD_ErrorCallback  stm32f4xx_hal_sd.o
    0x08001e52   0x08001e52   0x00000002   PAD
    0x08001e54   0x08001e54   0x000001c8   Code   RO         2551    i.HAL_SD_GetCardCSD  stm32f4xx_hal_sd.o
    0x0800201c   0x0800201c   0x00000026   Code   RO         2552    i.HAL_SD_GetCardInfo  stm32f4xx_hal_sd.o
    0x08002042   0x08002042   0x00000024   Code   RO         2553    i.HAL_SD_GetCardState  stm32f4xx_hal_sd.o
    0x08002066   0x08002066   0x00000002   PAD
    0x08002068   0x08002068   0x0000021c   Code   RO         2557    i.HAL_SD_IRQHandler  stm32f4xx_hal_sd.o
    0x08002284   0x08002284   0x0000003c   Code   RO         2558    i.HAL_SD_Init       stm32f4xx_hal_sd.o
    0x080022c0   0x080022c0   0x00000084   Code   RO         2559    i.HAL_SD_InitCard   stm32f4xx_hal_sd.o
    0x08002344   0x08002344   0x0000018c   Code   RO         6881    i.HAL_SD_MspInit    sdio.o
    0x080024d0   0x080024d0   0x00000154   Code   RO         2563    i.HAL_SD_ReadBlocks_DMA  stm32f4xx_hal_sd.o
    0x08002624   0x08002624   0x0000000a   Code   RO         6253    i.HAL_SD_RxCpltCallback  bsp_driver_sd.o
    0x0800262e   0x0800262e   0x0000000a   Code   RO         6254    i.HAL_SD_TxCpltCallback  bsp_driver_sd.o
    0x08002638   0x08002638   0x00000158   Code   RO         2568    i.HAL_SD_WriteBlocks_DMA  stm32f4xx_hal_sd.o
    0x08002790   0x08002790   0x00000058   Code   RO         2151    i.HAL_SRAM_Init     stm32f4xx_hal_sram.o
    0x080027e8   0x080027e8   0x0000000a   Code   RO         7031    i.HAL_SRAM_MspInit  fmc.o
    0x080027f2   0x080027f2   0x00000002   Code   RO         3486    i.HAL_TIMEx_BreakCallback  stm32f4xx_hal_tim_ex.o
    0x080027f4   0x080027f4   0x00000002   Code   RO         3487    i.HAL_TIMEx_CommutCallback  stm32f4xx_hal_tim_ex.o
    0x080027f6   0x080027f6   0x00000002   PAD
    0x080027f8   0x080027f8   0x000000b4   Code   RO         3504    i.HAL_TIMEx_MasterConfigSynchronization  stm32f4xx_hal_tim_ex.o
    0x080028ac   0x080028ac   0x00000034   Code   RO         2800    i.HAL_TIM_Base_Init  stm32f4xx_hal_tim.o
    0x080028e0   0x080028e0   0x00000048   Code   RO         6826    i.HAL_TIM_Base_MspInit  tim.o
    0x08002928   0x08002928   0x0000002a   Code   RO         2805    i.HAL_TIM_Base_Start_IT  stm32f4xx_hal_tim.o
    0x08002952   0x08002952   0x00000108   Code   RO         2809    i.HAL_TIM_ConfigClockSource  stm32f4xx_hal_tim.o
    0x08002a5a   0x08002a5a   0x00000002   Code   RO         2829    i.HAL_TIM_IC_CaptureCallback  stm32f4xx_hal_tim.o
    0x08002a5c   0x08002a5c   0x00000196   Code   RO         2843    i.HAL_TIM_IRQHandler  stm32f4xx_hal_tim.o
    0x08002bf2   0x08002bf2   0x00000002   Code   RO         2846    i.HAL_TIM_OC_DelayElapsedCallback  stm32f4xx_hal_tim.o
    0x08002bf4   0x08002bf4   0x00000002   Code   RO         2873    i.HAL_TIM_PWM_PulseFinishedCallback  stm32f4xx_hal_tim.o
    0x08002bf6   0x08002bf6   0x00000002   PAD
    0x08002bf8   0x08002bf8   0x0000003c   Code   RO         6827    i.HAL_TIM_PeriodElapsedCallback  tim.o
    0x08002c34   0x08002c34   0x00000002   Code   RO         2886    i.HAL_TIM_TriggerCallback  stm32f4xx_hal_tim.o
    0x08002c36   0x08002c36   0x00000002   PAD
    0x08002c38   0x08002c38   0x00000088   Code   RO         6926    i.HAL_UART_MspInit  usart.o
    0x08002cc0   0x08002cc0   0x00000004   Code   RO          356    i.HardFault_Handler  stm32f4xx_it.o
    0x08002cc4   0x08002cc4   0x00000024   Code   RO          508    i.IWDG_Init         osmonit.o
    0x08002ce8   0x08002ce8   0x00000010   Code   RO          509    i.IWDG_Refresh      osmonit.o
    0x08002cf8   0x08002cf8   0x00000020   Code   RO          510    i.IgnorTaskInit     osmonit.o
    0x08002d18   0x08002d18   0x000000b4   Code   RO         6207    i.KEY_Init          key.o
    0x08002dcc   0x08002dcc   0x000000d0   Code   RO         6208    i.KEY_Scan          key.o
    0x08002e9c   0x08002e9c   0x00000034   Code   RO         6534    i.LCD_Clear         tftlcd_arg.o
    0x08002ed0   0x08002ed0   0x00000160   Code   RO         6538    i.LCD_Display_Dir   tftlcd_arg.o
    0x08003030   0x08003030   0x00000108   Code   RO         6543    i.LCD_Fast_DrawPoint  tftlcd_arg.o
    0x08003138   0x08003138   0x0000237c   Code   RO         6545    i.LCD_Init          tftlcd_arg.o
    0x080054b4   0x080054b4   0x00000014   Code   RO         6547    i.LCD_RD_DATA       tftlcd_arg.o
    0x080054c8   0x080054c8   0x00000060   Code   RO         6550    i.LCD_SSD_BackLightSet  tftlcd_arg.o
    0x08005528   0x08005528   0x00000274   Code   RO         6551    i.LCD_Scan_Dir      tftlcd_arg.o
    0x0800579c   0x0800579c   0x00000138   Code   RO         6552    i.LCD_SetCursor     tftlcd_arg.o
    0x080058d4   0x080058d4   0x000001f8   Code   RO         6554    i.LCD_ShowChar      tftlcd_arg.o
    0x08005acc   0x08005acc   0x0000006c   Code   RO         6556    i.LCD_ShowString    tftlcd_arg.o
    0x08005b38   0x08005b38   0x00000018   Code   RO         6558    i.LCD_WR_DATA       tftlcd_arg.o
    0x08005b50   0x08005b50   0x00000018   Code   RO         6559    i.LCD_WR_REG        tftlcd_arg.o
    0x08005b68   0x08005b68   0x00000014   Code   RO         6561    i.LCD_WriteRAM_Prepare  tftlcd_arg.o
    0x08005b7c   0x08005b7c   0x00000010   Code   RO         6562    i.LCD_WriteReg      tftlcd_arg.o
    0x08005b8c   0x08005b8c   0x00000018   Code   RO         6145    i.LogGiveMutex      log.o
    0x08005ba4   0x08005ba4   0x00000020   Code   RO         6146    i.LogTakeMutex      log.o
    0x08005bc4   0x08005bc4   0x00000080   Code   RO         6147    i.Log_init          log.o
    0x08005c44   0x08005c44   0x00000048   Code   RO         6882    i.MX_DMA_Init       sdio.o
    0x08005c8c   0x08005c8c   0x0000001c   Code   RO         6359    i.MX_FATFS_Init     fatfs.o
    0x08005ca8   0x08005ca8   0x0000007c   Code   RO         7032    i.MX_FMC_Init       fmc.o
    0x08005d24   0x08005d24   0x00000008   Code   RO          282    i.MX_FREERTOS_Init  freertos.o
    0x08005d2c   0x08005d2c   0x00000104   Code   RO           14    i.MX_GPIO_Init      main.o
    0x08005e30   0x08005e30   0x00000024   Code   RO         6883    i.MX_SDIO_SD_Init   sdio.o
    0x08005e54   0x08005e54   0x000000f0   Code   RO         6828    i.MX_TIM3_Init      tim.o
    0x08005f44   0x08005f44   0x00000038   Code   RO         6927    i.MX_USART1_UART_Init  usart.o
    0x08005f7c   0x08005f7c   0x00000004   Code   RO          357    i.MemManage_Handler  stm32f4xx_it.o
    0x08005f80   0x08005f80   0x00000004   Code   RO          358    i.NMI_Handler       stm32f4xx_it.o
    0x08005f84   0x08005f84   0x00000020   Code   RO          511    i.OSMonitInit       osmonit.o
    0x08005fa4   0x08005fa4   0x00000044   Code   RO          512    i.OSMonitTask       osmonit.o
    0x08005fe8   0x08005fe8   0x0000005c   Code   RO          514    i.RunCallback       osmonit.o
    0x08006044   0x08006044   0x0000001e   Code   RO          515    i.RunFunction       osmonit.o
    0x08006062   0x08006062   0x0000002c   Code   RO         2267    i.SDIO_ConfigData   stm32f4xx_ll_sdmmc.o
    0x0800608e   0x0800608e   0x00000008   Code   RO         2268    i.SDIO_GetCommandResponse  stm32f4xx_ll_sdmmc.o
    0x08006096   0x08006096   0x0000000a   Code   RO         2271    i.SDIO_GetPowerState  stm32f4xx_ll_sdmmc.o
    0x080060a0   0x080060a0   0x0000000c   Code   RO         2272    i.SDIO_GetResponse  stm32f4xx_ll_sdmmc.o
    0x080060ac   0x080060ac   0x00000010   Code   RO          359    i.SDIO_IRQHandler   stm32f4xx_it.o
    0x080060bc   0x080060bc   0x00000034   Code   RO         2273    i.SDIO_Init         stm32f4xx_ll_sdmmc.o
    0x080060f0   0x080060f0   0x00000012   Code   RO         2275    i.SDIO_PowerState_ON  stm32f4xx_ll_sdmmc.o
    0x08006102   0x08006102   0x00000008   Code   RO         2276    i.SDIO_ReadFIFO     stm32f4xx_ll_sdmmc.o
    0x0800610a   0x0800610a   0x00000028   Code   RO         2277    i.SDIO_SendCommand  stm32f4xx_ll_sdmmc.o
    0x08006132   0x08006132   0x0000000c   Code   RO         2279    i.SDIO_WriteFIFO    stm32f4xx_ll_sdmmc.o
    0x0800613e   0x0800613e   0x00000038   Code   RO         2280    i.SDMMC_CmdAppCommand  stm32f4xx_ll_sdmmc.o
    0x08006176   0x08006176   0x00000002   PAD
    0x08006178   0x08006178   0x0000003c   Code   RO         2281    i.SDMMC_CmdAppOperCommand  stm32f4xx_ll_sdmmc.o
    0x080061b4   0x080061b4   0x00000038   Code   RO         2282    i.SDMMC_CmdBlockLength  stm32f4xx_ll_sdmmc.o
    0x080061ec   0x080061ec   0x00000038   Code   RO         2283    i.SDMMC_CmdBusWidth  stm32f4xx_ll_sdmmc.o
    0x08006224   0x08006224   0x0000002c   Code   RO         2287    i.SDMMC_CmdGoIdleState  stm32f4xx_ll_sdmmc.o
    0x08006250   0x08006250   0x00000034   Code   RO         2289    i.SDMMC_CmdOperCond  stm32f4xx_ll_sdmmc.o
    0x08006284   0x08006284   0x00000038   Code   RO         2290    i.SDMMC_CmdReadMultiBlock  stm32f4xx_ll_sdmmc.o
    0x080062bc   0x080062bc   0x00000038   Code   RO         2291    i.SDMMC_CmdReadSingleBlock  stm32f4xx_ll_sdmmc.o
    0x080062f4   0x080062f4   0x0000003a   Code   RO         2294    i.SDMMC_CmdSelDesel  stm32f4xx_ll_sdmmc.o
    0x0800632e   0x0800632e   0x00000032   Code   RO         2295    i.SDMMC_CmdSendCID  stm32f4xx_ll_sdmmc.o
    0x08006360   0x08006360   0x00000032   Code   RO         2296    i.SDMMC_CmdSendCSD  stm32f4xx_ll_sdmmc.o
    0x08006392   0x08006392   0x00000038   Code   RO         2297    i.SDMMC_CmdSendSCR  stm32f4xx_ll_sdmmc.o
    0x080063ca   0x080063ca   0x00000038   Code   RO         2298    i.SDMMC_CmdSendStatus  stm32f4xx_ll_sdmmc.o
    0x08006402   0x08006402   0x00000038   Code   RO         2299    i.SDMMC_CmdSetRelAdd  stm32f4xx_ll_sdmmc.o
    0x0800643a   0x0800643a   0x00000002   PAD
    0x0800643c   0x0800643c   0x0000003c   Code   RO         2301    i.SDMMC_CmdStopTransfer  stm32f4xx_ll_sdmmc.o
    0x08006478   0x08006478   0x00000038   Code   RO         2303    i.SDMMC_CmdWriteMultiBlock  stm32f4xx_ll_sdmmc.o
    0x080064b0   0x080064b0   0x00000038   Code   RO         2304    i.SDMMC_CmdWriteSingleBlock  stm32f4xx_ll_sdmmc.o
    0x080064e8   0x080064e8   0x00000040   Code   RO         2305    i.SDMMC_GetCmdError  stm32f4xx_ll_sdmmc.o
    0x08006528   0x08006528   0x000001ac   Code   RO         2306    i.SDMMC_GetCmdResp1  stm32f4xx_ll_sdmmc.o
    0x080066d4   0x080066d4   0x00000064   Code   RO         2307    i.SDMMC_GetCmdResp2  stm32f4xx_ll_sdmmc.o
    0x08006738   0x08006738   0x00000058   Code   RO         2308    i.SDMMC_GetCmdResp3  stm32f4xx_ll_sdmmc.o
    0x08006790   0x08006790   0x000000b8   Code   RO         2309    i.SDMMC_GetCmdResp6  stm32f4xx_ll_sdmmc.o
    0x08006848   0x08006848   0x0000006c   Code   RO         2310    i.SDMMC_GetCmdResp7  stm32f4xx_ll_sdmmc.o
    0x080068b4   0x080068b4   0x00000028   Code   RO         6416    i.SD_CheckStatus    sd_diskio.o
    0x080068dc   0x080068dc   0x00000026   Code   RO         6417    i.SD_CheckStatusWithTimeout  sd_diskio.o
    0x08006902   0x08006902   0x00000002   PAD
    0x08006904   0x08006904   0x00000074   Code   RO         2570    i.SD_DMAError       stm32f4xx_hal_sd.o
    0x08006978   0x08006978   0x00000048   Code   RO         2571    i.SD_DMAReceiveCplt  stm32f4xx_hal_sd.o
    0x080069c0   0x080069c0   0x00000048   Code   RO         2572    i.SD_DMARxAbort     stm32f4xx_hal_sd.o
    0x08006a08   0x08006a08   0x00000012   Code   RO         2573    i.SD_DMATransmitCplt  stm32f4xx_hal_sd.o
    0x08006a1a   0x08006a1a   0x00000048   Code   RO         2574    i.SD_DMATxAbort     stm32f4xx_hal_sd.o
    0x08006a62   0x08006a62   0x00000134   Code   RO         2575    i.SD_FindSCR        stm32f4xx_hal_sd.o
    0x08006b96   0x08006b96   0x00000102   Code   RO         2576    i.SD_InitCard       stm32f4xx_hal_sd.o
    0x08006c98   0x08006c98   0x000000cc   Code   RO         2578    i.SD_PowerON        stm32f4xx_hal_sd.o
    0x08006d64   0x08006d64   0x0000004a   Code   RO         2579    i.SD_Read_IT        stm32f4xx_hal_sd.o
    0x08006dae   0x08006dae   0x00000030   Code   RO         2581    i.SD_SendStatus     stm32f4xx_hal_sd.o
    0x08006dde   0x08006dde   0x00000068   Code   RO         2582    i.SD_WideBus_Disable  stm32f4xx_hal_sd.o
    0x08006e46   0x08006e46   0x00000068   Code   RO         2583    i.SD_WideBus_Enable  stm32f4xx_hal_sd.o
    0x08006eae   0x08006eae   0x00000054   Code   RO         2584    i.SD_Write_IT       stm32f4xx_hal_sd.o
    0x08006f02   0x08006f02   0x00000002   PAD
    0x08006f04   0x08006f04   0x0000006c   Code   RO         6418    i.SD_initialize     sd_diskio.o
    0x08006f70   0x08006f70   0x0000006c   Code   RO         6419    i.SD_ioctl          sd_diskio.o
    0x08006fdc   0x08006fdc   0x00000084   Code   RO         6420    i.SD_read           sd_diskio.o
    0x08007060   0x08007060   0x0000000c   Code   RO         6421    i.SD_status         sd_diskio.o
    0x0800706c   0x0800706c   0x00000080   Code   RO         6422    i.SD_write          sd_diskio.o
    0x080070ec   0x080070ec   0x00000020   Code   RO          517    i.SetTaskMonitEvntGrupBits  osmonit.o
    0x0800710c   0x0800710c   0x0000000a   Code   RO           15    i.StartDefaultTask  main.o
    0x08007116   0x08007116   0x00000002   PAD
    0x08007118   0x08007118   0x00000024   Code   RO          284    i.StartTask         freertos.o
    0x0800713c   0x0800713c   0x000000f4   Code   RO          518    i.SysMointTaskRegister  osmonit.o
    0x08007230   0x08007230   0x000000a8   Code   RO          519    i.SysRestart        osmonit.o
    0x080072d8   0x080072d8   0x00000034   Code   RO         6066    i.SysTick_Handler   port.o
    0x0800730c   0x0800730c   0x000000c0   Code   RO           16    i.SystemClock_Config  main.o
    0x080073cc   0x080073cc   0x0000001c   Code   RO         4099    i.SystemInit        system_stm32f4xx.o
    0x080073e8   0x080073e8   0x00000010   Code   RO          360    i.TIM3_IRQHandler   stm32f4xx_it.o
    0x080073f8   0x080073f8   0x00000010   Code   RO          361    i.TIM4_IRQHandler   stm32f4xx_it.o
    0x08007408   0x08007408   0x000000d8   Code   RO         2888    i.TIM_Base_SetConfig  stm32f4xx_hal_tim.o
    0x080074e0   0x080074e0   0x00000016   Code   RO         2899    i.TIM_ETR_SetConfig  stm32f4xx_hal_tim.o
    0x080074f6   0x080074f6   0x00000012   Code   RO         2900    i.TIM_ITRx_SetConfig  stm32f4xx_hal_tim.o
    0x08007508   0x08007508   0x00000026   Code   RO         2906    i.TIM_TI1_ConfigInputStage  stm32f4xx_hal_tim.o
    0x0800752e   0x0800752e   0x00000028   Code   RO         2908    i.TIM_TI2_ConfigInputStage  stm32f4xx_hal_tim.o
    0x08007556   0x08007556   0x00000002   PAD
    0x08007558   0x08007558   0x000003e8   Code   RO         3789    i.UART_SetConfig    stm32f4xx_hal_uart.o
    0x08007940   0x08007940   0x00000004   Code   RO          362    i.UsageFault_Handler  stm32f4xx_it.o
    0x08007944   0x08007944   0x00000020   Code   RO         7303    i.__0printf$8       mc_w.l(printf8.o)
    0x08007964   0x08007964   0x00000028   Code   RO         7305    i.__0sprintf$8      mc_w.l(printf8.o)
    0x0800798c   0x0800798c   0x00000010   Code   RO         1575    i.__NVIC_GetPriorityGrouping  stm32f4xx_hal_cortex.o
    0x0800799c   0x0800799c   0x00000028   Code   RO         1576    i.__NVIC_SetPriority  stm32f4xx_hal_cortex.o
    0x080079c4   0x080079c4   0x0000000e   Code   RO         7401    i.__scatterload_copy  mc_w.l(handlers.o)
    0x080079d2   0x080079d2   0x00000002   Code   RO         7402    i.__scatterload_null  mc_w.l(handlers.o)
    0x080079d4   0x080079d4   0x0000000e   Code   RO         7403    i.__scatterload_zeroinit  mc_w.l(handlers.o)
    0x080079e2   0x080079e2   0x00000002   PAD
    0x080079e4   0x080079e4   0x00000410   Code   RO         7310    i._printf_core      mc_w.l(printf8.o)
    0x08007df4   0x08007df4   0x00000024   Code   RO         7311    i._printf_post_padding  mc_w.l(printf8.o)
    0x08007e18   0x08007e18   0x0000002e   Code   RO         7312    i._printf_pre_padding  mc_w.l(printf8.o)
    0x08007e46   0x08007e46   0x0000000a   Code   RO         7314    i._sputc            mc_w.l(printf8.o)
    0x08007e50   0x08007e50   0x0000007c   Code   RO         4193    i.check_fs          ff.o
    0x08007ecc   0x08007ecc   0x00000014   Code   RO         4194    i.chk_chr           ff.o
    0x08007ee0   0x08007ee0   0x0000007c   Code   RO         4195    i.chk_lock          ff.o
    0x08007f5c   0x08007f5c   0x00000028   Code   RO         4196    i.clear_lock        ff.o
    0x08007f84   0x08007f84   0x00000032   Code   RO         4197    i.clmt_clust        ff.o
    0x08007fb6   0x08007fb6   0x0000001a   Code   RO         4198    i.clust2sect        ff.o
    0x08007fd0   0x08007fd0   0x0000004c   Code   RO          520    i.creat_task_info   osmonit.o
    0x0800801c   0x0800801c   0x000000de   Code   RO         4199    i.create_chain      ff.o
    0x080080fa   0x080080fa   0x00000002   PAD
    0x080080fc   0x080080fc   0x000000e0   Code   RO         4200    i.create_name       ff.o
    0x080081dc   0x080081dc   0x00000054   Code   RO         6748    i.create_sd_card_task  sd_card_opr.o
    0x08008230   0x08008230   0x0000004c   Code   RO         6495    i.create_tftlcd_task  tftlcd_opr.o
    0x0800827c   0x0800827c   0x00000044   Code   RO         4201    i.dec_lock          ff.o
    0x080082c0   0x080082c0   0x00000018   Code   RO         6978    i.delay_ms          syscommdef.o
    0x080082d8   0x080082d8   0x00000012   Code   RO         6979    i.delay_us          syscommdef.o
    0x080082ea   0x080082ea   0x00000060   Code   RO         4202    i.dir_alloc         ff.o
    0x0800834a   0x0800834a   0x0000006c   Code   RO         4203    i.dir_find          ff.o
    0x080083b6   0x080083b6   0x0000010c   Code   RO         4204    i.dir_next          ff.o
    0x080084c2   0x080084c2   0x0000003c   Code   RO         4206    i.dir_register      ff.o
    0x080084fe   0x080084fe   0x0000009a   Code   RO         4208    i.dir_sdi           ff.o
    0x08008598   0x08008598   0x0000002c   Code   RO         4135    i.disk_initialize   diskio.o
    0x080085c4   0x080085c4   0x00000028   Code   RO         4136    i.disk_ioctl        diskio.o
    0x080085ec   0x080085ec   0x00000030   Code   RO         4137    i.disk_read         diskio.o
    0x0800861c   0x0800861c   0x0000001c   Code   RO         4138    i.disk_status       diskio.o
    0x08008638   0x08008638   0x00000030   Code   RO         4139    i.disk_write        diskio.o
    0x08008668   0x08008668   0x00000094   Code   RO         5230    i.eTaskGetState     tasks.o
    0x080086fc   0x080086fc   0x00000028   Code   RO         4209    i.enq_lock          ff.o
    0x08008724   0x08008724   0x00000034   Code   RO         4210    i.f_close           ff.o
    0x08008758   0x08008758   0x0000033c   Code   RO         4215    i.f_lseek           ff.o
    0x08008a94   0x08008a94   0x00000166   Code   RO         4216    i.f_mkdir           ff.o
    0x08008bfa   0x08008bfa   0x00000002   PAD
    0x08008bfc   0x08008bfc   0x00000684   Code   RO         4217    i.f_mkfs            ff.o
    0x08009280   0x08009280   0x00000084   Code   RO         4218    i.f_mount           ff.o
    0x08009304   0x08009304   0x00000238   Code   RO         4219    i.f_open            ff.o
    0x0800953c   0x0800953c   0x00000046   Code   RO         4228    i.f_stat            ff.o
    0x08009582   0x08009582   0x000000b0   Code   RO         4229    i.f_sync            ff.o
    0x08009632   0x08009632   0x00000244   Code   RO         4232    i.f_write           ff.o
    0x08009876   0x08009876   0x00000026   Code   RO         4622    i.ff_cre_syncobj    syscall.o
    0x0800989c   0x0800989c   0x0000000e   Code   RO         4623    i.ff_del_syncobj    syscall.o
    0x080098aa   0x080098aa   0x0000000c   Code   RO         4624    i.ff_rel_grant      syscall.o
    0x080098b6   0x080098b6   0x00000018   Code   RO         4625    i.ff_req_grant      syscall.o
    0x080098ce   0x080098ce   0x00000002   PAD
    0x080098d0   0x080098d0   0x0000030c   Code   RO         4233    i.find_volume       ff.o
    0x08009bdc   0x08009bdc   0x000000a2   Code   RO         4234    i.follow_path       ff.o
    0x08009c7e   0x08009c7e   0x00000002   PAD
    0x08009c80   0x08009c80   0x00000028   Code   RO         6929    i.fputc             usart.o
    0x08009ca8   0x08009ca8   0x000000e0   Code   RO         4235    i.get_fat           ff.o
    0x08009d88   0x08009d88   0x00000004   Code   RO         6361    i.get_fattime       fatfs.o
    0x08009d8c   0x08009d8c   0x0000008c   Code   RO         4236    i.get_fileinfo      ff.o
    0x08009e18   0x08009e18   0x00000048   Code   RO         4237    i.get_ldnumber      ff.o
    0x08009e60   0x08009e60   0x00000034   Code   RO          521    i.get_task_run_time_stat  osmonit.o
    0x08009e94   0x08009e94   0x00000010   Code   RO         5635    i.inHandlerMode     cmsis_os.o
    0x08009ea4   0x08009ea4   0x000000bc   Code   RO         4238    i.inc_lock          ff.o
    0x08009f60   0x08009f60   0x00000048   Code   RO          522    i.isIgnorTask       osmonit.o
    0x08009fa8   0x08009fa8   0x00000026   Code   RO         4239    i.ld_clust          ff.o
    0x08009fce   0x08009fce   0x00000018   Code   RO         4240    i.ld_dword          ff.o
    0x08009fe6   0x08009fe6   0x0000000c   Code   RO         4241    i.ld_word           ff.o
    0x08009ff2   0x08009ff2   0x00000016   Code   RO         4242    i.lock_fs           ff.o
    0x0800a008   0x0800a008   0x0000007c   Code   RO           17    i.main              main.o
    0x0800a084   0x0800a084   0x0000000e   Code   RO         5637    i.makeFreeRtosPriority  cmsis_os.o
    0x0800a092   0x0800a092   0x00000024   Code   RO         4243    i.mem_cmp           ff.o
    0x0800a0b6   0x0800a0b6   0x0000001a   Code   RO         4244    i.mem_cpy           ff.o
    0x0800a0d0   0x0800a0d0   0x00000012   Code   RO         4245    i.mem_set           ff.o
    0x0800a0e2   0x0800a0e2   0x00000034   Code   RO         4246    i.move_window       ff.o
    0x0800a116   0x0800a116   0x00000002   PAD
    0x0800a118   0x0800a118   0x000001f8   Code   RO         6362    i.my_fmount         fatfs.o
    0x0800a310   0x0800a310   0x000000e4   Code   RO         6363    i.my_mkfs           fatfs.o
    0x0800a3f4   0x0800a3f4   0x000000dc   Code   RO          523    i.oSMonitOsDelay    osmonit.o
    0x0800a4d0   0x0800a4d0   0x00000024   Code   RO          525    i.oSMonitOuttime    osmonit.o
    0x0800a4f4   0x0800a4f4   0x00000010   Code   RO          526    i.oSMonitTimer      osmonit.o
    0x0800a504   0x0800a504   0x00000018   Code   RO         5639    i.osDelay           cmsis_os.o
    0x0800a51c   0x0800a51c   0x00000012   Code   RO         5641    i.osKernelRunning   cmsis_os.o
    0x0800a52e   0x0800a52e   0x0000000a   Code   RO         5642    i.osKernelStart     cmsis_os.o
    0x0800a538   0x0800a538   0x00000014   Code   RO         5643    i.osKernelSysTick   cmsis_os.o
    0x0800a54c   0x0800a54c   0x00000028   Code   RO         5651    i.osMessageCreate   cmsis_os.o
    0x0800a574   0x0800a574   0x0000009c   Code   RO         5653    i.osMessageGet      cmsis_os.o
    0x0800a610   0x0800a610   0x00000060   Code   RO         5655    i.osMessagePut      cmsis_os.o
    0x0800a670   0x0800a670   0x0000004a   Code   RO         5668    i.osSemaphoreCreate  cmsis_os.o
    0x0800a6ba   0x0800a6ba   0x00000018   Code   RO         5669    i.osSemaphoreDelete  cmsis_os.o
    0x0800a6d2   0x0800a6d2   0x00000002   PAD
    0x0800a6d4   0x0800a6d4   0x00000050   Code   RO         5671    i.osSemaphoreRelease  cmsis_os.o
    0x0800a724   0x0800a724   0x00000068   Code   RO         5672    i.osSemaphoreWait   cmsis_os.o
    0x0800a78c   0x0800a78c   0x0000005e   Code   RO         5676    i.osThreadCreate    cmsis_os.o
    0x0800a7ea   0x0800a7ea   0x00000002   PAD
    0x0800a7ec   0x0800a7ec   0x00000030   Code   RO         5231    i.pcTaskGetName     tasks.o
    0x0800a81c   0x0800a81c   0x00000098   Code   RO         5232    i.prvAddCurrentTaskToDelayedList  tasks.o
    0x0800a8b4   0x0800a8b4   0x000000b8   Code   RO         5233    i.prvAddNewTaskToReadyList  tasks.o
    0x0800a96c   0x0800a96c   0x00000048   Code   RO         5234    i.prvCheckTasksWaitingTermination  tasks.o
    0x0800a9b4   0x0800a9b4   0x0000002a   Code   RO         4823    i.prvCopyDataFromQueue  queue.o
    0x0800a9de   0x0800a9de   0x0000007e   Code   RO         4824    i.prvCopyDataToQueue  queue.o
    0x0800aa5c   0x0800aa5c   0x00000050   Code   RO         5235    i.prvDeleteTCB      tasks.o
    0x0800aaac   0x0800aaac   0x00000014   Code   RO         4825    i.prvGetDisinheritPriorityAfterTimeout  queue.o
    0x0800aac0   0x0800aac0   0x0000007c   Code   RO         6004    i.prvHeapInit       heap_4.o
    0x0800ab3c   0x0800ab3c   0x00000028   Code   RO         5236    i.prvIdleTask       tasks.o
    0x0800ab64   0x0800ab64   0x0000001e   Code   RO         4826    i.prvInitialiseMutex  queue.o
    0x0800ab82   0x0800ab82   0x0000002e   Code   RO         4827    i.prvInitialiseNewQueue  queue.o
    0x0800abb0   0x0800abb0   0x000000c0   Code   RO         5237    i.prvInitialiseNewTask  tasks.o
    0x0800ac70   0x0800ac70   0x00000068   Code   RO         5238    i.prvInitialiseTaskLists  tasks.o
    0x0800acd8   0x0800acd8   0x00000068   Code   RO         6005    i.prvInsertBlockIntoFreeList  heap_4.o
    0x0800ad40   0x0800ad40   0x0000001a   Code   RO         4828    i.prvIsQueueEmpty   queue.o
    0x0800ad5a   0x0800ad5a   0x0000001e   Code   RO         4829    i.prvIsQueueFull    queue.o
    0x0800ad78   0x0800ad78   0x0000006a   Code   RO         5239    i.prvListTasksWithinSingleList  tasks.o
    0x0800ade2   0x0800ade2   0x00000090   Code   RO         4830    i.prvNotifyQueueSetContainer  queue.o
    0x0800ae72   0x0800ae72   0x00000002   PAD
    0x0800ae74   0x0800ae74   0x00000034   Code   RO         5240    i.prvResetNextTaskUnblockTime  tasks.o
    0x0800aea8   0x0800aea8   0x00000016   Code   RO         5241    i.prvTaskCheckFreeStackSpace  tasks.o
    0x0800aebe   0x0800aebe   0x00000002   PAD
    0x0800aec0   0x0800aec0   0x00000040   Code   RO         6067    i.prvTaskExitError  port.o
    0x0800af00   0x0800af00   0x0000001e   Code   RO         4676    i.prvTestWaitCondition  event_groups.o
    0x0800af1e   0x0800af1e   0x00000092   Code   RO         4831    i.prvUnlockQueue    queue.o
    0x0800afb0   0x0800afb0   0x0000002a   Code   RO         5243    i.prvWriteNameToBuffer  tasks.o
    0x0800afda   0x0800afda   0x00000138   Code   RO         4247    i.put_fat           ff.o
    0x0800b112   0x0800b112   0x00000002   PAD
    0x0800b114   0x0800b114   0x0000013c   Code   RO         6006    i.pvPortMalloc      heap_4.o
    0x0800b250   0x0800b250   0x00000020   Code   RO         5244    i.pvTaskIncrementMutexHeldCount  tasks.o
    0x0800b270   0x0800b270   0x0000002c   Code   RO         6068    i.pxPortInitialiseStack  port.o
    0x0800b29c   0x0800b29c   0x0000009a   Code   RO         4251    i.remove_chain      ff.o
    0x0800b336   0x0800b336   0x00000002   PAD
    0x0800b338   0x0800b338   0x000000d8   Code   RO         6749    i.sd_card_init      sd_card_opr.o
    0x0800b410   0x0800b410   0x0000004c   Code   RO         6750    i.sd_card_task      sd_card_opr.o
    0x0800b45c   0x0800b45c   0x00000150   Code   RO         6794    i.sd_card_write     sd_card_process.o
    0x0800b5ac   0x0800b5ac   0x00000024   Code   RO         4252    i.st_clust          ff.o
    0x0800b5d0   0x0800b5d0   0x00000018   Code   RO         4253    i.st_dword          ff.o
    0x0800b5e8   0x0800b5e8   0x0000000c   Code   RO         4254    i.st_word           ff.o
    0x0800b5f4   0x0800b5f4   0x00000090   Code   RO         4255    i.sync_fs           ff.o
    0x0800b684   0x0800b684   0x00000052   Code   RO         4256    i.sync_window       ff.o
    0x0800b6d6   0x0800b6d6   0x00000002   PAD
    0x0800b6d8   0x0800b6d8   0x0000004c   Code   RO         6496    i.tftlcd_task       tftlcd_opr.o
    0x0800b724   0x0800b724   0x0000001c   Code   RO         4257    i.unlock_fs         ff.o
    0x0800b740   0x0800b740   0x0000003c   Code   RO          528    i.updata_task_memory  osmonit.o
    0x0800b77c   0x0800b77c   0x00000028   Code   RO         4783    i.uxListRemove      list.o
    0x0800b7a4   0x0800b7a4   0x0000000c   Code   RO         5246    i.uxTaskGetNumberOfTasks  tasks.o
    0x0800b7b0   0x0800b7b0   0x00000028   Code   RO         5247    i.uxTaskGetStackHighWaterMark  tasks.o
    0x0800b7d8   0x0800b7d8   0x000000b8   Code   RO         5248    i.uxTaskGetSystemState  tasks.o
    0x0800b890   0x0800b890   0x0000001c   Code   RO         5252    i.uxTaskResetEventItemValue  tasks.o
    0x0800b8ac   0x0800b8ac   0x00000018   Code   RO          286    i.vApplicationGetIdleTaskMemory  freertos.o
    0x0800b8c4   0x0800b8c4   0x0000001a   Code   RO         4784    i.vListInitialise   list.o
    0x0800b8de   0x0800b8de   0x00000006   Code   RO         4785    i.vListInitialiseItem  list.o
    0x0800b8e4   0x0800b8e4   0x00000034   Code   RO         4786    i.vListInsert       list.o
    0x0800b918   0x0800b918   0x00000018   Code   RO         4787    i.vListInsertEnd    list.o
    0x0800b930   0x0800b930   0x00000054   Code   RO         6070    i.vPortEnterCritical  port.o
    0x0800b984   0x0800b984   0x0000003c   Code   RO         6071    i.vPortExitCritical  port.o
    0x0800b9c0   0x0800b9c0   0x00000094   Code   RO         6007    i.vPortFree         heap_4.o
    0x0800ba54   0x0800ba54   0x00000028   Code   RO         6072    i.vPortSetupTimerInterrupt  port.o
    0x0800ba7c   0x0800ba7c   0x00000078   Code   RO         6073    i.vPortValidateInterruptPriority  port.o
    0x0800baf4   0x0800baf4   0x00000032   Code   RO         4838    i.vQueueDelete      queue.o
    0x0800bb26   0x0800bb26   0x00000002   PAD
    0x0800bb28   0x0800bb28   0x00000030   Code   RO         4840    i.vQueueUnregisterQueue  queue.o
    0x0800bb58   0x0800bb58   0x0000005c   Code   RO         5253    i.vTaskDelay        tasks.o
    0x0800bbb4   0x0800bbb4   0x00000084   Code   RO         5256    i.vTaskGetInfo      tasks.o
    0x0800bc38   0x0800bc38   0x000000c4   Code   RO         5257    i.vTaskGetRunTimeStats  tasks.o
    0x0800bcfc   0x0800bcfc   0x00000018   Code   RO         5258    i.vTaskInternalSetTimeOutState  tasks.o
    0x0800bd14   0x0800bd14   0x0000000c   Code   RO         5260    i.vTaskMissedYield  tasks.o
    0x0800bd20   0x0800bd20   0x00000038   Code   RO         5262    i.vTaskPlaceOnEventList  tasks.o
    0x0800bd58   0x0800bd58   0x0000006c   Code   RO         5263    i.vTaskPlaceOnUnorderedEventList  tasks.o
    0x0800bdc4   0x0800bdc4   0x000000f4   Code   RO         5264    i.vTaskPriorityDisinheritAfterTimeout  tasks.o
    0x0800beb8   0x0800beb8   0x000000a4   Code   RO         5266    i.vTaskRemoveFromUnorderedEventList  tasks.o
    0x0800bf5c   0x0800bf5c   0x000000b8   Code   RO         5270    i.vTaskStartScheduler  tasks.o
    0x0800c014   0x0800c014   0x00000010   Code   RO         5272    i.vTaskSuspendAll   tasks.o
    0x0800c024   0x0800c024   0x000000cc   Code   RO         5273    i.vTaskSwitchContext  tasks.o
    0x0800c0f0   0x0800c0f0   0x00000052   Code   RO         4258    i.validate          ff.o
    0x0800c142   0x0800c142   0x0000001e   Code   RO         4683    i.xEventGroupCreate  event_groups.o
    0x0800c160   0x0800c160   0x000000ce   Code   RO         4686    i.xEventGroupSetBits  event_groups.o
    0x0800c22e   0x0800c22e   0x00000002   PAD
    0x0800c230   0x0800c230   0x00000158   Code   RO         4688    i.xEventGroupWaitBits  event_groups.o
    0x0800c388   0x0800c388   0x00000040   Code   RO          529    i.xOSMonitTask      osmonit.o
    0x0800c3c8   0x0800c3c8   0x0000000c   Code   RO         6009    i.xPortGetFreeHeapSize  heap_4.o
    0x0800c3d4   0x0800c3d4   0x00000168   Code   RO         6074    i.xPortStartScheduler  port.o
    0x0800c53c   0x0800c53c   0x00000022   Code   RO         4842    i.xQueueCreateMutex  queue.o
    0x0800c55e   0x0800c55e   0x00000060   Code   RO         4845    i.xQueueGenericCreate  queue.o
    0x0800c5be   0x0800c5be   0x000000e0   Code   RO         4846    i.xQueueGenericCreateStatic  queue.o
    0x0800c69e   0x0800c69e   0x00000002   PAD
    0x0800c6a0   0x0800c6a0   0x00000098   Code   RO         4847    i.xQueueGenericReset  queue.o
    0x0800c738   0x0800c738   0x000001d8   Code   RO         4848    i.xQueueGenericSend  queue.o
    0x0800c910   0x0800c910   0x00000108   Code   RO         4849    i.xQueueGenericSendFromISR  queue.o
    0x0800ca18   0x0800ca18   0x000000f6   Code   RO         4850    i.xQueueGiveFromISR  queue.o
    0x0800cb0e   0x0800cb0e   0x00000002   PAD
    0x0800cb10   0x0800cb10   0x00000168   Code   RO         4855    i.xQueueReceive     queue.o
    0x0800cc78   0x0800cc78   0x000000ca   Code   RO         4856    i.xQueueReceiveFromISR  queue.o
    0x0800cd42   0x0800cd42   0x00000002   PAD
    0x0800cd44   0x0800cd44   0x000001b8   Code   RO         4860    i.xQueueSemaphoreTake  queue.o
    0x0800cefc   0x0800cefc   0x0000008c   Code   RO         5275    i.xTaskCheckForTimeOut  tasks.o
    0x0800cf88   0x0800cf88   0x00000064   Code   RO         5276    i.xTaskCreate       tasks.o
    0x0800cfec   0x0800cfec   0x000000ba   Code   RO         5277    i.xTaskCreateStatic  tasks.o
    0x0800d0a6   0x0800d0a6   0x00000002   PAD
    0x0800d0a8   0x0800d0a8   0x00000020   Code   RO         5281    i.xTaskGetSchedulerState  tasks.o
    0x0800d0c8   0x0800d0c8   0x0000000c   Code   RO         5282    i.xTaskGetTickCount  tasks.o
    0x0800d0d4   0x0800d0d4   0x00000014   Code   RO         5283    i.xTaskGetTickCountFromISR  tasks.o
    0x0800d0e8   0x0800d0e8   0x00000148   Code   RO         5284    i.xTaskIncrementTick  tasks.o
    0x0800d230   0x0800d230   0x000000c8   Code   RO         5287    i.xTaskPriorityDisinherit  tasks.o
    0x0800d2f8   0x0800d2f8   0x000000c8   Code   RO         5288    i.xTaskPriorityInherit  tasks.o
    0x0800d3c0   0x0800d3c0   0x00000098   Code   RO         5289    i.xTaskRemoveFromEventList  tasks.o
    0x0800d458   0x0800d458   0x00000104   Code   RO         5290    i.xTaskResumeAll    tasks.o
    0x0800d55c   0x0800d55c   0x0000001c   Data   RO           18    .constdata          main.o
    0x0800d578   0x0800d578   0x00000028   Data   RO          531    .constdata          osmonit.o
    0x0800d5a0   0x0800d5a0   0x00000008   Data   RO         1274    .constdata          stm32f4xx_hal_dma.o
    0x0800d5a8   0x0800d5a8   0x00000018   Data   RO         4100    .constdata          system_stm32f4xx.o
    0x0800d5c0   0x0800d5c0   0x000000ac   Data   RO         4260    .constdata          ff.o
    0x0800d66c   0x0800d66c   0x00000009   Data   RO         6148    .constdata          log.o
    0x0800d675   0x0800d675   0x00000012   Data   RO         6365    .constdata          fatfs.o
    0x0800d687   0x0800d687   0x00000001   PAD
    0x0800d688   0x0800d688   0x00000024   Data   RO         6423    .constdata          sd_diskio.o
    0x0800d6ac   0x0800d6ac   0x0000001c   Data   RO         6497    .constdata          tftlcd_opr.o
    0x0800d6c8   0x0800d6c8   0x0000474d   Data   RO         6565    .constdata          tftlcd_arg.o
    0x08011e15   0x08011e15   0x00000003   PAD
    0x08011e18   0x08011e18   0x0000002c   Data   RO         6751    .constdata          sd_card_opr.o
    0x08011e44   0x08011e44   0x0000000d   Data   RO         6830    .constdata          tim.o
    0x08011e51   0x08011e51   0x00000003   PAD
    0x08011e54   0x08011e54   0x0000000c   Data   RO           19    .conststring        main.o
    0x08011e60   0x08011e60   0x00000030   Data   RO          532    .conststring        osmonit.o
    0x08011e90   0x08011e90   0x00000004   Data   RO         6498    .conststring        tftlcd_opr.o
    0x08011e94   0x08011e94   0x00000008   Data   RO         6752    .conststring        sd_card_opr.o
    0x08011e9c   0x08011e9c   0x00000020   Data   RO         7399    Region$$Table       anon$$obj.o


    Execution Region RW_IRAM2 (Exec base: 0x10000000, Load base: 0x08011f24, Size: 0x00000000, Max: 0x00010000, ABSOLUTE)

    **** No section assigned to this execution region ****


    Execution Region RW_IRAM1 (Exec base: 0x20000000, Load base: 0x08011ebc, Size: 0x0001fa90, Max: 0x00030000, ABSOLUTE, COMPRESSED[0x00000068])

    Exec Addr    Load Addr    Size         Type   Attr      Idx    E Section Name        Object

    0x20000000   COMPRESSED   0x00000004   Data   RW           20    .data               main.o
    0x20000004   COMPRESSED   0x00000022   Data   RW          533    .data               osmonit.o
    0x20000026   COMPRESSED   0x00000002   PAD
    0x20000028   COMPRESSED   0x00000009   Data   RW         1726    .data               stm32f4xx_hal.o
    0x20000031   COMPRESSED   0x00000003   PAD
    0x20000034   COMPRESSED   0x00000004   Data   RW         4101    .data               system_stm32f4xx.o
    0x20000038   COMPRESSED   0x00000006   Data   RW         4261    .data               ff.o
    0x2000003e   COMPRESSED   0x00000002   PAD
    0x20000040   COMPRESSED   0x00000044   Data   RW         5294    .data               tasks.o
    0x20000084   COMPRESSED   0x00000018   Data   RW         6012    .data               heap_4.o
    0x2000009c   COMPRESSED   0x0000000c   Data   RW         6075    .data               port.o
    0x200000a8   COMPRESSED   0x00000004   Data   RW         6149    .data               log.o
    0x200000ac   COMPRESSED   0x00000001   Data   RW         6209    .data               key.o
    0x200000ad   COMPRESSED   0x00000003   PAD
    0x200000b0   COMPRESSED   0x00000008   Data   RW         6424    .data               sd_diskio.o
    0x200000b8   COMPRESSED   0x00000018   Data   RW         6499    .data               tftlcd_opr.o
    0x200000d0   COMPRESSED   0x00000008   Data   RW         6566    .data               tftlcd_arg.o
    0x200000d8   COMPRESSED   0x00000004   Data   RW         6753    .data               sd_card_opr.o
    0x200000dc   COMPRESSED   0x000000c8   Data   RW         6795    .data               sd_card_process.o
    0x200001a4   COMPRESSED   0x00000004   PAD
    0x200001a8   COMPRESSED   0x00000008   Data   RW         6831    .data               tim.o
    0x200001b0   COMPRESSED   0x00000008   Data   RW         7034    .data               fmc.o
    0x200001b8   COMPRESSED   0x00000004   Data   RW         7377    .data               mc_w.l(stdout.o)
    0x200001bc        -       0x00000484   Zero   RW          288    .bss                freertos.o
    0x20000640        -       0x00000040   Zero   RW          467    .bss                stm32f4xx_hal_timebase_tim.o
    0x20000680        -       0x00000a50   Zero   RW          530    .bss                osmonit.o
    0x200010d0        -       0x00000020   Zero   RW         4259    .bss                ff.o
    0x200010f0        -       0x0000000c   Zero   RW         4576    .bss                ff_gen_drv.o
    0x200010fc        -       0x00000040   Zero   RW         4861    .bss                queue.o
    0x2000113c        -       0x000000f0   Zero   RW         5292    .bss                tasks.o
    0x2000122c        -       0x0001e000   Zero   RW         6011    .bss                heap_4.o
    0x2001f22c        -       0x0000023c   Zero   RW         6364    .bss                fatfs.o
    0x2001f468        -       0x0000000e   Zero   RW         6564    .bss                tftlcd_arg.o
    0x2001f476   COMPRESSED   0x00000002   PAD
    0x2001f478        -       0x00000040   Zero   RW         6829    .bss                tim.o
    0x2001f4b8        -       0x00000144   Zero   RW         6884    .bss                sdio.o
    0x2001f5fc        -       0x00000040   Zero   RW         6930    .bss                usart.o
    0x2001f63c        -       0x00000050   Zero   RW         7033    .bss                fmc.o
    0x2001f68c   COMPRESSED   0x00000004   PAD
    0x2001f690        -       0x00000400   Zero   RW            1    STACK               startup_stm32f429xx.o


==============================================================================

Image component sizes


      Code (inc. data)   RO Data    RW Data    ZI Data      Debug   Object Name

       216         26          0          0          0       6350   bsp_driver_sd.o
       770         18          0          0          0      35450   cmsis_os.o
       208         24          0          0          0       6133   diskio.o
       610          6          0          0          0      24543   event_groups.o
       764        442         18          0        572       5405   fatfs.o
      8724        166        172          6         32      45319   ff.o
       102          6          0          0         12       1671   ff_gen_drv.o
       310         32          0          8         80       2390   fmc.o
        68         26          0          0       1156       6895   freertos.o
       704         68          0         24     122880       7898   heap_4.o
       388         34          0          1          0       1666   key.o
       148          0          0          0          0       3554   list.o
       184         96          9          4          0      16750   log.o
       592         44         40          4          0     829775   main.o
      1778        274         88         34       2640      20972   osmonit.o
      1014         92          0         12          0      12025   port.o
      3198         24          0          0         64      25987   queue.o
       376        200         52          4          0       4864   sd_card_opr.o
       336         22          0        200          0       1344   sd_card_process.o
       606         44         36          8          0       7105   sd_diskio.o
       504         42          0          0        324       2509   sdio.o
        36          8        428          0       1024        836   startup_stm32f429xx.o
       136         24          0          9          0       8858   stm32f4xx_hal.o
       320         30          0          0          0      34305   stm32f4xx_hal_cortex.o
      1270         16          8          0          0       6781   stm32f4xx_hal_dma.o
       556         54          0          0          0       2339   stm32f4xx_hal_gpio.o
        94          0          0          0          0       1739   stm32f4xx_hal_iwdg.o
        84          6          0          0          0        858   stm32f4xx_hal_msp.o
       140         12          0          0          0       1276   stm32f4xx_hal_pwr_ex.o
      1868         94          0          0          0       6249   stm32f4xx_hal_rcc.o
      3650         68          0          0          0      19003   stm32f4xx_hal_sd.o
        88          0          0          0          0       1200   stm32f4xx_hal_sram.o
      1106         46          0          0          0       9483   stm32f4xx_hal_tim.o
       184         30          0          0          0       2485   stm32f4xx_hal_tim_ex.o
       140         18          0          0         64       1463   stm32f4xx_hal_timebase_tim.o
      1118          8          0          0          0       1894   stm32f4xx_hal_uart.o
       102         30          0          0          0       5279   stm32f4xx_it.o
       286         10          0          0          0       2776   stm32f4xx_ll_fmc.o
      2110         46          0          0          0      24311   stm32f4xx_ll_sdmmc.o
         0          0          0          0          0        384   stream_buffer.o
        88          0          0          0          0       3488   syscall.o
        42          0          0          0          0       1046   syscommdef.o
        28          4         24          4          0       1151   system_stm32f4xx.o
      4600        524          0         68        240      40477   tasks.o
     11504        276      18253          8         14      17351   tftlcd_arg.o
       152         62         32         24          0       1846   tftlcd_opr.o
       396        104         13          8         64       3124   tim.o
       232         28          0          0         64       2358   usart.o

    ----------------------------------------------------------------------
     52004       3184      19212        440     129236    1270965   Object Totals
         0          0         32          0          0          0   (incl. Generated)
        74          0          7         14          6          0   (incl. Padding)

    ----------------------------------------------------------------------

      Code (inc. data)   RO Data    RW Data    ZI Data      Debug   Library Member Name

        86          0          0          0          0          0   __dczerorl2.o
         0          0          0          0          0          0   entry.o
         0          0          0          0          0          0   entry10a.o
         0          0          0          0          0          0   entry11a.o
         8          4          0          0          0          0   entry2.o
         4          0          0          0          0          0   entry5.o
         0          0          0          0          0          0   entry7b.o
         0          0          0          0          0          0   entry8b.o
         8          4          0          0          0          0   entry9a.o
        30          0          0          0          0          0   handlers.o
        36          8          0          0          0         68   init.o
         0          0          0          0          0          0   iusefp.o
        30          0          0          0          0         68   llshl.o
        32          0          0          0          0         68   llushr.o
        36          0          0          0          0         68   memcpya.o
        36          0          0          0          0        108   memseta.o
      1204         60          0          0          0        504   printf8.o
         0          0          0          4          0          0   stdout.o
        18          0          0          0          0         68   strcpy.o
        14          0          0          0          0         68   strlen.o
        30          0          0          0          0         80   strncmp.o
        24          0          0          0          0         76   strncpy.o
        98          0          0          0          0         92   uldiv.o
       186          0          0          0          0        176   depilogue.o
        50          0          0          0          0         76   dfixui.o
        26          0          0          0          0         76   dfltui.o
       228          0          0          0          0         96   dmul.o

    ----------------------------------------------------------------------
      2188         76          0          4          0       1692   Library Totals
         4          0          0          0          0          0   (incl. Padding)

    ----------------------------------------------------------------------

      Code (inc. data)   RO Data    RW Data    ZI Data      Debug   Library Name

      1694         76          0          4          0       1268   mc_w.l
       490          0          0          0          0        424   mf_w.l

    ----------------------------------------------------------------------
      2188         76          0          4          0       1692   Library Totals

    ----------------------------------------------------------------------

==============================================================================


      Code (inc. data)   RO Data    RW Data    ZI Data      Debug   

     54192       3260      19212        444     129236    1235757   Grand Totals
     54192       3260      19212        104     129236    1235757   ELF Image Totals (compressed)
     54192       3260      19212        104          0          0   ROM Totals

==============================================================================

    Total RO  Size (Code + RO Data)                73404 (  71.68kB)
    Total RW  Size (RW Data + ZI Data)            129680 ( 126.64kB)
    Total ROM Size (Code + RO Data + RW Data)      73508 (  71.79kB)

==============================================================================

