Component: ARM Compiler 5.06 update 6 (build 750) Tool: armlink [4d35ed]

==============================================================================

Section Cross References

    startup_stm32f429xx.o(RESET) refers to startup_stm32f429xx.o(STACK) for __initial_sp
    startup_stm32f429xx.o(RESET) refers to startup_stm32f429xx.o(.text) for Reset_Handler
    startup_stm32f429xx.o(RESET) refers to stm32f4xx_it.o(i.NMI_Handler) for NMI_Handler
    startup_stm32f429xx.o(RESET) refers to stm32f4xx_it.o(i.HardFault_Handler) for HardFault_Handler
    startup_stm32f429xx.o(RESET) refers to stm32f4xx_it.o(i.MemManage_Handler) for MemManage_Handler
    startup_stm32f429xx.o(RESET) refers to stm32f4xx_it.o(i.BusFault_Handler) for BusFault_Handler
    startup_stm32f429xx.o(RESET) refers to stm32f4xx_it.o(i.UsageFault_Handler) for UsageFault_Handler
    startup_stm32f429xx.o(RESET) refers to port.o(.emb_text) for SVC_Handler
    startup_stm32f429xx.o(RESET) refers to stm32f4xx_it.o(i.DebugMon_Handler) for DebugMon_Handler
    startup_stm32f429xx.o(RESET) refers to port.o(i.SysTick_Handler) for SysTick_Handler
    startup_stm32f429xx.o(RESET) refers to stm32f4xx_it.o(i.TIM3_IRQHandler) for TIM3_IRQHandler
    startup_stm32f429xx.o(RESET) refers to stm32f4xx_it.o(i.TIM4_IRQHandler) for TIM4_IRQHandler
    startup_stm32f429xx.o(RESET) refers to stm32f4xx_it.o(i.SDIO_IRQHandler) for SDIO_IRQHandler
    startup_stm32f429xx.o(RESET) refers to stm32f4xx_it.o(i.DMA2_Stream3_IRQHandler) for DMA2_Stream3_IRQHandler
    startup_stm32f429xx.o(RESET) refers to stm32f4xx_it.o(i.DMA2_Stream6_IRQHandler) for DMA2_Stream6_IRQHandler
    startup_stm32f429xx.o(.text) refers to system_stm32f4xx.o(i.SystemInit) for SystemInit
    startup_stm32f429xx.o(.text) refers to entry.o(.ARM.Collect$$$$00000000) for __main
    main.o(i.MX_GPIO_Init) refers to memseta.o(.text) for __aeabi_memclr4
    main.o(i.MX_GPIO_Init) refers to stm32f4xx_hal_gpio.o(i.HAL_GPIO_Init) for HAL_GPIO_Init
    main.o(i.StartDefaultTask) refers to cmsis_os.o(i.osDelay) for osDelay
    main.o(i.SystemClock_Config) refers to memseta.o(.text) for __aeabi_memclr4
    main.o(i.SystemClock_Config) refers to stm32f4xx_hal_rcc.o(i.HAL_RCC_OscConfig) for HAL_RCC_OscConfig
    main.o(i.SystemClock_Config) refers to stm32f4xx_hal_pwr_ex.o(i.HAL_PWREx_EnableOverDrive) for HAL_PWREx_EnableOverDrive
    main.o(i.SystemClock_Config) refers to stm32f4xx_hal_rcc.o(i.HAL_RCC_ClockConfig) for HAL_RCC_ClockConfig
    main.o(i.main) refers to stm32f4xx_hal.o(i.HAL_Init) for HAL_Init
    main.o(i.main) refers to main.o(i.SystemClock_Config) for SystemClock_Config
    main.o(i.main) refers to log.o(i.Log_init) for Log_init
    main.o(i.main) refers to main.o(i.MX_GPIO_Init) for MX_GPIO_Init
    main.o(i.main) refers to sdio.o(i.MX_DMA_Init) for MX_DMA_Init
    main.o(i.main) refers to sdio.o(i.MX_SDIO_SD_Init) for MX_SDIO_SD_Init
    main.o(i.main) refers to usart.o(i.MX_USART1_UART_Init) for MX_USART1_UART_Init
    main.o(i.main) refers to fatfs.o(i.MX_FATFS_Init) for MX_FATFS_Init
    main.o(i.main) refers to fmc.o(i.MX_FMC_Init) for MX_FMC_Init
    main.o(i.main) refers to key.o(i.KEY_Init) for KEY_Init
    main.o(i.main) refers to tftlcd_arg.o(i.LCD_Init) for LCD_Init
    main.o(i.main) refers to tftlcd_arg.o(i.LCD_ShowString) for LCD_ShowString
    main.o(i.main) refers to freertos.o(i.MX_FREERTOS_Init) for MX_FREERTOS_Init
    main.o(i.main) refers to memcpya.o(.text) for __aeabi_memcpy4
    main.o(i.main) refers to cmsis_os.o(i.osThreadCreate) for osThreadCreate
    main.o(i.main) refers to cmsis_os.o(i.osKernelStart) for osKernelStart
    main.o(i.main) refers to main.o(.constdata) for .constdata
    main.o(i.main) refers to main.o(.data) for .data
    main.o(.constdata) refers to main.o(.conststring) for .conststring
    main.o(.constdata) refers to main.o(i.StartDefaultTask) for StartDefaultTask
    freertos.o(i.MX_FREERTOS_Init) refers to freertos.o(i.StartTask) for StartTask
    freertos.o(i.StartTask) refers to printf8.o(i.__0printf$8) for __2printf
    freertos.o(i.StartTask) refers to tftlcd_opr.o(i.create_tftlcd_task) for create_tftlcd_task
    freertos.o(i.StartTask) refers to sd_card_opr.o(i.create_sd_card_task) for create_sd_card_task
    freertos.o(i.TaskGetStackHighWaterMark) refers to tasks.o(i.uxTaskGetStackHighWaterMark) for uxTaskGetStackHighWaterMark
    freertos.o(i.vApplicationGetIdleTaskMemory) refers to freertos.o(.bss) for .bss
    stm32f4xx_it.o(i.DMA2_Stream3_IRQHandler) refers to stm32f4xx_hal_dma.o(i.HAL_DMA_IRQHandler) for HAL_DMA_IRQHandler
    stm32f4xx_it.o(i.DMA2_Stream3_IRQHandler) refers to sdio.o(.bss) for hdma_sdio_rx
    stm32f4xx_it.o(i.DMA2_Stream6_IRQHandler) refers to stm32f4xx_hal_dma.o(i.HAL_DMA_IRQHandler) for HAL_DMA_IRQHandler
    stm32f4xx_it.o(i.DMA2_Stream6_IRQHandler) refers to sdio.o(.bss) for hdma_sdio_tx
    stm32f4xx_it.o(i.SDIO_IRQHandler) refers to stm32f4xx_hal_sd.o(i.HAL_SD_IRQHandler) for HAL_SD_IRQHandler
[...]
    TIM8_UP_TIM13_IRQHandler                 0x0800029b   Thumb Code     0  startup_stm32f429xx.o(.text)
    UART4_IRQHandler                         0x0800029b   Thumb Code     0  startup_stm32f429xx.o(.text)
    UART5_IRQHandler                         0x0800029b   Thumb Code     0  startup_stm32f429xx.o(.text)
    UART7_IRQHandler                         0x0800029b   Thumb Code     0  startup_stm32f429xx.o(.text)
    UART8_IRQHandler                         0x0800029b   Thumb Code     0  startup_stm32f429xx.o(.text)
    USART1_IRQHandler                        0x0800029b   Thumb Code     0  startup_stm32f429xx.o(.text)
    USART2_IRQHandler                        0x0800029b   Thumb Code     0  startup_stm32f429xx.o(.text)
    USART3_IRQHandler                        0x0800029b   Thumb Code     0  startup_stm32f429xx.o(.text)
    USART6_IRQHandler                        0x0800029b   Thumb Code     0  startup_stm32f429xx.o(.text)
    WWDG_IRQHandler                          0x0800029b   Thumb Code     0  startup_stm32f429xx.o(.text)
    __aeabi_uldivmod                         0x080002a5   Thumb Code    98  uldiv.o(.text)
    __aeabi_memcpy                           0x08000307   Thumb Code    36  memcpya.o(.text)
    __aeabi_memcpy4                          0x08000307   Thumb Code     0  memcpya.o(.text)
    __aeabi_memcpy8                          0x08000307   Thumb Code     0  memcpya.o(.text)
    __aeabi_memset                           0x0800032b   Thumb Code    14  memseta.o(.text)
    __aeabi_memset4                          0x0800032b   Thumb Code     0  memseta.o(.text)
    __aeabi_memset8                          0x0800032b   Thumb Code     0  memseta.o(.text)
    __aeabi_memclr                           0x08000339   Thumb Code     4  memseta.o(.text)
    __aeabi_memclr4                          0x08000339   Thumb Code     0  memseta.o(.text)
    __aeabi_memclr8                          0x08000339   Thumb Code     0  memseta.o(.text)
    memset                                   0x0800033d   Thumb Code    18  memseta.o(.text)
    strncpy                                  0x0800034f   Thumb Code    24  strncpy.o(.text)
    strlen                                   0x08000367   Thumb Code    14  strlen.o(.text)
    strcpy                                   0x08000375   Thumb Code    18  strcpy.o(.text)
    strncmp                                  0x08000387   Thumb Code    30  strncmp.o(.text)
    __aeabi_dmul                             0x080003a5   Thumb Code   228  dmul.o(.text)
    __aeabi_ui2d                             0x08000489   Thumb Code    26  dfltui.o(.text)
    __aeabi_d2uiz                            0x080004a3   Thumb Code    50  dfixui.o(.text)
    __aeabi_llsl                             0x080004d5   Thumb Code    30  llshl.o(.text)
    _ll_shift_l                              0x080004d5   Thumb Code     0  llshl.o(.text)
    __aeabi_llsr                             0x080004f3   Thumb Code    32  llushr.o(.text)
    _ll_ushift_r                             0x080004f3   Thumb Code     0  llushr.o(.text)
    __I$use$fp                               0x08000513   Thumb Code     0  iusefp.o(.text)
    _double_round                            0x08000513   Thumb Code    30  depilogue.o(.text)
    _double_epilogue                         0x08000531   Thumb Code   156  depilogue.o(.text)
    __scatterload                            0x080005cd   Thumb Code    28  init.o(.text)
    __scatterload_rt2                        0x080005cd   Thumb Code     0  init.o(.text)
    __decompress                             0x080005f1   Thumb Code     0  __dczerorl2.o(.text)
    __decompress1                            0x080005f1   Thumb Code    86  __dczerorl2.o(.text)
    AddIgnorTask                             0x08000649   Thumb Code    66  osmonit.o(i.AddIgnorTask)
    BSP_SD_AbortCallback                     0x08000695   Thumb Code     2  bsp_driver_sd.o(i.BSP_SD_AbortCallback)
    BSP_SD_GetCardInfo                       0x08000699   Thumb Code     8  bsp_driver_sd.o(i.BSP_SD_GetCardInfo)
    BSP_SD_GetCardState                      0x080006a5   Thumb Code    20  bsp_driver_sd.o(i.BSP_SD_GetCardState)
    BSP_SD_Init                              0x080006bd   Thumb Code    42  bsp_driver_sd.o(i.BSP_SD_Init)
    BSP_SD_IsDetected                        0x080006ed   Thumb Code    14  bsp_driver_sd.o(i.BSP_SD_IsDetected)
    BSP_SD_ReadBlocks_DMA                    0x080006fd   Thumb Code    24  bsp_driver_sd.o(i.BSP_SD_ReadBlocks_DMA)
    BSP_SD_ReadCpltCallback                  0x08000719   Thumb Code    12  sd_diskio.o(i.BSP_SD_ReadCpltCallback)
    BSP_SD_WriteBlocks_DMA                   0x08000729   Thumb Code    24  bsp_driver_sd.o(i.BSP_SD_WriteBlocks_DMA)
    BSP_SD_WriteCpltCallback                 0x08000745   Thumb Code    12  sd_diskio.o(i.BSP_SD_WriteCpltCallback)
    BusFault_Handler                         0x08000755   Thumb Code     2  stm32f4xx_it.o(i.BusFault_Handler)
    CheckHeapSize                            0x08000759   Thumb Code    54  osmonit.o(i.CheckHeapSize)
    ConfigTimerForRunTimeStats               0x08000795   Thumb Code    16  tim.o(i.ConfigTimerForRunTimeStats)
    DMA2_Stream3_IRQHandler                  0x080007a9   Thumb Code     6  stm32f4xx_it.o(i.DMA2_Stream3_IRQHandler)
    DMA2_Stream6_IRQHandler                  0x080007b5   Thumb Code     6  stm32f4xx_it.o(i.DMA2_Stream6_IRQHandler)
    DebugMon_Handler                         0x08000865   Thumb Code     2  stm32f4xx_it.o(i.DebugMon_Handler)
    Error_Handler                            0x08000867   Thumb Code     4  main.o(i.Error_Handler)
    EventMonit                               0x0800086d   Thumb Code    62  osmonit.o(i.EventMonit)
    FATFS_LinkDriver                         0x080008b1   Thumb Code     6  ff_gen_drv.o(i.FATFS_LinkDriver)
    FATFS_LinkDriverEx                       0x080008b9   Thumb Code    58  ff_gen_drv.o(i.FATFS_LinkDriverEx)
    FMC_NORSRAM_Extended_Timing_Init         0x080008f9   Thumb Code    60  stm32f4xx_ll_fmc.o(i.FMC_NORSRAM_Extended_Timing_Init)
    FMC_NORSRAM_Init                         0x08000939   Thumb Code   104  stm32f4xx_ll_fmc.o(i.FMC_NORSRAM_Init)
    FMC_NORSRAM_Timing_Init                  0x080009a5   Thumb Code    86  stm32f4xx_ll_fmc.o(i.FMC_NORSRAM_Timing_Init)
    GetSystemStat                            0x08000a01   Thumb Code   114  osmonit.o(i.GetSystemStat)
    HAL_DMA_Abort_IT                         0x08000a79   Thumb Code    36  stm32f4xx_hal_dma.o(i.HAL_DMA_Abort_IT)
    HAL_DMA_GetError                         0x08000a9d   Thumb Code     4  stm32f4xx_hal_dma.o(i.HAL_DMA_GetError)
    HAL_DMA_IRQHandler                       0x08000aa1   Thumb Code   412  stm32f4xx_hal_dma.o(i.HAL_DMA_IRQHandler)
    HAL_DMA_Init                             0x08000c41   Thumb Code   206  stm32f4xx_hal_dma.o(i.HAL_DMA_Init)
    HAL_DMA_Start_IT                         0x08000d15   Thumb Code   110  stm32f4xx_hal_dma.o(i.HAL_DMA_Start_IT)
    HAL_Delay                                0x08000d85   Thumb Code    32  stm32f4xx_hal.o(i.HAL_Delay)
    HAL_GPIO_Init                            0x08000e35   Thumb Code   414  stm32f4xx_hal_gpio.o(i.HAL_GPIO_Init)
    HAL_GPIO_ReadPin                         0x08001009   Thumb Code    10  stm32f4xx_hal_gpio.o(i.HAL_GPIO_ReadPin)
    HAL_GetTick                              0x08001015   Thumb Code     6  stm32f4xx_hal.o(i.HAL_GetTick)
    HAL_HalfDuplex_Init                      0x08001021   Thumb Code   108  stm32f4xx_hal_uart.o(i.HAL_HalfDuplex_Init)
    HAL_IWDG_Init                            0x0800108d   Thumb Code    82  stm32f4xx_hal_iwdg.o(i.HAL_IWDG_Init)
    HAL_IWDG_Refresh                         0x080010df   Thumb Code    12  stm32f4xx_hal_iwdg.o(i.HAL_IWDG_Refresh)
    HAL_IncTick                              0x080010ed   Thumb Code    12  stm32f4xx_hal.o(i.HAL_IncTick)
    HAL_Init                                 0x080010fd   Thumb Code    48  stm32f4xx_hal.o(i.HAL_Init)
    HAL_InitTick                             0x08001131   Thumb Code   100  stm32f4xx_hal_timebase_tim.o(i.HAL_InitTick)
    HAL_MspInit                              0x080011a5   Thumb Code    52  stm32f4xx_hal_msp.o(i.HAL_MspInit)
    HAL_NVIC_EnableIRQ                       0x080011dd   Thumb Code    26  stm32f4xx_hal_cortex.o(i.HAL_NVIC_EnableIRQ)
    HAL_NVIC_SetPriority                     0x080011f9   Thumb Code    60  stm32f4xx_hal_cortex.o(i.HAL_NVIC_SetPriority)
    HAL_NVIC_SetPriorityGrouping             0x08001239   Thumb Code    26  stm32f4xx_hal_cortex.o(i.HAL_NVIC_SetPriorityGrouping)
    HAL_NVIC_SystemReset                     0x0800125d   Thumb Code    26  stm32f4xx_hal_cortex.o(i.HAL_NVIC_SystemReset)
    HAL_PWREx_EnableOverDrive                0x08001281   Thumb Code    98  stm32f4xx_hal_pwr_ex.o(i.HAL_PWREx_EnableOverDrive)
    HAL_RCC_ClockConfig                      0x080012f1   Thumb Code   288  stm32f4xx_hal_rcc.o(i.HAL_RCC_ClockConfig)
    HAL_RCC_GetClockConfig                   0x08001425   Thumb Code    54  stm32f4xx_hal_rcc.o(i.HAL_RCC_GetClockConfig)
    HAL_RCC_GetPCLK1Freq                     0x08001465   Thumb Code    20  stm32f4xx_hal_rcc.o(i.HAL_RCC_GetPCLK1Freq)
    HAL_RCC_GetPCLK2Freq                     0x08001485   Thumb Code    20  stm32f4xx_hal_rcc.o(i.HAL_RCC_GetPCLK2Freq)
    HAL_RCC_GetSysClockFreq                  0x080014a5   Thumb Code    88  stm32f4xx_hal_rcc.o(i.HAL_RCC_GetSysClockFreq)
    HAL_RCC_OscConfig                        0x08001509   Thumb Code   840  stm32f4xx_hal_rcc.o(i.HAL_RCC_OscConfig)
    HAL_SD_AbortCallback                     0x08001865   Thumb Code     8  bsp_driver_sd.o(i.HAL_SD_AbortCallback)
    HAL_SD_ConfigWideBusOperation            0x0800186d   Thumb Code   238  stm32f4xx_hal_sd.o(i.HAL_SD_ConfigWideBusOperation)
    HAL_SD_ErrorCallback                     0x08001961   Thumb Code     2  stm32f4xx_hal_sd.o(i.HAL_SD_ErrorCallback)
    HAL_SD_GetCardCSD                        0x08001965   Thumb Code   402  stm32f4xx_hal_sd.o(i.HAL_SD_GetCardCSD)
    HAL_SD_GetCardInfo                       0x08001afd   Thumb Code    36  stm32f4xx_hal_sd.o(i.HAL_SD_GetCardInfo)
    HAL_SD_GetCardState                      0x08001b21   Thumb Code    44  stm32f4xx_hal_sd.o(i.HAL_SD_GetCardState)
    HAL_SD_IRQHandler                        0x08001b4d   Thumb Code   512  stm32f4xx_hal_sd.o(i.HAL_SD_IRQHandler)
    HAL_SD_Init                              0x08001d55   Thumb Code    54  stm32f4xx_hal_sd.o(i.HAL_SD_Init)
    HAL_SD_InitCard                          0x08001d8d   Thumb Code    78  stm32f4xx_hal_sd.o(i.HAL_SD_InitCard)
    HAL_SD_MspInit                           0x08001de1   Thumb Code   300  sdio.o(i.HAL_SD_MspInit)
    HAL_SD_ReadBlocks_DMA                    0x08001f25   Thumb Code   288  stm32f4xx_hal_sd.o(i.HAL_SD_ReadBlocks_DMA)
    HAL_SD_RxCpltCallback                    0x08002055   Thumb Code     8  bsp_driver_sd.o(i.HAL_SD_RxCpltCallback)
    HAL_SD_TxCpltCallback                    0x0800205d   Thumb Code     8  bsp_driver_sd.o(i.HAL_SD_TxCpltCallback)
    HAL_SD_WriteBlocks_DMA                   0x08002065   Thumb Code   290  stm32f4xx_hal_sd.o(i.HAL_SD_WriteBlocks_DMA)
    HAL_SRAM_Init                            0x08002199   Thumb Code    86  stm32f4xx_hal_sram.o(i.HAL_SRAM_Init)
    HAL_SRAM_MspInit                         0x080021ef   Thumb Code     4  fmc.o(i.HAL_SRAM_MspInit)
    HAL_TIMEx_BreakCallback                  0x080021f3   Thumb Code     2  stm32f4xx_hal_tim_ex.o(i.HAL_TIMEx_BreakCallback)
    HAL_TIMEx_CommutCallback                 0x080021f5   Thumb Code     2  stm32f4xx_hal_tim_ex.o(i.HAL_TIMEx_CommutCallback)
    HAL_TIMEx_MasterConfigSynchronization    0x080021f9   Thumb Code   116  stm32f4xx_hal_tim_ex.o(i.HAL_TIMEx_MasterConfigSynchronization)
    HAL_TIM_Base_Init                        0x08002289   Thumb Code    54  stm32f4xx_hal_tim.o(i.HAL_TIM_Base_Init)
    HAL_TIM_Base_MspInit                     0x080022c1   Thumb Code    50  tim.o(i.HAL_TIM_Base_MspInit)
    HAL_TIM_Base_Start_IT                    0x080022fd   Thumb Code    34  stm32f4xx_hal_tim.o(i.HAL_TIM_Base_Start_IT)
    HAL_TIM_ConfigClockSource                0x0800231f   Thumb Code   214  stm32f4xx_hal_tim.o(i.HAL_TIM_ConfigClockSource)
    HAL_TIM_IC_CaptureCallback               0x080023f5   Thumb Code     2  stm32f4xx_hal_tim.o(i.HAL_TIM_IC_CaptureCallback)
    HAL_TIM_IRQHandler                       0x080023f7   Thumb Code   358  stm32f4xx_hal_tim.o(i.HAL_TIM_IRQHandler)
    HAL_TIM_OC_DelayElapsedCallback          0x0800255d   Thumb Code     2  stm32f4xx_hal_tim.o(i.HAL_TIM_OC_DelayElapsedCallback)
    HAL_TIM_PWM_PulseFinishedCallback        0x0800255f   Thumb Code     2  stm32f4xx_hal_tim.o(i.HAL_TIM_PWM_PulseFinishedCallback)
    HAL_TIM_PeriodElapsedCallback            0x08002561   Thumb Code    36  tim.o(i.HAL_TIM_PeriodElapsedCallback)
    HAL_TIM_TriggerCallback                  0x08002591   Thumb Code     2  stm32f4xx_hal_tim.o(i.HAL_TIM_TriggerCallback)
    HAL_UART_MspInit                         0x08002595   Thumb Code    94  usart.o(i.HAL_UART_MspInit)
    HardFault_Handler                        0x08002601   Thumb Code     2  stm32f4xx_it.o(i.HardFault_Handler)
    IWDG_Init                                0x08002605   Thumb Code    20  osmonit.o(i.IWDG_Init)
    IgnorTaskInit                            0x08002621   Thumb Code    26  osmonit.o(i.IgnorTaskInit)
    KEY_Init                                 0x08002641   Thumb Code   108  key.o(i.KEY_Init)
    KEY_Scan                                 0x080026bd   Thumb Code   200  key.o(i.KEY_Scan)
    LCD_Clear                                0x08002795   Thumb Code    42  tftlcd_arg.o(i.LCD_Clear)
    LCD_Display_Dir                          0x080027c9   Thumb Code   212  tftlcd_arg.o(i.LCD_Display_Dir)
    LCD_Fast_DrawPoint                       0x080028a1   Thumb Code   218  tftlcd_arg.o(i.LCD_Fast_DrawPoint)
    LCD_Init                                 0x08002985   Thumb Code  8916  tftlcd_arg.o(i.LCD_Init)
    LCD_RD_DATA                              0x08004c5d   Thumb Code    16  tftlcd_arg.o(i.LCD_RD_DATA)
    LCD_SSD_BackLightSet                     0x08004c71   Thumb Code    72  tftlcd_arg.o(i.LCD_SSD_BackLightSet)
    LCD_Scan_Dir                             0x08004cc1   Thumb Code   434  tftlcd_arg.o(i.LCD_Scan_Dir)
    LCD_SetCursor                            0x08004e79   Thumb Code   254  tftlcd_arg.o(i.LCD_SetCursor)
    LCD_ShowChar                             0x08004f7d   Thumb Code   244  tftlcd_arg.o(i.LCD_ShowChar)
    LCD_ShowString                           0x08005111   Thumb Code    88  tftlcd_arg.o(i.LCD_ShowString)
    LCD_WR_DATA                              0x08005169   Thumb Code    20  tftlcd_arg.o(i.LCD_WR_DATA)
    LCD_WR_REG                               0x08005181   Thumb Code    20  tftlcd_arg.o(i.LCD_WR_REG)
    LCD_WriteRAM_Prepare                     0x08005199   Thumb Code    10  tftlcd_arg.o(i.LCD_WriteRAM_Prepare)
    LCD_WriteReg                             0x080051ad   Thumb Code    10  tftlcd_arg.o(i.LCD_WriteReg)
    LogGiveMutex                             0x080051bd   Thumb Code    14  log.o(i.LogGiveMutex)
    LogTakeMutex                             0x080051d1   Thumb Code    18  log.o(i.LogTakeMutex)
    Log_init                                 0x080051e9   Thumb Code    42  log.o(i.Log_init)
    MX_DMA_Init                              0x08005269   Thumb Code    56  sdio.o(i.MX_DMA_Init)
    MX_FATFS_Init                            0x080052a5   Thumb Code    16  fatfs.o(i.MX_FATFS_Init)
    MX_FMC_Init                              0x080052bd   Thumb Code    94  fmc.o(i.MX_FMC_Init)
    MX_FREERTOS_Init                         0x08005325   Thumb Code     4  freertos.o(i.MX_FREERTOS_Init)
    MX_SDIO_SD_Init                          0x080053c9   Thumb Code    24  sdio.o(i.MX_SDIO_SD_Init)
    MX_TIM3_Init                             0x080053e9   Thumb Code   144  tim.o(i.MX_TIM3_Init)
    MX_USART1_UART_Init                      0x080054c5   Thumb Code    48  usart.o(i.MX_USART1_UART_Init)
    MemManage_Handler                        0x080054fd   Thumb Code     2  stm32f4xx_it.o(i.MemManage_Handler)
    NMI_Handler                              0x080054ff   Thumb Code     2  stm32f4xx_it.o(i.NMI_Handler)
    OSMonitInit                              0x08005501   Thumb Code    26  osmonit.o(i.OSMonitInit)
    OSMonitTask                              0x08005521   Thumb Code    56  osmonit.o(i.OSMonitTask)
    RunCallback                              0x0800555d   Thumb Code    42  osmonit.o(i.RunCallback)
    RunFunction                              0x08005591   Thumb Code    32  osmonit.o(i.RunFunction)
    SDIO_ConfigData                          0x080055b1   Thumb Code    36  stm32f4xx_ll_sdmmc.o(i.SDIO_ConfigData)
    SDIO_GetPowerState                       0x080055d5   Thumb Code     8  stm32f4xx_ll_sdmmc.o(i.SDIO_GetPowerState)
    SDIO_GetResponse                         0x080055dd   Thumb Code     6  stm32f4xx_ll_sdmmc.o(i.SDIO_GetResponse)
    SDIO_IRQHandler                          0x080055e5   Thumb Code     6  stm32f4xx_it.o(i.SDIO_IRQHandler)
    SDIO_Init                                0x080055f1   Thumb Code    36  stm32f4xx_ll_sdmmc.o(i.SDIO_Init)
    SDIO_PowerState_ON                       0x08005615   Thumb Code    16  stm32f4xx_ll_sdmmc.o(i.SDIO_PowerState_ON)
    SDIO_ReadFIFO                            0x08005625   Thumb Code     6  stm32f4xx_ll_sdmmc.o(i.SDIO_ReadFIFO)
    SDIO_SendCommand                         0x0800562b   Thumb Code    32  stm32f4xx_ll_sdmmc.o(i.SDIO_SendCommand)
    SDIO_WriteFIFO                           0x0800564b   Thumb Code    10  stm32f4xx_ll_sdmmc.o(i.SDIO_WriteFIFO)
    SDMMC_CmdAppCommand                      0x08005655   Thumb Code    50  stm32f4xx_ll_sdmmc.o(i.SDMMC_CmdAppCommand)
    SDMMC_CmdAppOperCommand                  0x08005689   Thumb Code    48  stm32f4xx_ll_sdmmc.o(i.SDMMC_CmdAppOperCommand)
    SDMMC_CmdBlockLength                     0x080056bd   Thumb Code    50  stm32f4xx_ll_sdmmc.o(i.SDMMC_CmdBlockLength)
    SDMMC_CmdBusWidth                        0x080056ef   Thumb Code    50  stm32f4xx_ll_sdmmc.o(i.SDMMC_CmdBusWidth)
    SDMMC_CmdGoIdleState                     0x08005721   Thumb Code    74  stm32f4xx_ll_sdmmc.o(i.SDMMC_CmdGoIdleState)
    SDMMC_CmdOperCond                        0x08005771   Thumb Code   112  stm32f4xx_ll_sdmmc.o(i.SDMMC_CmdOperCond)
    SDMMC_CmdReadMultiBlock                  0x080057e5   Thumb Code    50  stm32f4xx_ll_sdmmc.o(i.SDMMC_CmdReadMultiBlock)
    SDMMC_CmdReadSingleBlock                 0x08005817   Thumb Code    50  stm32f4xx_ll_sdmmc.o(i.SDMMC_CmdReadSingleBlock)
    SDMMC_CmdSelDesel                        0x08005849   Thumb Code    50  stm32f4xx_ll_sdmmc.o(i.SDMMC_CmdSelDesel)
    SDMMC_CmdSendCID                         0x0800587b   Thumb Code    44  stm32f4xx_ll_sdmmc.o(i.SDMMC_CmdSendCID)
    SDMMC_CmdSendCSD                         0x080058a7   Thumb Code    44  stm32f4xx_ll_sdmmc.o(i.SDMMC_CmdSendCSD)
    SDMMC_CmdSendSCR                         0x080058d3   Thumb Code    48  stm32f4xx_ll_sdmmc.o(i.SDMMC_CmdSendSCR)
    SDMMC_CmdSendStatus                      0x08005903   Thumb Code    50  stm32f4xx_ll_sdmmc.o(i.SDMMC_CmdSendStatus)
    SDMMC_CmdSetRelAdd                       0x08005935   Thumb Code    48  stm32f4xx_ll_sdmmc.o(i.SDMMC_CmdSetRelAdd)
    SDMMC_CmdStopTransfer                    0x08005965   Thumb Code    46  stm32f4xx_ll_sdmmc.o(i.SDMMC_CmdStopTransfer)
    SDMMC_CmdWriteMultiBlock                 0x08005999   Thumb Code    50  stm32f4xx_ll_sdmmc.o(i.SDMMC_CmdWriteMultiBlock)
    SDMMC_CmdWriteSingleBlock                0x080059cb   Thumb Code    50  stm32f4xx_ll_sdmmc.o(i.SDMMC_CmdWriteSingleBlock)
    SD_initialize                            0x08006031   Thumb Code    74  sd_diskio.o(i.SD_initialize)
    SD_ioctl                                 0x08006085   Thumb Code    76  sd_diskio.o(i.SD_ioctl)
    SD_read                                  0x080060d5   Thumb Code    98  sd_diskio.o(i.SD_read)
    SD_status                                0x0800613d   Thumb Code     4  sd_diskio.o(i.SD_status)
    SD_write                                 0x08006141   Thumb Code    98  sd_diskio.o(i.SD_write)
    SetTaskMonitEvntGrupBits                 0x080061a9   Thumb Code    16  osmonit.o(i.SetTaskMonitEvntGrupBits)
    StartDefaultTask                         0x080061bd   Thumb Code     8  main.o(i.StartDefaultTask)
    StartTask                                0x080061c5   Thumb Code    20  freertos.o(i.StartTask)
    SysMointTaskRegister                     0x080061e9   Thumb Code   156  osmonit.o(i.SysMointTaskRegister)
    SysRestart                               0x08006289   Thumb Code    50  osmonit.o(i.SysRestart)
    SysTick_Handler                          0x0800632d   Thumb Code    38  port.o(i.SysTick_Handler)
    SystemClock_Config                       0x08006359   Thumb Code   152  main.o(i.SystemClock_Config)
    SystemInit                               0x080063f9   Thumb Code    22  system_stm32f4xx.o(i.SystemInit)
    TIM3_IRQHandler                          0x08006415   Thumb Code     6  stm32f4xx_it.o(i.TIM3_IRQHandler)
    TIM4_IRQHandler                          0x08006421   Thumb Code     6  stm32f4xx_it.o(i.TIM4_IRQHandler)
    TIM_Base_SetConfig                       0x0800642d   Thumb Code   156  stm32f4xx_hal_tim.o(i.TIM_Base_SetConfig)
    TIM_ETR_SetConfig                        0x080064f5   Thumb Code    20  stm32f4xx_hal_tim.o(i.TIM_ETR_SetConfig)
    UsageFault_Handler                       0x08006689   Thumb Code     2  stm32f4xx_it.o(i.UsageFault_Handler)
    __0printf$8                              0x0800668d   Thumb Code    22  printf8.o(i.__0printf$8)
    __1printf$8                              0x0800668d   Thumb Code     0  printf8.o(i.__0printf$8)
    __2printf                                0x0800668d   Thumb Code     0  printf8.o(i.__0printf$8)
    __0sprintf$8                             0x080066ad   Thumb Code    34  printf8.o(i.__0sprintf$8)
    __1sprintf$8                             0x080066ad   Thumb Code     0  printf8.o(i.__0sprintf$8)
    __2sprintf                               0x080066ad   Thumb Code     0  printf8.o(i.__0sprintf$8)
    __scatterload_copy                       0x080066f5   Thumb Code    14  handlers.o(i.__scatterload_copy)
    __scatterload_null                       0x08006703   Thumb Code     2  handlers.o(i.__scatterload_null)
    __scatterload_zeroinit                   0x08006705   Thumb Code    14  handlers.o(i.__scatterload_zeroinit)
    creat_task_info                          0x08006cb9   Thumb Code    58  osmonit.o(i.creat_task_info)
    create_sd_card_task                      0x08006e61   Thumb Code    36  sd_card_opr.o(i.create_sd_card_task)
    create_tftlcd_task                       0x08006eb1   Thumb Code    36  tftlcd_opr.o(i.create_tftlcd_task)
    delay_ms                                 0x08006f2d   Thumb Code    22  syscommdef.o(i.delay_ms)
    delay_us                                 0x08006f43   Thumb Code    12  syscommdef.o(i.delay_us)
    disk_initialize                          0x080071ad   Thumb Code    36  diskio.o(i.disk_initialize)
    disk_ioctl                               0x080071d5   Thumb Code    24  diskio.o(i.disk_ioctl)
    disk_read                                0x080071f1   Thumb Code    24  diskio.o(i.disk_read)
    disk_status                              0x0800720d   Thumb Code    18  diskio.o(i.disk_status)
    disk_write                               0x08007225   Thumb Code    24  diskio.o(i.disk_write)
    eTaskGetState                            0x08007241   Thumb Code   106  tasks.o(i.eTaskGetState)
    f_close                                  0x080072b5   Thumb Code    48  ff.o(i.f_close)
    f_lseek                                  0x080072e5   Thumb Code   554  ff.o(i.f_lseek)
    f_mkdir                                  0x08007511   Thumb Code   344  ff.o(i.f_mkdir)
    f_mkfs                                   0x08007669   Thumb Code  1352  ff.o(i.f_mkfs)
    f_mount                                  0x08007bb5   Thumb Code   118  ff.o(i.f_mount)
    f_open                                   0x08007c31   Thumb Code   528  ff.o(i.f_open)
    f_stat                                   0x08007e45   Thumb Code    68  ff.o(i.f_stat)
    f_sync                                   0x08007e89   Thumb Code   162  ff.o(i.f_sync)
    f_write                                  0x08007f2b   Thumb Code   438  ff.o(i.f_write)
    ff_cre_syncobj                           0x080080e1   Thumb Code    28  syscall.o(i.ff_cre_syncobj)
    ff_del_syncobj                           0x080080fd   Thumb Code    10  syscall.o(i.ff_del_syncobj)
    ff_rel_grant                             0x08008107   Thumb Code     4  syscall.o(i.ff_rel_grant)
    ff_req_grant                             0x0800810b   Thumb Code    20  syscall.o(i.ff_req_grant)
    fputc                                    0x080083f5   Thumb Code    20  usart.o(i.fputc)
    get_fattime                              0x080084cb   Thumb Code     4  fatfs.o(i.get_fattime)
    get_task_run_time_stat                   0x0800856d   Thumb Code    40  osmonit.o(i.get_task_run_time_stat)
    isIgnorTask                              0x0800862d   Thumb Code    62  osmonit.o(i.isIgnorTask)
    main                                     0x080086cd   Thumb Code    98  main.o(i.main)
    my_fmount                                0x080087a9   Thumb Code   162  fatfs.o(i.my_fmount)
    my_mkfs                                  0x08008981   Thumb Code   100  fatfs.o(i.my_mkfs)
    oSMonitOsDelay                           0x08008a61   Thumb Code   160  osmonit.o(i.oSMonitOsDelay)
    oSMonitOuttime                           0x08008b05   Thumb Code    28  osmonit.o(i.oSMonitOuttime)
    oSMonitTimer                             0x08008b25   Thumb Code    10  osmonit.o(i.oSMonitTimer)
    osDelay                                  0x08008b35   Thumb Code    14  cmsis_os.o(i.osDelay)
    osKernelRunning                          0x08008b43   Thumb Code    18  cmsis_os.o(i.osKernelRunning)
    osKernelStart                            0x08008b55   Thumb Code    10  cmsis_os.o(i.osKernelStart)
    osKernelSysTick                          0x08008b5f   Thumb Code    24  cmsis_os.o(i.osKernelSysTick)
    osMessageCreate                          0x08008b77   Thumb Code    38  cmsis_os.o(i.osMessageCreate)
    osMessageGet                             0x08008b9d   Thumb Code   144  cmsis_os.o(i.osMessageGet)
    osMessagePut                             0x08008c31   Thumb Code    86  cmsis_os.o(i.osMessagePut)
    osSemaphoreCreate                        0x08008c8d   Thumb Code    62  cmsis_os.o(i.osSemaphoreCreate)
    osSemaphoreDelete                        0x08008ccb   Thumb Code    24  cmsis_os.o(i.osSemaphoreDelete)
    osSemaphoreRelease                       0x08008ce5   Thumb Code    74  cmsis_os.o(i.osSemaphoreRelease)
    osSemaphoreWait                          0x08008d35   Thumb Code    96  cmsis_os.o(i.osSemaphoreWait)
    osThreadCreate                           0x08008d99   Thumb Code    84  cmsis_os.o(i.osThreadCreate)
    pcTaskGetName                            0x08008ded   Thumb Code    28  tasks.o(i.pcTaskGetName)
    pvPortMalloc                             0x080094d5   Thumb Code   210  heap_4.o(i.pvPortMalloc)
    pvTaskIncrementMutexHeldCount            0x080095ad   Thumb Code    18  tasks.o(i.pvTaskIncrementMutexHeldCount)
    pxPortInitialiseStack                    0x080095c5   Thumb Code    40  port.o(i.pxPortInitialiseStack)
    sd_card_init                             0x08009665   Thumb Code    60  sd_card_opr.o(i.sd_card_init)
    sd_card_write                            0x08009765   Thumb Code   256  sd_card_process.o(i.sd_card_write)
    updata_task_memory                       0x080099ed   Thumb Code    42  osmonit.o(i.updata_task_memory)
    uxListRemove                             0x08009a1d   Thumb Code    38  list.o(i.uxListRemove)
    uxTaskGetNumberOfTasks                   0x08009a45   Thumb Code     6  tasks.o(i.uxTaskGetNumberOfTasks)
    uxTaskGetStackHighWaterMark              0x08009a51   Thumb Code    12  tasks.o(i.uxTaskGetStackHighWaterMark)
    uxTaskGetSystemState                     0x08009a61   Thumb Code   164  tasks.o(i.uxTaskGetSystemState)
    uxTaskResetEventItemValue                0x08009b11   Thumb Code    20  tasks.o(i.uxTaskResetEventItemValue)
    vApplicationGetIdleTaskMemory            0x08009b29   Thumb Code    18  freertos.o(i.vApplicationGetIdleTaskMemory)
    vListInitialise                          0x08009b41   Thumb Code    22  list.o(i.vListInitialise)
    vListInitialiseItem                      0x08009b57   Thumb Code     6  list.o(i.vListInitialiseItem)
    vListInsert                              0x08009b5d   Thumb Code    48  list.o(i.vListInsert)
    vListInsertEnd                           0x08009b8d   Thumb Code    24  list.o(i.vListInsertEnd)
    vPortEnterCritical                       0x08009ba5   Thumb Code    54  port.o(i.vPortEnterCritical)
    vPortExitCritical                        0x08009be5   Thumb Code    34  port.o(i.vPortExitCritical)
    vPortFree                                0x08009c0d   Thumb Code    88  heap_4.o(i.vPortFree)
    vPortSetupTimerInterrupt                 0x08009c69   Thumb Code    32  port.o(i.vPortSetupTimerInterrupt)
    vPortValidateInterruptPriority           0x08009c8d   Thumb Code    74  port.o(i.vPortValidateInterruptPriority)
    vQueueDelete                             0x08009ce1   Thumb Code    46  queue.o(i.vQueueDelete)
    vQueueUnregisterQueue                    0x08009d11   Thumb Code    36  queue.o(i.vQueueUnregisterQueue)
    vTaskDelay                               0x08009d39   Thumb Code    66  tasks.o(i.vTaskDelay)
    vTaskGetInfo                             0x08009d85   Thumb Code   114  tasks.o(i.vTaskGetInfo)
    vTaskGetRunTimeStats                     0x08009dfd   Thumb Code   134  tasks.o(i.vTaskGetRunTimeStats)
    vTaskInternalSetTimeOutState             0x08009ea1   Thumb Code    12  tasks.o(i.vTaskInternalSetTimeOutState)
    vTaskMissedYield                         0x08009eb1   Thumb Code     8  tasks.o(i.vTaskMissedYield)
    vTaskPlaceOnEventList                    0x08009ebd   Thumb Code    44  tasks.o(i.vTaskPlaceOnEventList)
    vTaskPlaceOnUnorderedEventList           0x08009eed   Thumb Code    76  tasks.o(i.vTaskPlaceOnUnorderedEventList)
    vTaskPriorityDisinheritAfterTimeout      0x08009f3d   Thumb Code   160  tasks.o(i.vTaskPriorityDisinheritAfterTimeout)
    vTaskRemoveFromUnorderedEventList        0x08009fe5   Thumb Code   104  tasks.o(i.vTaskRemoveFromUnorderedEventList)
    vTaskStartScheduler                      0x0800a055   Thumb Code   100  tasks.o(i.vTaskStartScheduler)
    vTaskSuspendAll                          0x0800a0c9   Thumb Code    10  tasks.o(i.vTaskSuspendAll)
    vTaskSwitchContext                       0x0800a0d9   Thumb Code   110  tasks.o(i.vTaskSwitchContext)
    xEventGroupCreate                        0x0800a19d   Thumb Code    28  event_groups.o(i.xEventGroupCreate)
    xEventGroupSetBits                       0x0800a1b9   Thumb Code   140  event_groups.o(i.xEventGroupSetBits)
    xEventGroupWaitBits                      0x0800a245   Thumb Code   260  event_groups.o(i.xEventGroupWaitBits)
    xOSMonitTask                             0x0800a34d   Thumb Code    36  osmonit.o(i.xOSMonitTask)
    xPortGetFreeHeapSize                     0x0800a389   Thumb Code     6  heap_4.o(i.xPortGetFreeHeapSize)
    xPortStartScheduler                      0x0800a395   Thumb Code   222  port.o(i.xPortStartScheduler)
    xQueueCreateMutex                        0x0800a489   Thumb Code    22  queue.o(i.xQueueCreateMutex)
    xQueueGenericCreate                      0x0800a49f   Thumb Code    72  queue.o(i.xQueueGenericCreate)
    xQueueGenericCreateStatic                0x0800a4e7   Thumb Code   102  queue.o(i.xQueueGenericCreateStatic)
    xQueueGenericReset                       0x0800a54d   Thumb Code   132  queue.o(i.xQueueGenericReset)
    xQueueGenericSend                        0x0800a5d5   Thumb Code   374  queue.o(i.xQueueGenericSend)
    xQueueGenericSendFromISR                 0x0800a751   Thumb Code   202  queue.o(i.xQueueGenericSendFromISR)
    xQueueGiveFromISR                        0x0800a81b   Thumb Code   174  queue.o(i.xQueueGiveFromISR)
    xQueueReceive                            0x0800a8c9   Thumb Code   308  queue.o(i.xQueueReceive)
    xQueueReceiveFromISR                     0x0800aa01   Thumb Code   154  queue.o(i.xQueueReceiveFromISR)
    xQueueSemaphoreTake                      0x0800aa9d   Thumb Code   372  queue.o(i.xQueueSemaphoreTake)
    xTaskCheckForTimeOut                     0x0800ac15   Thumb Code   112  tasks.o(i.xTaskCheckForTimeOut)
    xTaskCreate                              0x0800ac89   Thumb Code    90  tasks.o(i.xTaskCreate)
    xTaskCreateStatic                        0x0800ace3   Thumb Code    86  tasks.o(i.xTaskCreateStatic)
    xTaskGetSchedulerState                   0x0800ad39   Thumb Code    22  tasks.o(i.xTaskGetSchedulerState)
    xTaskGetTickCount                        0x0800ad55   Thumb Code     6  tasks.o(i.xTaskGetTickCount)
    xTaskGetTickCountFromISR                 0x0800ad61   Thumb Code    12  tasks.o(i.xTaskGetTickCountFromISR)
    xTaskIncrementTick                       0x0800ad71   Thumb Code   192  tasks.o(i.xTaskIncrementTick)
    xTaskPriorityDisinherit                  0x0800ae39   Thumb Code   144  tasks.o(i.xTaskPriorityDisinherit)
    xTaskPriorityInherit                     0x0800aed1   Thumb Code   138  tasks.o(i.xTaskPriorityInherit)
    xTaskRemoveFromEventList                 0x0800af65   Thumb Code   108  tasks.o(i.xTaskRemoveFromEventList)
    xTaskResumeAll                           0x0800afd9   Thumb Code   182  tasks.o(i.xTaskResumeAll)
    AHBPrescTable                            0x0800b0e8   Data          16  system_stm32f4xx.o(.constdata)
    APBPrescTable                            0x0800b0f8   Data           8  system_stm32f4xx.o(.constdata)
    SD_Driver                                0x0800b1c8   Data          20  sd_diskio.o(.constdata)
    asc2_1206                                0x0800b208   Data        1140  tftlcd_arg.o(.constdata)
    asc2_1608                                0x0800b67c   Data        1520  tftlcd_arg.o(.constdata)
    asc2_2412                                0x0800bc6c   Data        3420  tftlcd_arg.o(.constdata)
    asc2_3216                                0x0800c9c8   Data       12160  tftlcd_arg.o(.constdata)
    Region$$Table$$Base                      0x0800f9dc   Number         0  anon$$obj.o(Region$$Table)
    Region$$Table$$Limit                     0x0800f9fc   Number         0  anon$$obj.o(Region$$Table)
    defaultTaskHandle                        0x20000000   Data           4  main.o(.data)
    g_ptOSMonitTaskHandle                    0x20000008   Data           4  osmonit.o(.data)
    g_apcIgnoreTaskName                      0x2000000c   Data          28  osmonit.o(.data)
    uwTickFreq                               0x20000028   Data           1  stm32f4xx_hal.o(.data)
    uwTickPrio                               0x2000002c   Data           4  stm32f4xx_hal.o(.data)
    uwTick                                   0x20000030   Data           4  stm32f4xx_hal.o(.data)
    SystemCoreClock                          0x20000034   Data           4  system_stm32f4xx.o(.data)
    pxCurrentTCB                             0x20000040   Data           4  tasks.o(.data)
    g_tlog_arg                               0x200000a8   Data           4  log.o(.data)
    lcd_task_handele_tid                     0x200000b8   Data           4  tftlcd_opr.o(.data)
    POINT_COLOR                              0x200000bc   Data           4  tftlcd_arg.o(.data)
    BACK_COLOR                               0x200000c0   Data           4  tftlcd_arg.o(.data)
    sd_card_task_handele_tid                 0x200000c4   Data           4  sd_card_opr.o(.data)
    test1_string                             0x200000c8   Data         100  sd_card_process.o(.data)
    FreeRTOSRunTimeTicks                     0x20000130   Data           8  tim.o(.data)
    __stdout                                 0x20000140   Data           4  stdout.o(.data)
    htim4                                    0x200005c8   Data          64  stm32f4xx_hal_timebase_tim.o(.bss)
    hiwdg                                    0x20000608   Data          12  osmonit.o(.bss)
    g_tOSMonitArg                            0x20000614   Data        2628  osmonit.o(.bss)
    disk                                     0x20001078   Data          12  ff_gen_drv.o(.bss)
    xQueueRegistry                           0x20001084   Data          64  queue.o(.bss)
    g_tsd_file_arg                           0x2001f1b4   Data         572  fatfs.o(.bss)
    lcddev                                   0x2001f3f0   Data          14  tftlcd_arg.o(.bss)
    htim3                                    0x2001f400   Data          64  tim.o(.bss)
    hsd                                      0x2001f440   Data         132  sdio.o(.bss)
    hdma_sdio_rx                             0x2001f4c4   Data          96  sdio.o(.bss)
    hdma_sdio_tx                             0x2001f524   Data          96  sdio.o(.bss)
    huart1                                   0x2001f584   Data          64  usart.o(.bss)
    hsram1                                   0x2001f5c4   Data          80  fmc.o(.bss)
    __initial_sp                             0x2001fa18   Data           0  startup_stm32f429xx.o(STACK)



==============================================================================

Memory Map of the image

  Image Entry point : 0x080001ad

  Load Region LR_IROM1 (Base: 0x08000000, Size: 0x0000fb40, Max: 0x00100000, ABSOLUTE, COMPRESSED[0x0000fa3c])

    Execution Region ER_IROM1 (Exec base: 0x08000000, Load base: 0x08000000, Size: 0x0000f9fc, Max: 0x00100000, ABSOLUTE)

    Exec Addr    Load Addr    Size         Type   Attr      Idx    E Section Name        Object

    0x08000000   0x08000000   0x000001ac   Data   RO            3    RESET               startup_stm32f429xx.o
    0x080001ac   0x080001ac   0x00000000   Code   RO         6911  * .ARM.Collect$$$$00000000  mc_w.l(entry.o)
    0x080001ac   0x080001ac   0x00000004   Code   RO         7199    .ARM.Collect$$$$00000001  mc_w.l(entry2.o)
    0x080001b0   0x080001b0   0x00000004   Code   RO         7202    .ARM.Collect$$$$00000004  mc_w.l(entry5.o)
    0x080001b4   0x080001b4   0x00000000   Code   RO         7204    .ARM.Collect$$$$00000008  mc_w.l(entry7b.o)
    0x080001b4   0x080001b4   0x00000000   Code   RO         7206    .ARM.Collect$$$$0000000A  mc_w.l(entry8b.o)
    0x080001b4   0x080001b4   0x00000008   Code   RO         7207    .ARM.Collect$$$$0000000B  mc_w.l(entry9a.o)
    0x080001bc   0x080001bc   0x00000000   Code   RO         7209    .ARM.Collect$$$$0000000D  mc_w.l(entry10a.o)
    0x080001bc   0x080001bc   0x00000000   Code   RO         7211    .ARM.Collect$$$$0000000F  mc_w.l(entry11a.o)
    0x080001bc   0x080001bc   0x00000004   Code   RO         7200    .ARM.Collect$$$$00002712  mc_w.l(entry2.o)
    0x080001c0   0x080001c0   0x000000be   Code   RO         5911    .emb_text           port.o
    0x0800027e   0x0800027e   0x00000002   PAD
    0x08000280   0x08000280   0x00000024   Code   RO            4    .text               startup_stm32f429xx.o
    0x080002a4   0x080002a4   0x00000062   Code   RO         6914    .text               mc_w.l(uldiv.o)
    0x08000306   0x08000306   0x00000024   Code   RO         6916    .text               mc_w.l(memcpya.o)
    0x0800032a   0x0800032a   0x00000024   Code   RO         6920    .text               mc_w.l(memseta.o)
    0x0800034e   0x0800034e   0x00000018   Code   RO         6922    .text               mc_w.l(strncpy.o)
    0x08000366   0x08000366   0x0000000e   Code   RO         6924    .text               mc_w.l(strlen.o)
    0x08000374   0x08000374   0x00000012   Code   RO         6926    .text               mc_w.l(strcpy.o)
    0x08000386   0x08000386   0x0000001e   Code   RO         6928    .text               mc_w.l(strncmp.o)
    0x080003a4   0x080003a4   0x000000e4   Code   RO         7193    .text               mf_w.l(dmul.o)
    0x08000488   0x08000488   0x0000001a   Code   RO         7195    .text               mf_w.l(dfltui.o)
    0x080004a2   0x080004a2   0x00000032   Code   RO         7197    .text               mf_w.l(dfixui.o)
    0x080004d4   0x080004d4   0x0000001e   Code   RO         7216    .text               mc_w.l(llshl.o)
    0x080004f2   0x080004f2   0x00000020   Code   RO         7218    .text               mc_w.l(llushr.o)
    0x08000512   0x08000512   0x00000000   Code   RO         7220    .text               mc_w.l(iusefp.o)
    0x08000512   0x08000512   0x000000ba   Code   RO         7221    .text               mf_w.l(depilogue.o)
    0x080005cc   0x080005cc   0x00000024   Code   RO         7231    .text               mc_w.l(init.o)
    0x080005f0   0x080005f0   0x00000056   Code   RO         7243    .text               mc_w.l(__dczerorl2.o)
    0x08000646   0x08000646   0x00000002   PAD
    0x08000648   0x08000648   0x0000004c   Code   RO          503    i.AddIgnorTask      osmonit.o
    0x08000694   0x08000694   0x00000002   Code   RO         6083    i.BSP_SD_AbortCallback  bsp_driver_sd.o
    0x08000696   0x08000696   0x00000002   PAD
    0x08000698   0x08000698   0x0000000c   Code   RO         6086    i.BSP_SD_GetCardInfo  bsp_driver_sd.o
    0x080006a4   0x080006a4   0x00000018   Code   RO         6087    i.BSP_SD_GetCardState  bsp_driver_sd.o
    0x080006bc   0x080006bc   0x00000030   Code   RO         6089    i.BSP_SD_Init       bsp_driver_sd.o
    0x080006ec   0x080006ec   0x0000000e   Code   RO         6090    i.BSP_SD_IsDetected  bsp_driver_sd.o
    0x080006fa   0x080006fa   0x00000002   PAD
    0x080006fc   0x080006fc   0x0000001c   Code   RO         6092    i.BSP_SD_ReadBlocks_DMA  bsp_driver_sd.o
    0x08000718   0x08000718   0x00000010   Code   RO         6259    i.BSP_SD_ReadCpltCallback  sd_diskio.o
    0x08000728   0x08000728   0x0000001c   Code   RO         6095    i.BSP_SD_WriteBlocks_DMA  bsp_driver_sd.o
    0x08000744   0x08000744   0x00000010   Code   RO         6260    i.BSP_SD_WriteCpltCallback  sd_diskio.o
    0x08000754   0x08000754   0x00000002   Code   RO          352    i.BusFault_Handler  stm32f4xx_it.o
    0x08000756   0x08000756   0x00000002   PAD
    0x08000758   0x08000758   0x0000003c   Code   RO          504    i.CheckHeapSize     osmonit.o
    0x08000794   0x08000794   0x00000014   Code   RO         6665    i.ConfigTimerForRunTimeStats  tim.o
    0x080007a8   0x080007a8   0x0000000c   Code   RO          353    i.DMA2_Stream3_IRQHandler  stm32f4xx_it.o
    0x080007b4   0x080007b4   0x0000000c   Code   RO          354    i.DMA2_Stream6_IRQHandler  stm32f4xx_it.o
    0x080007c0   0x080007c0   0x00000028   Code   RO         1203    i.DMA_CalcBaseAndBitshift  stm32f4xx_hal_dma.o
    0x080007e8   0x080007e8   0x00000054   Code   RO         1204    i.DMA_CheckFifoParam  stm32f4xx_hal_dma.o
    0x0800083c   0x0800083c   0x00000028   Code   RO         1205    i.DMA_SetConfig     stm32f4xx_hal_dma.o
    0x08000864   0x08000864   0x00000002   Code   RO          355    i.DebugMon_Handler  stm32f4xx_it.o
    0x08000866   0x08000866   0x00000004   Code   RO           13    i.Error_Handler     main.o
    0x0800086a   0x0800086a   0x00000002   PAD
    0x0800086c   0x0800086c   0x00000044   Code   RO          506    i.EventMonit        osmonit.o
    0x080008b0   0x080008b0   0x00000006   Code   RO         4439    i.FATFS_LinkDriver  ff_gen_drv.o
    0x080008b6   0x080008b6   0x00000002   PAD
    0x080008b8   0x080008b8   0x00000040   Code   RO         4440    i.FATFS_LinkDriverEx  ff_gen_drv.o
    0x080008f8   0x080008f8   0x00000040   Code   RO         1914    i.FMC_NORSRAM_Extended_Timing_Init  stm32f4xx_ll_fmc.o
    0x08000938   0x08000938   0x0000006c   Code   RO         1915    i.FMC_NORSRAM_Init  stm32f4xx_ll_fmc.o
    0x080009a4   0x080009a4   0x0000005c   Code   RO         1916    i.FMC_NORSRAM_Timing_Init  stm32f4xx_ll_fmc.o
    0x08000a00   0x08000a00   0x00000078   Code   RO          507    i.GetSystemStat     osmonit.o
    0x08000a78   0x08000a78   0x00000024   Code   RO         1207    i.HAL_DMA_Abort_IT  stm32f4xx_hal_dma.o
    0x08000a9c   0x08000a9c   0x00000004   Code   RO         1209    i.HAL_DMA_GetError  stm32f4xx_hal_dma.o
    0x08000aa0   0x08000aa0   0x000001a0   Code   RO         1211    i.HAL_DMA_IRQHandler  stm32f4xx_hal_dma.o
    0x08000c40   0x08000c40   0x000000d4   Code   RO         1212    i.HAL_DMA_Init      stm32f4xx_hal_dma.o
    0x08000d14   0x08000d14   0x0000006e   Code   RO         1216    i.HAL_DMA_Start_IT  stm32f4xx_hal_dma.o
    0x08000d82   0x08000d82   0x00000002   PAD
    0x08000d84   0x08000d84   0x00000024   Code   RO         1643    i.HAL_Delay         stm32f4xx_hal.o
    0x08000da8   0x08000da8   0x0000008c   Code   RO         6869    i.HAL_FMC_MspInit   fmc.o
    0x08000e34   0x08000e34   0x000001d4   Code   RO         1099    i.HAL_GPIO_Init     stm32f4xx_hal_gpio.o
    0x08001008   0x08001008   0x0000000a   Code   RO         1101    i.HAL_GPIO_ReadPin  stm32f4xx_hal_gpio.o
    0x08001012   0x08001012   0x00000002   PAD
    0x08001014   0x08001014   0x0000000c   Code   RO         1651    i.HAL_GetTick       stm32f4xx_hal.o
    0x08001020   0x08001020   0x0000006c   Code   RO         3625    i.HAL_HalfDuplex_Init  stm32f4xx_hal_uart.o
    0x0800108c   0x0800108c   0x00000052   Code   RO         3949    i.HAL_IWDG_Init     stm32f4xx_hal_iwdg.o
    0x080010de   0x080010de   0x0000000c   Code   RO         3950    i.HAL_IWDG_Refresh  stm32f4xx_hal_iwdg.o
    0x080010ea   0x080010ea   0x00000002   PAD
    0x080010ec   0x080010ec   0x00000010   Code   RO         1657    i.HAL_IncTick       stm32f4xx_hal.o
    0x080010fc   0x080010fc   0x00000034   Code   RO         1658    i.HAL_Init          stm32f4xx_hal.o
    0x08001130   0x08001130   0x00000074   Code   RO          464    i.HAL_InitTick      stm32f4xx_hal_timebase_tim.o
    0x080011a4   0x080011a4   0x00000038   Code   RO          440    i.HAL_MspInit       stm32f4xx_hal_msp.o
    0x080011dc   0x080011dc   0x0000001a   Code   RO         1506    i.HAL_NVIC_EnableIRQ  stm32f4xx_hal_cortex.o
    0x080011f6   0x080011f6   0x00000002   PAD
    0x080011f8   0x080011f8   0x00000040   Code   RO         1512    i.HAL_NVIC_SetPriority  stm32f4xx_hal_cortex.o
    0x08001238   0x08001238   0x00000024   Code   RO         1513    i.HAL_NVIC_SetPriorityGrouping  stm32f4xx_hal_cortex.o
    0x0800125c   0x0800125c   0x00000024   Code   RO         1514    i.HAL_NVIC_SystemReset  stm32f4xx_hal_cortex.o
    0x08001280   0x08001280   0x00000070   Code   RO         1435    i.HAL_PWREx_EnableOverDrive  stm32f4xx_hal_pwr_ex.o
    0x080012f0   0x080012f0   0x00000134   Code   RO          693    i.HAL_RCC_ClockConfig  stm32f4xx_hal_rcc.o
    0x08001424   0x08001424   0x00000040   Code   RO          697    i.HAL_RCC_GetClockConfig  stm32f4xx_hal_rcc.o
    0x08001464   0x08001464   0x00000020   Code   RO          700    i.HAL_RCC_GetPCLK1Freq  stm32f4xx_hal_rcc.o
    0x08001484   0x08001484   0x00000020   Code   RO          701    i.HAL_RCC_GetPCLK2Freq  stm32f4xx_hal_rcc.o
    0x080014a4   0x080014a4   0x00000064   Code   RO          702    i.HAL_RCC_GetSysClockFreq  stm32f4xx_hal_rcc.o
    0x08001508   0x08001508   0x0000035c   Code   RO          705    i.HAL_RCC_OscConfig  stm32f4xx_hal_rcc.o
    0x08001864   0x08001864   0x00000008   Code   RO         6097    i.HAL_SD_AbortCallback  bsp_driver_sd.o
    0x0800186c   0x0800186c   0x000000f4   Code   RO         2473    i.HAL_SD_ConfigWideBusOperation  stm32f4xx_hal_sd.o
    0x08001960   0x08001960   0x00000002   Code   RO         2476    i.HAL_SD_ErrorCallback  stm32f4xx_hal_sd.o
    0x08001962   0x08001962   0x00000002   PAD
    0x08001964   0x08001964   0x00000198   Code   RO         2478    i.HAL_SD_GetCardCSD  stm32f4xx_hal_sd.o
    0x08001afc   0x08001afc   0x00000024   Code   RO         2479    i.HAL_SD_GetCardInfo  stm32f4xx_hal_sd.o
    0x08001b20   0x08001b20   0x0000002c   Code   RO         2480    i.HAL_SD_GetCardState  stm32f4xx_hal_sd.o
    0x08001b4c   0x08001b4c   0x00000208   Code   RO         2484    i.HAL_SD_IRQHandler  stm32f4xx_hal_sd.o
    0x08001d54   0x08001d54   0x00000036   Code   RO         2485    i.HAL_SD_Init       stm32f4xx_hal_sd.o
    0x08001d8a   0x08001d8a   0x00000002   PAD
    0x08001d8c   0x08001d8c   0x00000054   Code   RO         2486    i.HAL_SD_InitCard   stm32f4xx_hal_sd.o
    0x08001de0   0x08001de0   0x00000144   Code   RO         6722    i.HAL_SD_MspInit    sdio.o
    0x08001f24   0x08001f24   0x00000130   Code   RO         2490    i.HAL_SD_ReadBlocks_DMA  stm32f4xx_hal_sd.o
    0x08002054   0x08002054   0x00000008   Code   RO         6098    i.HAL_SD_RxCpltCallback  bsp_driver_sd.o
    0x0800205c   0x0800205c   0x00000008   Code   RO         6099    i.HAL_SD_TxCpltCallback  bsp_driver_sd.o
    0x08002064   0x08002064   0x00000134   Code   RO         2495    i.HAL_SD_WriteBlocks_DMA  stm32f4xx_hal_sd.o
    0x08002198   0x08002198   0x00000056   Code   RO         2090    i.HAL_SRAM_Init     stm32f4xx_hal_sram.o
    0x080021ee   0x080021ee   0x00000004   Code   RO         6871    i.HAL_SRAM_MspInit  fmc.o
    0x080021f2   0x080021f2   0x00000002   Code   RO         3372    i.HAL_TIMEx_BreakCallback  stm32f4xx_hal_tim_ex.o
    0x080021f4   0x080021f4   0x00000002   Code   RO         3373    i.HAL_TIMEx_CommutCallback  stm32f4xx_hal_tim_ex.o
    0x080021f6   0x080021f6   0x00000002   PAD
    0x080021f8   0x080021f8   0x00000090   Code   RO         3390    i.HAL_TIMEx_MasterConfigSynchronization  stm32f4xx_hal_tim_ex.o
    0x08002288   0x08002288   0x00000036   Code   RO         2697    i.HAL_TIM_Base_Init  stm32f4xx_hal_tim.o
    0x080022be   0x080022be   0x00000002   PAD
    0x080022c0   0x080022c0   0x0000003c   Code   RO         6667    i.HAL_TIM_Base_MspInit  tim.o
    0x080022fc   0x080022fc   0x00000022   Code   RO         2702    i.HAL_TIM_Base_Start_IT  stm32f4xx_hal_tim.o
    0x0800231e   0x0800231e   0x000000d6   Code   RO         2706    i.HAL_TIM_ConfigClockSource  stm32f4xx_hal_tim.o
    0x080023f4   0x080023f4   0x00000002   Code   RO         2726    i.HAL_TIM_IC_CaptureCallback  stm32f4xx_hal_tim.o
    0x080023f6   0x080023f6   0x00000166   Code   RO         2740    i.HAL_TIM_IRQHandler  stm32f4xx_hal_tim.o
    0x0800255c   0x0800255c   0x00000002   Code   RO         2743    i.HAL_TIM_OC_DelayElapsedCallback  stm32f4xx_hal_tim.o
    0x0800255e   0x0800255e   0x00000002   Code   RO         2770    i.HAL_TIM_PWM_PulseFinishedCallback  stm32f4xx_hal_tim.o
    0x08002560   0x08002560   0x00000030   Code   RO         6668    i.HAL_TIM_PeriodElapsedCallback  tim.o
    0x08002590   0x08002590   0x00000002   Code   RO         2783    i.HAL_TIM_TriggerCallback  stm32f4xx_hal_tim.o
    0x08002592   0x08002592   0x00000002   PAD
    0x08002594   0x08002594   0x0000006c   Code   RO         6767    i.HAL_UART_MspInit  usart.o
    0x08002600   0x08002600   0x00000002   Code   RO          356    i.HardFault_Handler  stm32f4xx_it.o
    0x08002602   0x08002602   0x00000002   PAD
    0x08002604   0x08002604   0x0000001c   Code   RO          508    i.IWDG_Init         osmonit.o
    0x08002620   0x08002620   0x00000020   Code   RO          510    i.IgnorTaskInit     osmonit.o
    0x08002640   0x08002640   0x0000007c   Code   RO         6052    i.KEY_Init          key.o
    0x080026bc   0x080026bc   0x000000d8   Code   RO         6053    i.KEY_Scan          key.o
    0x08002794   0x08002794   0x00000034   Code   RO         6381    i.LCD_Clear         tftlcd_arg.o
    0x080027c8   0x080027c8   0x000000d8   Code   RO         6385    i.LCD_Display_Dir   tftlcd_arg.o
    0x080028a0   0x080028a0   0x000000e4   Code   RO         6390    i.LCD_Fast_DrawPoint  tftlcd_arg.o
    0x08002984   0x08002984   0x000022d8   Code   RO         6392    i.LCD_Init          tftlcd_arg.o
    0x08004c5c   0x08004c5c   0x00000014   Code   RO         6394    i.LCD_RD_DATA       tftlcd_arg.o
    0x08004c70   0x08004c70   0x00000050   Code   RO         6397    i.LCD_SSD_BackLightSet  tftlcd_arg.o
    0x08004cc0   0x08004cc0   0x000001b8   Code   RO         6398    i.LCD_Scan_Dir      tftlcd_arg.o
    0x08004e78   0x08004e78   0x00000104   Code   RO         6399    i.LCD_SetCursor     tftlcd_arg.o
    0x08004f7c   0x08004f7c   0x00000194   Code   RO         6401    i.LCD_ShowChar      tftlcd_arg.o
    0x08005110   0x08005110   0x00000058   Code   RO         6403    i.LCD_ShowString    tftlcd_arg.o
    0x08005168   0x08005168   0x00000018   Code   RO         6405    i.LCD_WR_DATA       tftlcd_arg.o
    0x08005180   0x08005180   0x00000018   Code   RO         6406    i.LCD_WR_REG        tftlcd_arg.o
    0x08005198   0x08005198   0x00000014   Code   RO         6408    i.LCD_WriteRAM_Prepare  tftlcd_arg.o
    0x080051ac   0x080051ac   0x00000010   Code   RO         6409    i.LCD_WriteReg      tftlcd_arg.o
    0x080051bc   0x080051bc   0x00000014   Code   RO         5991    i.LogGiveMutex      log.o
    0x080051d0   0x080051d0   0x00000018   Code   RO         5992    i.LogTakeMutex      log.o
    0x080051e8   0x080051e8   0x00000080   Code   RO         5993    i.Log_init          log.o
    0x08005268   0x08005268   0x0000003c   Code   RO         6723    i.MX_DMA_Init       sdio.o
    0x080052a4   0x080052a4   0x00000018   Code   RO         6204    i.MX_FATFS_Init     fatfs.o
    0x080052bc   0x080052bc   0x00000068   Code   RO         6872    i.MX_FMC_Init       fmc.o
    0x08005324   0x08005324   0x00000004   Code   RO          282    i.MX_FREERTOS_Init  freertos.o
    0x08005328   0x08005328   0x000000a0   Code   RO           14    i.MX_GPIO_Init      main.o
    0x080053c8   0x080053c8   0x00000020   Code   RO         6724    i.MX_SDIO_SD_Init   sdio.o
    0x080053e8   0x080053e8   0x000000dc   Code   RO         6669    i.MX_TIM3_Init      tim.o
    0x080054c4   0x080054c4   0x00000038   Code   RO         6768    i.MX_USART1_UART_Init  usart.o
    0x080054fc   0x080054fc   0x00000002   Code   RO          357    i.MemManage_Handler  stm32f4xx_it.o
    0x080054fe   0x080054fe   0x00000002   Code   RO          358    i.NMI_Handler       stm32f4xx_it.o
    0x08005500   0x08005500   0x00000020   Code   RO          511    i.OSMonitInit       osmonit.o
    0x08005520   0x08005520   0x0000003c   Code   RO          512    i.OSMonitTask       osmonit.o
    0x0800555c   0x0800555c   0x00000034   Code   RO          514    i.RunCallback       osmonit.o
    0x08005590   0x08005590   0x00000020   Code   RO          515    i.RunFunction       osmonit.o
    0x080055b0   0x080055b0   0x00000024   Code   RO         2206    i.SDIO_ConfigData   stm32f4xx_ll_sdmmc.o
    0x080055d4   0x080055d4   0x00000008   Code   RO         2210    i.SDIO_GetPowerState  stm32f4xx_ll_sdmmc.o
    0x080055dc   0x080055dc   0x00000006   Code   RO         2211    i.SDIO_GetResponse  stm32f4xx_ll_sdmmc.o
    0x080055e2   0x080055e2   0x00000002   PAD
    0x080055e4   0x080055e4   0x0000000c   Code   RO          359    i.SDIO_IRQHandler   stm32f4xx_it.o
    0x080055f0   0x080055f0   0x00000024   Code   RO         2212    i.SDIO_Init         stm32f4xx_ll_sdmmc.o
    0x08005614   0x08005614   0x00000010   Code   RO         2214    i.SDIO_PowerState_ON  stm32f4xx_ll_sdmmc.o
    0x08005624   0x08005624   0x00000006   Code   RO         2215    i.SDIO_ReadFIFO     stm32f4xx_ll_sdmmc.o
    0x0800562a   0x0800562a   0x00000020   Code   RO         2216    i.SDIO_SendCommand  stm32f4xx_ll_sdmmc.o
    0x0800564a   0x0800564a   0x0000000a   Code   RO         2218    i.SDIO_WriteFIFO    stm32f4xx_ll_sdmmc.o
    0x08005654   0x08005654   0x00000032   Code   RO         2219    i.SDMMC_CmdAppCommand  stm32f4xx_ll_sdmmc.o
    0x08005686   0x08005686   0x00000002   PAD
    0x08005688   0x08005688   0x00000034   Code   RO         2220    i.SDMMC_CmdAppOperCommand  stm32f4xx_ll_sdmmc.o
    0x080056bc   0x080056bc   0x00000032   Code   RO         2221    i.SDMMC_CmdBlockLength  stm32f4xx_ll_sdmmc.o
    0x080056ee   0x080056ee   0x00000032   Code   RO         2222    i.SDMMC_CmdBusWidth  stm32f4xx_ll_sdmmc.o
    0x08005720   0x08005720   0x00000050   Code   RO         2226    i.SDMMC_CmdGoIdleState  stm32f4xx_ll_sdmmc.o
    0x08005770   0x08005770   0x00000074   Code   RO         2228    i.SDMMC_CmdOperCond  stm32f4xx_ll_sdmmc.o
    0x080057e4   0x080057e4   0x00000032   Code   RO         2229    i.SDMMC_CmdReadMultiBlock  stm32f4xx_ll_sdmmc.o
    0x08005816   0x08005816   0x00000032   Code   RO         2230    i.SDMMC_CmdReadSingleBlock  stm32f4xx_ll_sdmmc.o
    0x08005848   0x08005848   0x00000032   Code   RO         2233    i.SDMMC_CmdSelDesel  stm32f4xx_ll_sdmmc.o
    0x0800587a   0x0800587a   0x0000002c   Code   RO         2234    i.SDMMC_CmdSendCID  stm32f4xx_ll_sdmmc.o
    0x080058a6   0x080058a6   0x0000002c   Code   RO         2235    i.SDMMC_CmdSendCSD  stm32f4xx_ll_sdmmc.o
    0x080058d2   0x080058d2   0x00000030   Code   RO         2236    i.SDMMC_CmdSendSCR  stm32f4xx_ll_sdmmc.o
    0x08005902   0x08005902   0x00000032   Code   RO         2237    i.SDMMC_CmdSendStatus  stm32f4xx_ll_sdmmc.o
    0x08005934   0x08005934   0x00000030   Code   RO         2238    i.SDMMC_CmdSetRelAdd  stm32f4xx_ll_sdmmc.o
    0x08005964   0x08005964   0x00000034   Code   RO         2240    i.SDMMC_CmdStopTransfer  stm32f4xx_ll_sdmmc.o
    0x08005998   0x08005998   0x00000032   Code   RO         2242    i.SDMMC_CmdWriteMultiBlock  stm32f4xx_ll_sdmmc.o
    0x080059ca   0x080059ca   0x00000032   Code   RO         2243    i.SDMMC_CmdWriteSingleBlock  stm32f4xx_ll_sdmmc.o
    0x080059fc   0x080059fc   0x00000120   Code   RO         2244    i.SDMMC_GetCmdResp1  stm32f4xx_ll_sdmmc.o
    0x08005b1c   0x08005b1c   0x00000050   Code   RO         2245    i.SDMMC_GetCmdResp2  stm32f4xx_ll_sdmmc.o
    0x08005b6c   0x08005b6c   0x00000044   Code   RO         2246    i.SDMMC_GetCmdResp3  stm32f4xx_ll_sdmmc.o
    0x08005bb0   0x08005bb0   0x00000088   Code   RO         2247    i.SDMMC_GetCmdResp6  stm32f4xx_ll_sdmmc.o
    0x08005c38   0x08005c38   0x00000020   Code   RO         6261    i.SD_CheckStatus    sd_diskio.o
    0x08005c58   0x08005c58   0x00000024   Code   RO         6262    i.SD_CheckStatusWithTimeout  sd_diskio.o
    0x08005c7c   0x08005c7c   0x00000064   Code   RO         2497    i.SD_DMAError       stm32f4xx_hal_sd.o
    0x08005ce0   0x08005ce0   0x00000042   Code   RO         2498    i.SD_DMAReceiveCplt  stm32f4xx_hal_sd.o
    0x08005d22   0x08005d22   0x00000044   Code   RO         2499    i.SD_DMARxAbort     stm32f4xx_hal_sd.o
    0x08005d66   0x08005d66   0x0000000e   Code   RO         2500    i.SD_DMATransmitCplt  stm32f4xx_hal_sd.o
    0x08005d74   0x08005d74   0x00000044   Code   RO         2501    i.SD_DMATxAbort     stm32f4xx_hal_sd.o
    0x08005db8   0x08005db8   0x000000d4   Code   RO         2502    i.SD_FindSCR        stm32f4xx_hal_sd.o
    0x08005e8c   0x08005e8c   0x000000ee   Code   RO         2503    i.SD_InitCard       stm32f4xx_hal_sd.o
    0x08005f7a   0x08005f7a   0x00000002   PAD
    0x08005f7c   0x08005f7c   0x000000b4   Code   RO         2504    i.SD_PowerON        stm32f4xx_hal_sd.o
    0x08006030   0x08006030   0x00000054   Code   RO         6263    i.SD_initialize     sd_diskio.o
    0x08006084   0x08006084   0x00000050   Code   RO         6264    i.SD_ioctl          sd_diskio.o
    0x080060d4   0x080060d4   0x00000068   Code   RO         6265    i.SD_read           sd_diskio.o
    0x0800613c   0x0800613c   0x00000004   Code   RO         6266    i.SD_status         sd_diskio.o
    0x08006140   0x08006140   0x00000068   Code   RO         6267    i.SD_write          sd_diskio.o
    0x080061a8   0x080061a8   0x00000014   Code   RO          517    i.SetTaskMonitEvntGrupBits  osmonit.o
    0x080061bc   0x080061bc   0x00000008   Code   RO           15    i.StartDefaultTask  main.o
    0x080061c4   0x080061c4   0x00000024   Code   RO          284    i.StartTask         freertos.o
    0x080061e8   0x080061e8   0x000000a0   Code   RO          518    i.SysMointTaskRegister  osmonit.o
    0x08006288   0x08006288   0x000000a4   Code   RO          519    i.SysRestart        osmonit.o
    0x0800632c   0x0800632c   0x0000002c   Code   RO         5912    i.SysTick_Handler   port.o
    0x08006358   0x08006358   0x000000a0   Code   RO           16    i.SystemClock_Config  main.o
    0x080063f8   0x080063f8   0x0000001c   Code   RO         3980    i.SystemInit        system_stm32f4xx.o
    0x08006414   0x08006414   0x0000000c   Code   RO          360    i.TIM3_IRQHandler   stm32f4xx_it.o
    0x08006420   0x08006420   0x0000000c   Code   RO          361    i.TIM4_IRQHandler   stm32f4xx_it.o
    0x0800642c   0x0800642c   0x000000c8   Code   RO         2785    i.TIM_Base_SetConfig  stm32f4xx_hal_tim.o
    0x080064f4   0x080064f4   0x00000014   Code   RO         2796    i.TIM_ETR_SetConfig  stm32f4xx_hal_tim.o
    0x08006508   0x08006508   0x00000010   Code   RO         2797    i.TIM_ITRx_SetConfig  stm32f4xx_hal_tim.o
    0x08006518   0x08006518   0x00000022   Code   RO         2803    i.TIM_TI1_ConfigInputStage  stm32f4xx_hal_tim.o
    0x0800653a   0x0800653a   0x00000024   Code   RO         2805    i.TIM_TI2_ConfigInputStage  stm32f4xx_hal_tim.o
    0x0800655e   0x0800655e   0x00000002   PAD
    0x08006560   0x08006560   0x00000128   Code   RO         3674    i.UART_SetConfig    stm32f4xx_hal_uart.o
    0x08006688   0x08006688   0x00000002   Code   RO          362    i.UsageFault_Handler  stm32f4xx_it.o
    0x0800668a   0x0800668a   0x00000002   PAD
    0x0800668c   0x0800668c   0x00000020   Code   RO         7139    i.__0printf$8       mc_w.l(printf8.o)
    0x080066ac   0x080066ac   0x00000028   Code   RO         7141    i.__0sprintf$8      mc_w.l(printf8.o)
    0x080066d4   0x080066d4   0x00000020   Code   RO         1519    i.__NVIC_SetPriority  stm32f4xx_hal_cortex.o
    0x080066f4   0x080066f4   0x0000000e   Code   RO         7237    i.__scatterload_copy  mc_w.l(handlers.o)
    0x08006702   0x08006702   0x00000002   Code   RO         7238    i.__scatterload_null  mc_w.l(handlers.o)
    0x08006704   0x08006704   0x0000000e   Code   RO         7239    i.__scatterload_zeroinit  mc_w.l(handlers.o)
    0x08006712   0x08006712   0x00000002   PAD
    0x08006714   0x08006714   0x00000410   Code   RO         7146    i._printf_core      mc_w.l(printf8.o)
    0x08006b24   0x08006b24   0x00000024   Code   RO         7147    i._printf_post_padding  mc_w.l(printf8.o)
    0x08006b48   0x08006b48   0x0000002e   Code   RO         7148    i._printf_pre_padding  mc_w.l(printf8.o)
    0x08006b76   0x08006b76   0x0000000a   Code   RO         7150    i._sputc            mc_w.l(printf8.o)
    0x08006b80   0x08006b80   0x00000070   Code   RO         4075    i.check_fs          ff.o
    0x08006bf0   0x08006bf0   0x00000010   Code   RO         4076    i.chk_chr           ff.o
    0x08006c00   0x08006c00   0x0000005c   Code   RO         4077    i.chk_lock          ff.o
    0x08006c5c   0x08006c5c   0x00000020   Code   RO         4078    i.clear_lock        ff.o
    0x08006c7c   0x08006c7c   0x00000024   Code   RO         4079    i.clmt_clust        ff.o
    0x08006ca0   0x08006ca0   0x00000018   Code   RO         4080    i.clust2sect        ff.o
    0x08006cb8   0x08006cb8   0x00000040   Code   RO          520    i.creat_task_info   osmonit.o
    0x08006cf8   0x08006cf8   0x000000a4   Code   RO         4081    i.create_chain      ff.o
    0x08006d9c   0x08006d9c   0x000000c4   Code   RO         4082    i.create_name       ff.o
    0x08006e60   0x08006e60   0x00000050   Code   RO         6588    i.create_sd_card_task  sd_card_opr.o
    0x08006eb0   0x08006eb0   0x00000048   Code   RO         6341    i.create_tftlcd_task  tftlcd_opr.o
    0x08006ef8   0x08006ef8   0x00000034   Code   RO         4083    i.dec_lock          ff.o
    0x08006f2c   0x08006f2c   0x00000016   Code   RO         6819    i.delay_ms          syscommdef.o
    0x08006f42   0x08006f42   0x0000000c   Code   RO         6820    i.delay_us          syscommdef.o
    0x08006f4e   0x08006f4e   0x00000048   Code   RO         4084    i.dir_alloc         ff.o
    0x08006f96   0x08006f96   0x00000064   Code   RO         4085    i.dir_find          ff.o
    0x08006ffa   0x08006ffa   0x00000002   PAD
    0x08006ffc   0x08006ffc   0x000000f4   Code   RO         4086    i.dir_next          ff.o
    0x080070f0   0x080070f0   0x0000003a   Code   RO         4088    i.dir_register      ff.o
    0x0800712a   0x0800712a   0x00000082   Code   RO         4090    i.dir_sdi           ff.o
    0x080071ac   0x080071ac   0x00000028   Code   RO         4017    i.disk_initialize   diskio.o
    0x080071d4   0x080071d4   0x0000001c   Code   RO         4018    i.disk_ioctl        diskio.o
    0x080071f0   0x080071f0   0x0000001c   Code   RO         4019    i.disk_read         diskio.o
    0x0800720c   0x0800720c   0x00000018   Code   RO         4020    i.disk_status       diskio.o
    0x08007224   0x08007224   0x0000001c   Code   RO         4021    i.disk_write        diskio.o
    0x08007240   0x08007240   0x00000074   Code   RO         5087    i.eTaskGetState     tasks.o
    0x080072b4   0x080072b4   0x00000030   Code   RO         4091    i.f_close           ff.o
    0x080072e4   0x080072e4   0x0000022a   Code   RO         4096    i.f_lseek           ff.o
    0x0800750e   0x0800750e   0x00000002   PAD
    0x08007510   0x08007510   0x00000158   Code   RO         4097    i.f_mkdir           ff.o
    0x08007668   0x08007668   0x0000054c   Code   RO         4098    i.f_mkfs            ff.o
    0x08007bb4   0x08007bb4   0x0000007c   Code   RO         4099    i.f_mount           ff.o
    0x08007c30   0x08007c30   0x00000214   Code   RO         4100    i.f_open            ff.o
    0x08007e44   0x08007e44   0x00000044   Code   RO         4109    i.f_stat            ff.o
    0x08007e88   0x08007e88   0x000000a2   Code   RO         4110    i.f_sync            ff.o
    0x08007f2a   0x08007f2a   0x000001b6   Code   RO         4113    i.f_write           ff.o
    0x080080e0   0x080080e0   0x0000001c   Code   RO         4489    i.ff_cre_syncobj    syscall.o
    0x080080fc   0x080080fc   0x0000000a   Code   RO         4490    i.ff_del_syncobj    syscall.o
    0x08008106   0x08008106   0x00000004   Code   RO         4491    i.ff_rel_grant      syscall.o
    0x0800810a   0x0800810a   0x00000014   Code   RO         4492    i.ff_req_grant      syscall.o
    0x0800811e   0x0800811e   0x00000002   PAD
    0x08008120   0x08008120   0x00000260   Code   RO         4114    i.find_volume       ff.o
    0x08008380   0x08008380   0x00000074   Code   RO         4115    i.follow_path       ff.o
    0x080083f4   0x080083f4   0x00000018   Code   RO         6770    i.fputc             usart.o
    0x0800840c   0x0800840c   0x000000be   Code   RO         4116    i.get_fat           ff.o
    0x080084ca   0x080084ca   0x00000004   Code   RO         6206    i.get_fattime       fatfs.o
    0x080084ce   0x080084ce   0x00000062   Code   RO         4117    i.get_fileinfo      ff.o
    0x08008530   0x08008530   0x0000003c   Code   RO         4118    i.get_ldnumber      ff.o
    0x0800856c   0x0800856c   0x00000034   Code   RO          521    i.get_task_run_time_stat  osmonit.o
    0x080085a0   0x080085a0   0x0000000c   Code   RO         5481    i.inHandlerMode     cmsis_os.o
    0x080085ac   0x080085ac   0x00000080   Code   RO         4119    i.inc_lock          ff.o
    0x0800862c   0x0800862c   0x00000044   Code   RO          522    i.isIgnorTask       osmonit.o
    0x08008670   0x08008670   0x00000026   Code   RO         4120    i.ld_clust          ff.o
    0x08008696   0x08008696   0x00000016   Code   RO         4121    i.ld_dword          ff.o
    0x080086ac   0x080086ac   0x0000000a   Code   RO         4122    i.ld_word           ff.o
    0x080086b6   0x080086b6   0x00000014   Code   RO         4123    i.lock_fs           ff.o
    0x080086ca   0x080086ca   0x00000002   PAD
    0x080086cc   0x080086cc   0x0000007c   Code   RO           17    i.main              main.o
    0x08008748   0x08008748   0x0000000c   Code   RO         5483    i.makeFreeRtosPriority  cmsis_os.o
    0x08008754   0x08008754   0x00000012   Code   RO         4124    i.mem_cpy           ff.o
    0x08008766   0x08008766   0x00000002   PAD
    0x08008768   0x08008768   0x0000000e   Code   RO         4125    i.mem_set           ff.o
    0x08008776   0x08008776   0x00000032   Code   RO         4126    i.move_window       ff.o
    0x080087a8   0x080087a8   0x000001d8   Code   RO         6207    i.my_fmount         fatfs.o
    0x08008980   0x08008980   0x000000e0   Code   RO         6208    i.my_mkfs           fatfs.o
    0x08008a60   0x08008a60   0x000000a4   Code   RO          523    i.oSMonitOsDelay    osmonit.o
    0x08008b04   0x08008b04   0x00000020   Code   RO          525    i.oSMonitOuttime    osmonit.o
    0x08008b24   0x08008b24   0x00000010   Code   RO          526    i.oSMonitTimer      osmonit.o
    0x08008b34   0x08008b34   0x0000000e   Code   RO         5485    i.osDelay           cmsis_os.o
    0x08008b42   0x08008b42   0x00000012   Code   RO         5487    i.osKernelRunning   cmsis_os.o
    0x08008b54   0x08008b54   0x0000000a   Code   RO         5488    i.osKernelStart     cmsis_os.o
    0x08008b5e   0x08008b5e   0x00000018   Code   RO         5489    i.osKernelSysTick   cmsis_os.o
    0x08008b76   0x08008b76   0x00000026   Code   RO         5497    i.osMessageCreate   cmsis_os.o
    0x08008b9c   0x08008b9c   0x00000094   Code   RO         5499    i.osMessageGet      cmsis_os.o
    0x08008c30   0x08008c30   0x0000005c   Code   RO         5501    i.osMessagePut      cmsis_os.o
    0x08008c8c   0x08008c8c   0x0000003e   Code   RO         5514    i.osSemaphoreCreate  cmsis_os.o
    0x08008cca   0x08008cca   0x00000018   Code   RO         5515    i.osSemaphoreDelete  cmsis_os.o
    0x08008ce2   0x08008ce2   0x00000002   PAD
    0x08008ce4   0x08008ce4   0x00000050   Code   RO         5517    i.osSemaphoreRelease  cmsis_os.o
    0x08008d34   0x08008d34   0x00000064   Code   RO         5518    i.osSemaphoreWait   cmsis_os.o
    0x08008d98   0x08008d98   0x00000054   Code   RO         5522    i.osThreadCreate    cmsis_os.o
    0x08008dec   0x08008dec   0x00000020   Code   RO         5088    i.pcTaskGetName     tasks.o
    0x08008e0c   0x08008e0c   0x00000070   Code   RO         5089    i.prvAddCurrentTaskToDelayedList  tasks.o
    0x08008e7c   0x08008e7c   0x000000d0   Code   RO         5090    i.prvAddNewTaskToReadyList  tasks.o
    0x08008f4c   0x08008f4c   0x00000026   Code   RO         4690    i.prvCopyDataFromQueue  queue.o
    0x08008f72   0x08008f72   0x0000006c   Code   RO         4691    i.prvCopyDataToQueue  queue.o
    0x08008fde   0x08008fde   0x00000034   Code   RO         5091    i.prvDeleteTCB      tasks.o
    0x08009012   0x08009012   0x00000002   PAD
    0x08009014   0x08009014   0x0000004c   Code   RO         5850    i.prvHeapInit       heap_4.o
    0x08009060   0x08009060   0x00000060   Code   RO         5092    i.prvIdleTask       tasks.o
    0x080090c0   0x080090c0   0x00000016   Code   RO         4692    i.prvInitialiseMutex  queue.o
    0x080090d6   0x080090d6   0x00000002   PAD
    0x080090d8   0x080090d8   0x00000026   Code   RO         4693    i.prvInitialiseNewQueue  queue.o
    0x080090fe   0x080090fe   0x00000002   PAD
    0x08009100   0x08009100   0x000000b2   Code   RO         5093    i.prvInitialiseNewTask  tasks.o
    0x080091b2   0x080091b2   0x00000002   PAD
    0x080091b4   0x080091b4   0x0000004c   Code   RO         5851    i.prvInsertBlockIntoFreeList  heap_4.o
    0x08009200   0x08009200   0x0000001c   Code   RO         4694    i.prvIsQueueEmpty   queue.o
    0x0800921c   0x0800921c   0x00000058   Code   RO         5094    i.prvListTasksWithinSingleList  tasks.o
    0x08009274   0x08009274   0x0000006c   Code   RO         4695    i.prvNotifyQueueSetContainer  queue.o
    0x080092e0   0x080092e0   0x00000020   Code   RO         5095    i.prvResetNextTaskUnblockTime  tasks.o
    0x08009300   0x08009300   0x00000014   Code   RO         5096    i.prvTaskCheckFreeStackSpace  tasks.o
    0x08009314   0x08009314   0x00000028   Code   RO         5913    i.prvTaskExitError  port.o
    0x0800933c   0x0800933c   0x00000014   Code   RO         4543    i.prvTestWaitCondition  event_groups.o
    0x08009350   0x08009350   0x00000078   Code   RO         4696    i.prvUnlockQueue    queue.o
    0x080093c8   0x080093c8   0x00000022   Code   RO         5098    i.prvWriteNameToBuffer  tasks.o
    0x080093ea   0x080093ea   0x000000ea   Code   RO         4127    i.put_fat           ff.o
    0x080094d4   0x080094d4   0x000000d8   Code   RO         5852    i.pvPortMalloc      heap_4.o
    0x080095ac   0x080095ac   0x00000018   Code   RO         5099    i.pvTaskIncrementMutexHeldCount  tasks.o
    0x080095c4   0x080095c4   0x0000002c   Code   RO         5914    i.pxPortInitialiseStack  port.o
    0x080095f0   0x080095f0   0x00000074   Code   RO         4130    i.remove_chain      ff.o
    0x08009664   0x08009664   0x000000c0   Code   RO         6589    i.sd_card_init      sd_card_opr.o
    0x08009724   0x08009724   0x00000040   Code   RO         6590    i.sd_card_task      sd_card_opr.o
    0x08009764   0x08009764   0x00000114   Code   RO         6634    i.sd_card_write     sd_card_process.o
    0x08009878   0x08009878   0x00000028   Code   RO         4131    i.st_clust          ff.o
    0x080098a0   0x080098a0   0x00000010   Code   RO         4132    i.st_dword          ff.o
    0x080098b0   0x080098b0   0x00000008   Code   RO         4133    i.st_word           ff.o
    0x080098b8   0x080098b8   0x00000088   Code   RO         4134    i.sync_fs           ff.o
    0x08009940   0x08009940   0x00000052   Code   RO         4135    i.sync_window       ff.o
    0x08009992   0x08009992   0x00000002   PAD
    0x08009994   0x08009994   0x00000040   Code   RO         6342    i.tftlcd_task       tftlcd_opr.o
    0x080099d4   0x080099d4   0x00000018   Code   RO         4136    i.unlock_fs         ff.o
    0x080099ec   0x080099ec   0x00000030   Code   RO          528    i.updata_task_memory  osmonit.o
    0x08009a1c   0x08009a1c   0x00000026   Code   RO         4650    i.uxListRemove      list.o
    0x08009a42   0x08009a42   0x00000002   PAD
    0x08009a44   0x08009a44   0x0000000c   Code   RO         5101    i.uxTaskGetNumberOfTasks  tasks.o
    0x08009a50   0x08009a50   0x00000010   Code   RO         5102    i.uxTaskGetStackHighWaterMark  tasks.o
    0x08009a60   0x08009a60   0x000000b0   Code   RO         5103    i.uxTaskGetSystemState  tasks.o
    0x08009b10   0x08009b10   0x00000018   Code   RO         5107    i.uxTaskResetEventItemValue  tasks.o
    0x08009b28   0x08009b28   0x00000018   Code   RO          286    i.vApplicationGetIdleTaskMemory  freertos.o
    0x08009b40   0x08009b40   0x00000016   Code   RO         4651    i.vListInitialise   list.o
    0x08009b56   0x08009b56   0x00000006   Code   RO         4652    i.vListInitialiseItem  list.o
    0x08009b5c   0x08009b5c   0x00000030   Code   RO         4653    i.vListInsert       list.o
    0x08009b8c   0x08009b8c   0x00000018   Code   RO         4654    i.vListInsertEnd    list.o
    0x08009ba4   0x08009ba4   0x00000040   Code   RO         5916    i.vPortEnterCritical  port.o
    0x08009be4   0x08009be4   0x00000028   Code   RO         5917    i.vPortExitCritical  port.o
    0x08009c0c   0x08009c0c   0x0000005c   Code   RO         5853    i.vPortFree         heap_4.o
    0x08009c68   0x08009c68   0x00000024   Code   RO         5918    i.vPortSetupTimerInterrupt  port.o
    0x08009c8c   0x08009c8c   0x00000054   Code   RO         5919    i.vPortValidateInterruptPriority  port.o
    0x08009ce0   0x08009ce0   0x0000002e   Code   RO         4703    i.vQueueDelete      queue.o
    0x08009d0e   0x08009d0e   0x00000002   PAD
    0x08009d10   0x08009d10   0x00000028   Code   RO         4705    i.vQueueUnregisterQueue  queue.o
    0x08009d38   0x08009d38   0x0000004c   Code   RO         5108    i.vTaskDelay        tasks.o
    0x08009d84   0x08009d84   0x00000078   Code   RO         5111    i.vTaskGetInfo      tasks.o
    0x08009dfc   0x08009dfc   0x000000a4   Code   RO         5112    i.vTaskGetRunTimeStats  tasks.o
    0x08009ea0   0x08009ea0   0x00000010   Code   RO         5113    i.vTaskInternalSetTimeOutState  tasks.o
    0x08009eb0   0x08009eb0   0x0000000c   Code   RO         5115    i.vTaskMissedYield  tasks.o
    0x08009ebc   0x08009ebc   0x00000030   Code   RO         5117    i.vTaskPlaceOnEventList  tasks.o
    0x08009eec   0x08009eec   0x00000050   Code   RO         5118    i.vTaskPlaceOnUnorderedEventList  tasks.o
    0x08009f3c   0x08009f3c   0x000000a8   Code   RO         5119    i.vTaskPriorityDisinheritAfterTimeout  tasks.o
    0x08009fe4   0x08009fe4   0x00000070   Code   RO         5121    i.vTaskRemoveFromUnorderedEventList  tasks.o
    0x0800a054   0x0800a054   0x00000074   Code   RO         5125    i.vTaskStartScheduler  tasks.o
    0x0800a0c8   0x0800a0c8   0x00000010   Code   RO         5127    i.vTaskSuspendAll   tasks.o
    0x0800a0d8   0x0800a0d8   0x0000007c   Code   RO         5128    i.vTaskSwitchContext  tasks.o
    0x0800a154   0x0800a154   0x00000048   Code   RO         4137    i.validate          ff.o
    0x0800a19c   0x0800a19c   0x0000001c   Code   RO         4550    i.xEventGroupCreate  event_groups.o
    0x0800a1b8   0x0800a1b8   0x0000008c   Code   RO         4553    i.xEventGroupSetBits  event_groups.o
    0x0800a244   0x0800a244   0x00000108   Code   RO         4555    i.xEventGroupWaitBits  event_groups.o
    0x0800a34c   0x0800a34c   0x0000003c   Code   RO          529    i.xOSMonitTask      osmonit.o
    0x0800a388   0x0800a388   0x0000000c   Code   RO         5855    i.xPortGetFreeHeapSize  heap_4.o
    0x0800a394   0x0800a394   0x000000f4   Code   RO         5920    i.xPortStartScheduler  port.o
    0x0800a488   0x0800a488   0x00000016   Code   RO         4707    i.xQueueCreateMutex  queue.o
    0x0800a49e   0x0800a49e   0x00000048   Code   RO         4710    i.xQueueGenericCreate  queue.o
    0x0800a4e6   0x0800a4e6   0x00000066   Code   RO         4711    i.xQueueGenericCreateStatic  queue.o
    0x0800a54c   0x0800a54c   0x00000088   Code   RO         4712    i.xQueueGenericReset  queue.o
    0x0800a5d4   0x0800a5d4   0x0000017c   Code   RO         4713    i.xQueueGenericSend  queue.o
    0x0800a750   0x0800a750   0x000000ca   Code   RO         4714    i.xQueueGenericSendFromISR  queue.o
    0x0800a81a   0x0800a81a   0x000000ae   Code   RO         4715    i.xQueueGiveFromISR  queue.o
    0x0800a8c8   0x0800a8c8   0x00000138   Code   RO         4720    i.xQueueReceive     queue.o
    0x0800aa00   0x0800aa00   0x0000009a   Code   RO         4721    i.xQueueReceiveFromISR  queue.o
    0x0800aa9a   0x0800aa9a   0x00000002   PAD
    0x0800aa9c   0x0800aa9c   0x00000178   Code   RO         4725    i.xQueueSemaphoreTake  queue.o
    0x0800ac14   0x0800ac14   0x00000074   Code   RO         5130    i.xTaskCheckForTimeOut  tasks.o
    0x0800ac88   0x0800ac88   0x0000005a   Code   RO         5131    i.xTaskCreate       tasks.o
    0x0800ace2   0x0800ace2   0x00000056   Code   RO         5132    i.xTaskCreateStatic  tasks.o
    0x0800ad38   0x0800ad38   0x0000001c   Code   RO         5136    i.xTaskGetSchedulerState  tasks.o
    0x0800ad54   0x0800ad54   0x0000000c   Code   RO         5137    i.xTaskGetTickCount  tasks.o
    0x0800ad60   0x0800ad60   0x00000010   Code   RO         5138    i.xTaskGetTickCountFromISR  tasks.o
    0x0800ad70   0x0800ad70   0x000000c8   Code   RO         5139    i.xTaskIncrementTick  tasks.o
    0x0800ae38   0x0800ae38   0x00000098   Code   RO         5142    i.xTaskPriorityDisinherit  tasks.o
    0x0800aed0   0x0800aed0   0x00000094   Code   RO         5143    i.xTaskPriorityInherit  tasks.o
    0x0800af64   0x0800af64   0x00000074   Code   RO         5144    i.xTaskRemoveFromEventList  tasks.o
    0x0800afd8   0x0800afd8   0x000000c4   Code   RO         5145    i.xTaskResumeAll    tasks.o
    0x0800b09c   0x0800b09c   0x0000001c   Data   RO           18    .constdata          main.o
    0x0800b0b8   0x0800b0b8   0x00000028   Data   RO          531    .constdata          osmonit.o
    0x0800b0e0   0x0800b0e0   0x00000008   Data   RO         1218    .constdata          stm32f4xx_hal_dma.o
    0x0800b0e8   0x0800b0e8   0x00000010   Data   RO         3981    .constdata          system_stm32f4xx.o
    0x0800b0f8   0x0800b0f8   0x00000008   Data   RO         3982    .constdata          system_stm32f4xx.o
    0x0800b100   0x0800b100   0x000000ac   Data   RO         4139    .constdata          ff.o
    0x0800b1ac   0x0800b1ac   0x00000009   Data   RO         5994    .constdata          log.o
    0x0800b1b5   0x0800b1b5   0x00000012   Data   RO         6210    .constdata          fatfs.o
    0x0800b1c7   0x0800b1c7   0x00000001   PAD
    0x0800b1c8   0x0800b1c8   0x00000014   Data   RO         6268    .constdata          sd_diskio.o
    0x0800b1dc   0x0800b1dc   0x00000010   Data   RO         6269    .constdata          sd_diskio.o
    0x0800b1ec   0x0800b1ec   0x0000001c   Data   RO         6343    .constdata          tftlcd_opr.o
    0x0800b208   0x0800b208   0x0000474d   Data   RO         6412    .constdata          tftlcd_arg.o
    0x0800f955   0x0800f955   0x00000003   PAD
    0x0800f958   0x0800f958   0x0000002c   Data   RO         6591    .constdata          sd_card_opr.o
    0x0800f984   0x0800f984   0x0000000d   Data   RO         6671    .constdata          tim.o
    0x0800f991   0x0800f991   0x00000003   PAD
    0x0800f994   0x0800f994   0x0000000c   Data   RO           19    .conststring        main.o
    0x0800f9a0   0x0800f9a0   0x00000030   Data   RO          532    .conststring        osmonit.o
    0x0800f9d0   0x0800f9d0   0x00000004   Data   RO         6344    .conststring        tftlcd_opr.o
    0x0800f9d4   0x0800f9d4   0x00000008   Data   RO         6592    .conststring        sd_card_opr.o
    0x0800f9dc   0x0800f9dc   0x00000020   Data   RO         7235    Region$$Table       anon$$obj.o


    Execution Region RW_IRAM2 (Exec base: 0x10000000, Load base: 0x0800fa3c, Size: 0x00000000, Max: 0x00010000, ABSOLUTE)

    **** No section assigned to this execution region ****


    Execution Region RW_IRAM1 (Exec base: 0x20000000, Load base: 0x0800f9fc, Size: 0x0001fa18, Max: 0x00030000, ABSOLUTE, COMPRESSED[0x00000040])

    Exec Addr    Load Addr    Size         Type   Attr      Idx    E Section Name        Object

    0x20000000   COMPRESSED   0x00000004   Data   RW           20    .data               main.o
    0x20000004   COMPRESSED   0x00000024   Data   RW          533    .data               osmonit.o
    0x20000028   COMPRESSED   0x0000000c   Data   RW         1665    .data               stm32f4xx_hal.o
    0x20000034   COMPRESSED   0x00000004   Data   RW         3983    .data               system_stm32f4xx.o
    0x20000038   COMPRESSED   0x00000008   Data   RW         4140    .data               ff.o
    0x20000040   COMPRESSED   0x00000044   Data   RW         5149    .data               tasks.o
    0x20000084   COMPRESSED   0x00000018   Data   RW         5858    .data               heap_4.o
    0x2000009c   COMPRESSED   0x0000000c   Data   RW         5921    .data               port.o
    0x200000a8   COMPRESSED   0x00000004   Data   RW         5995    .data               log.o
    0x200000ac   COMPRESSED   0x00000001   Data   RW         6054    .data               key.o
    0x200000ad   COMPRESSED   0x00000003   PAD
    0x200000b0   COMPRESSED   0x00000008   Data   RW         6270    .data               sd_diskio.o
    0x200000b8   COMPRESSED   0x00000004   Data   RW         6346    .data               tftlcd_opr.o
    0x200000bc   COMPRESSED   0x00000008   Data   RW         6413    .data               tftlcd_arg.o
    0x200000c4   COMPRESSED   0x00000004   Data   RW         6593    .data               sd_card_opr.o
    0x200000c8   COMPRESSED   0x00000064   Data   RW         6635    .data               sd_card_process.o
    0x2000012c   COMPRESSED   0x00000004   PAD
    0x20000130   COMPRESSED   0x00000008   Data   RW         6672    .data               tim.o
    0x20000138   COMPRESSED   0x00000008   Data   RW         6874    .data               fmc.o
    0x20000140   COMPRESSED   0x00000004   Data   RW         7213    .data               mc_w.l(stdout.o)
    0x20000144        -       0x00000484   Zero   RW          288    .bss                freertos.o
    0x200005c8        -       0x00000040   Zero   RW          467    .bss                stm32f4xx_hal_timebase_tim.o
    0x20000608        -       0x00000a50   Zero   RW          530    .bss                osmonit.o
    0x20001058        -       0x00000020   Zero   RW         4138    .bss                ff.o
    0x20001078        -       0x0000000c   Zero   RW         4443    .bss                ff_gen_drv.o
    0x20001084        -       0x00000040   Zero   RW         4726    .bss                queue.o
    0x200010c4        -       0x000000f0   Zero   RW         5147    .bss                tasks.o
    0x200011b4        -       0x0001e000   Zero   RW         5857    .bss                heap_4.o
    0x2001f1b4        -       0x0000023c   Zero   RW         6209    .bss                fatfs.o
    0x2001f3f0        -       0x0000000e   Zero   RW         6411    .bss                tftlcd_arg.o
    0x2001f3fe   COMPRESSED   0x00000002   PAD
    0x2001f400        -       0x00000040   Zero   RW         6670    .bss                tim.o
    0x2001f440        -       0x00000144   Zero   RW         6725    .bss                sdio.o
    0x2001f584        -       0x00000040   Zero   RW         6771    .bss                usart.o
    0x2001f5c4        -       0x00000050   Zero   RW         6873    .bss                fmc.o
    0x2001f614   COMPRESSED   0x00000004   PAD
    0x2001f618        -       0x00000400   Zero   RW            1    STACK               startup_stm32f429xx.o


==============================================================================

Image component sizes


      Code (inc. data)   RO Data    RW Data    ZI Data      Debug   Object Name

       180         22          0          0          0       6162   bsp_driver_sd.o
       718         20          0          0          0      35816   cmsis_os.o
       148         22          0          0          0       5977   diskio.o
       452          4          0          0          0      24627   event_groups.o
       724        442         18          0        572       5457   fatfs.o
      7054        158        172          8         32      45523   ff.o
        70          6          0          0         12       1627   ff_gen_drv.o
       248         32          0          8         80       2314   fmc.o
        64         22          0          0       1156       6887   freertos.o
       472         30          0         24     122880       7894   heap_4.o
       340         32          0          1          0       1726   key.o
       138          0          0          0          0       3530   list.o
       172         98          9          4          0      16740   log.o
       456         42         40          4          0     829843   main.o
      1408        252         88         36       2640      20608   osmonit.o
       786         82          0         12          0      11921   port.o
      2478         22          0          0         64      25379   queue.o
       336        196         52          4          0       4780   sd_card_opr.o
       276         20          0        100          0       1336   sd_card_process.o
       476         40         36          8          0       6817   sd_diskio.o
       416         36          0          0        324       2469   sdio.o
        36          8        428          0       1024        836   startup_stm32f429xx.o
       116         18          0         12          0       8858   stm32f4xx_hal.o
       194         24          0          0          0      33757   stm32f4xx_hal_cortex.o
       942         16          8          0          0       7033   stm32f4xx_hal_dma.o
       478         54          0          0          0       2411   stm32f4xx_hal_gpio.o
        94          0          0          0          0       1751   stm32f4xx_hal_iwdg.o
        56          4          0          0          0        866   stm32f4xx_hal_msp.o
       112         14          0          0          0       1284   stm32f4xx_hal_pwr_ex.o
      1396         86          0          0          0       5877   stm32f4xx_hal_rcc.o
      2950         70          0          0          0      16539   stm32f4xx_hal_sd.o
        86          0          0          0          0       1212   stm32f4xx_hal_sram.o
       974         44          0          0          0      10001   stm32f4xx_hal_tim.o
       148         28          0          0          0       2449   stm32f4xx_hal_tim_ex.o
       116         16          0          0         64       1419   stm32f4xx_hal_timebase_tim.o
       404         10          0          0          0       2062   stm32f4xx_hal_uart.o
        72         30          0          0          0       5119   stm32f4xx_it.o
       264         14          0          0          0       2752   stm32f4xx_ll_fmc.o
      1656         46          0          0          0      22995   stm32f4xx_ll_sdmmc.o
         0          0          0          0          0        384   stream_buffer.o
        62          0          0          0          0       3360   syscall.o
        34          0          0          0          0       1338   syscommdef.o
        28          6         24          4          0       1155   system_stm32f4xx.o
      3432        270          0         68        240      39907   tasks.o
     10792        256      18253          8         14      17811   tftlcd_arg.o
       136         60         32          4          0       1850   tftlcd_opr.o
       348        102         13          8         64       3060   tim.o
       188         26          0          0         64       2346   usart.o

    ----------------------------------------------------------------------
     42596       2780      19212        320     129236    1265865   Object Totals
         0          0         32          0          0          0   (incl. Generated)
        70          0          7          7          6          0   (incl. Padding)

    ----------------------------------------------------------------------

      Code (inc. data)   RO Data    RW Data    ZI Data      Debug   Library Member Name

        86          0          0          0          0          0   __dczerorl2.o
         0          0          0          0          0          0   entry.o
         0          0          0          0          0          0   entry10a.o
         0          0          0          0          0          0   entry11a.o
         8          4          0          0          0          0   entry2.o
         4          0          0          0          0          0   entry5.o
         0          0          0          0          0          0   entry7b.o
         0          0          0          0          0          0   entry8b.o
         8          4          0          0          0          0   entry9a.o
        30          0          0          0          0          0   handlers.o
        36          8          0          0          0         68   init.o
         0          0          0          0          0          0   iusefp.o
        30          0          0          0          0         68   llshl.o
        32          0          0          0          0         68   llushr.o
        36          0          0          0          0         68   memcpya.o
        36          0          0          0          0        108   memseta.o
      1204         60          0          0          0        504   printf8.o
         0          0          0          4          0          0   stdout.o
        18          0          0          0          0         68   strcpy.o
        14          0          0          0          0         68   strlen.o
        30          0          0          0          0         80   strncmp.o
        24          0          0          0          0         76   strncpy.o
        98          0          0          0          0         92   uldiv.o
       186          0          0          0          0        176   depilogue.o
        50          0          0          0          0         76   dfixui.o
        26          0          0          0          0         76   dfltui.o
       228          0          0          0          0         96   dmul.o

    ----------------------------------------------------------------------
      2188         76          0          4          0       1692   Library Totals
         4          0          0          0          0          0   (incl. Padding)

    ----------------------------------------------------------------------

      Code (inc. data)   RO Data    RW Data    ZI Data      Debug   Library Name

      1694         76          0          4          0       1268   mc_w.l
       490          0          0          0          0        424   mf_w.l

    ----------------------------------------------------------------------
      2188         76          0          4          0       1692   Library Totals

    ----------------------------------------------------------------------

==============================================================================


      Code (inc. data)   RO Data    RW Data    ZI Data      Debug   

     44784       2856      19212        324     129236    1232457   Grand Totals
     44784       2856      19212         64     129236    1232457   ELF Image Totals (compressed)
     44784       2856      19212         64          0          0   ROM Totals

==============================================================================

    Total RO  Size (Code + RO Data)                63996 (  62.50kB)
    Total RW  Size (RW Data + ZI Data)            129560 ( 126.52kB)
    Total ROM Size (Code + RO Data + RW Data)      64060 (  62.56kB)

==============================================================================

