<html>
<body>
<pre>
<h1>µVision Build Log</h1>
<h2>Tool Versions:</h2>
IDE-Version: ¦ÌVision V5.26.2.0
Copyright (C) 2018 ARM Ltd and ARM Germany GmbH. All rights reserved.
License Information: 11 11, 111, LIC=9WSKC-7QHN9-CXSU6-DKSJT-HKEDN-NYBA8
 
Tool Versions:
Toolchain:       MDK-ARM Plus  Version: 5.26.2.0
Toolchain Path:  E:\keil5\ARM\ARMCC\Bin
C Compiler:      Armcc.exe V5.06 update 6 (build 750)
Assembler:       Armasm.exe V5.06 update 6 (build 750)
Linker/Locator:  ArmLink.exe V5.06 update 6 (build 750)
Library Manager: ArmAr.exe V5.06 update 6 (build 750)
Hex Converter:   FromElf.exe V5.06 update 6 (build 750)
CPU DLL:         SARMCM3.DLL V5.26.2.0
Dialog DLL:      DCM.DLL V1.17.2.0
Target DLL:      STLink\ST-LINKIII-KEIL_SWO.dll V3.0.5.0
Dialog DLL:      TCM.DLL V1.36.1.0
 
<h2>Project:</h2>
H:\work test\STM32_F4_CODE\FATFS_SD\MDK-ARM\FATFS_SD.uvprojx
Project File Date:  09/25/2021

<h2>Output:</h2>
*** Using Compiler 'V5.06 update 6 (build 750)', folder: 'E:\keil5\ARM\ARMCC\Bin'
Rebuild target 'FATFS_SD'
assembling startup_stm32f429xx.s...
compiling stm32f4xx_hal_msp.c...
compiling stm32f4xx_it.c...
compiling main.c...
..\Src\middle\fatfs\fatfs.h(34): warning:  #1295-D: Deprecated declaration my_fmount - give arg types
  FRESULT  my_fmount();
..\Src\tools\log.h(14): warning:  #1295-D: Deprecated declaration Log_init - give arg types
  void Log_init();
../Core/Src/main.c(109): warning:  #223-D: function "LCD_Init" declared implicitly
    LCD_Init();
../Core/Src/main.c(110): warning:  #223-D: function "LCD_ShowString" declared implicitly
    LCD_ShowString(10,40,240,32,32,"Apollo STM32F4"); 
../Core/Src/main.c(122): warning:  #223-D: function "MX_FREERTOS_Init" declared implicitly
    MX_FREERTOS_Init();
../Core/Src/main.c: 5 warnings, 0 errors
compiling stm32f4xx_hal_timebase_tim.c...
compiling stm32f4xx_hal_rcc.c...
compiling freertos.c...
..\Src\tools\log.h(14): warning:  #1295-D: Deprecated declaration Log_init - give arg types
  void Log_init();
../Core/Src/freertos.c(130): warning:  #550-D: variable "u32Val"  was set but never used
  	UBaseType_t u32Val = 0;
../Core/Src/freertos.c: 2 warnings, 0 errors
compiling osmonit.c...
..\Src\tools\log.h(14): warning:  #1295-D: Deprecated declaration Log_init - give arg types
  void Log_init();
..\Middlewares\Third_Party\FreeRTOS\Source\osmonit.c(556): warning:  #29-D: expected an expression
  #elif
..\Middlewares\Third_Party\FreeRTOS\Source\osmonit.c: 2 warnings, 0 errors
compiling stm32f4xx_hal_rcc_ex.c...
compiling stm32f4xx_hal_flash.c...
compiling stm32f4xx_hal_flash_ramfunc.c...
compiling stm32f4xx_hal_dma.c...
compiling stm32f4xx_hal_gpio.c...
compiling stm32f4xx_hal_dma_ex.c...
compiling stm32f4xx_hal_flash_ex.c...
compiling stm32f4xx_hal_pwr_ex.c...
compiling stm32f4xx_hal_pwr.c...
compiling stm32f4xx_hal_cortex.c...
compiling stm32f4xx_hal_sram.c...
compiling stm32f4xx_ll_fmc.c...
compiling stm32f4xx_ll_sdmmc.c...
compiling stm32f4xx_hal.c...
compiling stm32f4xx_hal_exti.c...
compiling stm32f4xx_hal_sd.c...
compiling stm32f4xx_hal_tim.c...
compiling stm32f4xx_hal_tim_ex.c...
compiling stm32f4xx_hal_uart.c...
compiling stm32f4xx_hal_iwdg.c...
compiling system_stm32f4xx.c...
compiling list.c...
compiling event_groups.c...
compiling croutine.c...
compiling queue.c...
compiling stream_buffer.c...
compiling timers.c...
compiling heap_4.c...
compiling diskio.c...
compiling ff_gen_drv.c...
compiling cmsis_os.c...
compiling ff.c...
compiling port.c...
compiling syscall.c...
compiling tasks.c...
..\Src\tools\log.h(14): warning:  #1295-D: Deprecated declaration Log_init - give arg types
  void Log_init();
../Middlewares/Third_Party/FreeRTOS/Source/tasks.c: 1 warning, 0 errors
compiling bsp_driver_sd.c...
compiling log.c...
..\Src\tools\log.h(14): warning:  #1295-D: Deprecated declaration Log_init - give arg types
  void Log_init();
..\Src\tools\log.c: 1 warning, 0 errors
compiling fatfs.c...
..\Src\middle\fatfs\fatfs.h(34): warning:  #1295-D: Deprecated declaration my_fmount - give arg types
  FRESULT  my_fmount();
..\Src\tools\log.h(14): warning:  #1295-D: Deprecated declaration Log_init - give arg types
  void Log_init();
..\Src\middle\fatfs\fatfs.c: 2 warnings, 0 errors
compiling key.c...
..\Src\tools\log.h(14): warning:  #1295-D: Deprecated declaration Log_init - give arg types
  void Log_init();
..\Src\tools\key\key.c: 1 warning, 0 errors
compiling sd_diskio.c...
compiling tftlcd_opr.c...
..\Src\tools\log.h(14): warning:  #1295-D: Deprecated declaration Log_init - give arg types
  void Log_init();
..\Src\module\tftlcd\tftlcd_opr.c(34): warning:  #223-D: function "creat_task_info" declared implicitly
      creat_task_info(lcd_task_handele_tid, "lcd task");
..\Src\module\tftlcd\tftlcd_opr.c: 2 warnings, 0 errors
compiling tftlcd_arg.c...
..\Src\tools\log.h(14): warning:  #1295-D: Deprecated declaration Log_init - give arg types
  void Log_init();
..\Src\module\tftlcd\tftlcd_arg.c: 1 warning, 0 errors
compiling sd_card_opr.c...
..\Src\tools\log.h(14): warning:  #1295-D: Deprecated declaration Log_init - give arg types
  void Log_init();
..\Src\middle\fatfs\fatfs.h(34): warning:  #1295-D: Deprecated declaration my_fmount - give arg types
  FRESULT  my_fmount();
..\Src\module\sd_card\sd_card_opr.c(16): warning:  #223-D: function "sd_card_write" declared implicitly
  	sd_card_write();
..\Src\module\sd_card\sd_card_opr.c(39): warning:  #940-D: missing return statement at end of non-void function "sd_card_init" 
  }
..\Src\module\sd_card\sd_card_opr.c(47): warning:  #223-D: function "creat_task_info" declared implicitly
      creat_task_info(sd_card_task_handele_tid, "sd_card task");
..\Src\module\sd_card\sd_card_opr.c(48): warning:  #1-D: last line of file ends without a newline
  }
..\Src\module\sd_card\sd_card_opr.c: 6 warnings, 0 errors
compiling sd_card_process.c...
..\Src\module\sd_card\sd_card_process.h(6): warning:  #1-D: last line of file ends without a newline
  #endif
..\Src\middle\fatfs\fatfs.h(34): warning:  #1295-D: Deprecated declaration my_fmount - give arg types
  FRESULT  my_fmount();
..\Src\module\sd_card\sd_card_process.c(28): warning:  #223-D: function "strlen" declared implicitly
  		res = f_write(&file, test1_string , strlen(test1_string), &bw);
..\Src\module\sd_card\sd_card_process.c(44): warning:  #1-D: last line of file ends without a newline
  }
..\Src\module\sd_card\sd_card_process.c(19): warning:  #177-D: variable "finfo"  was declared but never referenced
      FILINFO finfo;
..\Src\module\sd_card\sd_card_process.c: 5 warnings, 0 errors
compiling sdio.c...
..\Src\tools\log.h(14): warning:  #1295-D: Deprecated declaration Log_init - give arg types
  void Log_init();
..\Src\drv\sdio\sdio.c(116): warning:  #223-D: function "Error_Handler" declared implicitly
        Error_Handler();
..\Src\drv\sdio\sdio.c(137): warning:  #223-D: function "Error_Handler" declared implicitly
        Error_Handler();
..\Src\drv\sdio\sdio.c: 3 warnings, 0 errors
compiling tim.c...
..\Src\tools\log.h(14): warning:  #1295-D: Deprecated declaration Log_init - give arg types
  void Log_init();
..\Src\drv\tim\tim.c(8): warning:  #9-D: nested comment is not allowed
  //*/
..\Src\drv\tim\tim.c: 2 warnings, 0 errors
compiling usart.c...
..\Src\tools\log.h(14): warning:  #1295-D: Deprecated declaration Log_init - give arg types
  void Log_init();
..\Src\drv\uart\usart.c(83): warning:  #223-D: function "Error_Handler" declared implicitly
      Error_Handler();
..\Src\drv\uart\usart.c: 2 warnings, 0 errors
compiling SysCommDef.c...
..\Src\tools\log.h(14): warning:  #1295-D: Deprecated declaration Log_init - give arg types
  void Log_init();
..\Src\drv\sys\SysCommDef.c: 1 warning, 0 errors
compiling fmc.c...
..\Src\tools\log.h(14): warning:  #1295-D: Deprecated declaration Log_init - give arg types
  void Log_init();
..\Src\drv\fmc\fmc.c: 1 warning, 0 errors
linking...
Program Size: Code=54192 RO-data=19212 RW-data=444 ZI-data=129236  
FromELF: creating hex file...
"FATFS_SD\FATFS_SD.axf" - 0 Error(s), 37 Warning(s).

<h2>Software Packages used:</h2>

Package Vendor: ARM
                http://www.keil.com/pack/ARM.CMSIS.5.4.0.pack
                ARM.CMSIS.5.4.0
                CMSIS (Cortex Microcontroller Software Interface Standard)
   * Component: CORE Version: 5.1.2

Package Vendor: Keil
                http://www.keil.com/pack/Keil.STM32F4xx_DFP.2.14.0.pack
                Keil.STM32F4xx_DFP.2.14.0
                STMicroelectronics STM32F4 Series Device Support, Drivers and Examples

<h2>Collection of Component include folders:</h2>
  .\RTE\_FATFS_SD
  E:\keil5\ARM\PACK\ARM\CMSIS\5.4.0\CMSIS\Core\Include
  E:\keil5\ARM\PACK\Keil\STM32F4xx_DFP\2.14.0\Drivers\CMSIS\Device\ST\STM32F4xx\Include

<h2>Collection of Component Files used:</h2>

   * Component: ARM::CMSIS:CORE:5.1.2
Build Time Elapsed:  00:01:26
</pre>
</body>
</html>
